12-23 21:58:40.077 2711-7302/? I ActivityManager/: cleanUpApplicationRecord pid:9236, r:false, ar:true, fb:true
12-23 21:58:40.077 2711-7302/? E MultiTaskManager/: multitask service is not running because prop is false, so getInstance return null
12-23 21:58:40.087 2711-3592/? I HwPowerManagerService/: appdie release wakelock, pid = 9236, uid = 5514
12-23 21:58:40.112 2711-4402/? I ContentProviderHelper/: Successfully start provider ContentProviderRecord{d12b194 u0 com.android.providers.settings/.hwext.HwSettingsProvider} launchingApp=null caller pid= 9373
12-23 21:58:40.217 2711-4402/? D CompatibilityChangeReporter/: Compat change id reported: 182734110; UID 10056; state: DISABLED
12-23 21:58:40.365 2711-4402/? I ContentProviderHelper/: publishContentProviders app: ProcessRecord{5b077cf 9373:com.android.providers.calendar/u0a13}, providers.size: 9
12-23 21:58:40.408 9373-9373/? I ActivityThread/: finishPreloaded preloadStatus 0
12-23 21:58:40.412 2711-3415/? I DropBoxManagerService/: add tag=system_app_strictmode isTagEnabled=true flags=0x2
12-23 21:58:40.416 2711-3415/? I DropBoxManagerService/: add tag=system_app_strictmode isTagEnabled=true flags=0x2
12-23 21:58:40.423 2711-3415/? I DropBoxManagerService/: add tag=system_app_strictmode isTagEnabled=true flags=0x2
12-23 21:58:40.426 2711-7302/? I PowerMS/ : acquire:L=255758344,F=0x1,T=CalendarReceiver_Provider,N=com.android.providers.calendar,WS=null,U=10013,P=9373
12-23 21:58:40.426 2711-7302/? I PowerManagerService/:  schedul eye detect nextTimeout: 2147585743 now: 133605 mRemainTime: 16000
12-23 21:58:40.474 2711-4974/? I AlarmManager/: remove Alarm{bb5f3a1 type 2 origWhen 144619 whenElapsed 144619 listener 6047daa android android procName system} according to listener: 6047daa by reason: 1
12-23 21:58:40.484 2711-4906/? I ActivityManager_broadcast/: sendBroadcast,caller:ProcessRecord{fe0c4ec 2711:system/1000},act:android.net.wifi.SCAN_RESULTS,rep:false,ord:false,cmp:false,mftNum:0,rgtNum:13
12-23 21:58:40.566 2711-4402/? D CompatibilityChangeReporter/: Compat change id reported: 171306433; UID 10013; state: DISABLED
12-23 21:58:40.566 2711-4402/? I AlarmManager/: set(PendingIntent{330a4b4: PendingIntentRecord{51d28dd com.android.providers.calendar broadcastIntent}}) : type=2 triggerAtTime=138742 win=0 tElapsed=138746 maxElapsed=138746 interval=0 flags=0x21 at=+5000ms uid=10013 count=0
12-23 21:58:40.592 2711-4735/? D PowerManagerService/: userActivityNoUpdateLocked: groupId=0, eventTime=133752, event=2, flags=0x0, uid=1000
12-23 21:58:40.592 2711-4735/? I PowerMS/ : userActivity:eventTime=133752,event=2,flags=0x0,uid=1000
12-23 21:58:40.592 2711-4735/? I PowerManagerService/:  schedul eye detect nextTimeout: 2147610399 now: 133772 mRemainTime: 16000
12-23 21:58:40.644 5778-5778/? W HwApsManager/: HwApsManagerService, registerCallback, start !
12-23 21:58:40.644 2711-7354/? I HwApsManagerConfig/: registerCallbackLocked success, pkgName:com.android.systemui, callback_count:1
12-23 21:58:40.644 2711-7354/? I HwApsManagerConfig/: doCallbackAtFirstRegisterLocked, start ! pkgName:com.android.systemui
12-23 21:58:40.663 2711-7302/? I PowerMS/ : release:L=255758344,F=0x0,T=CalendarReceiver_Provider,N=com.android.providers.calendar,WS=null,U=10013,P=9373
12-23 21:58:40.664 2711-7302/? I PowerManagerService/:  schedul eye detect nextTimeout: 2147610399 now: 133843 mRemainTime: 16000
12-23 21:58:40.664 7310-7310/? W HwApsManager/: HwApsManagerService, registerCallback, start !
12-23 21:58:40.665 2711-7354/? I HwApsManagerConfig/: registerCallbackLocked success, pkgName:com.huawei.android.launcher, callback_count:2
12-23 21:58:40.665 2711-7354/? I HwApsManagerConfig/: doCallbackAtFirstRegisterLocked, start ! pkgName:com.huawei.android.launcher
12-23 21:58:40.701 2711-3414/? D DeviceIdleController/: Adding AppId 10004 to temp whitelist. New entry: false
12-23 21:58:40.708 2711-7302/? D CompatibilityChangeReporter/: Compat change id reported: 168419799; UID 10043; state: DISABLED
12-23 21:58:40.733 2711-7302/? D CompatibilityChangeReporter/: Compat change id reported: 168419799; UID 1000; state: DISABLED
12-23 21:58:40.744 2711-3414/? D DeviceIdleController/: Adding AppId 1000 to temp whitelist. New entry: false
12-23 21:58:40.745 2711-3414/? D DeviceIdleController/: Adding AppId 10043 to temp whitelist. New entry: true
12-23 21:58:40.746 2711-7302/? I AlarmManager/: set(PendingIntent{4ba0b38: PendingIntentRecord{7f20711 com.android.settings startService}}) : type=1 triggerAtTime=1703339920745 win=64800000 tElapsed=133925 maxElapsed=64933925 interval=86400000 flags=0x8 at=+0ms uid=1000 count=21 callingClass=<bottom of call stack>
12-23 21:58:40.747 2711-3414/? D DeviceIdleController/: postTempActiveTimeoutMessage: uid=10043, delay=20000
12-23 21:58:40.747 2711-3414/? D DeviceIdleController/: Setting activity manager temp whitelist to [1000, 1001, 5520, 5525, 10004, 10006, 10011, 10013, 10015, 10020, 10036, 10039, 10043, 10052]
12-23 21:58:40.747 2711-3414/? D DeviceIdleController/: Setting wakelock temp whitelist to [1000, 1001, 5520, 5525, 10004, 10006, 10011, 10013, 10015, 10020, 10036, 10039, 10043, 10052]
12-23 21:58:40.747 2711-3414/? I ActivityManager_broadcast/: sendBroadcast,caller:ProcessRecord{fe0c4ec 2711:system/1000},act:android.os.action.POWER_SAVE_TEMP_WHITELIST_CHANGED,rep:false,ord:false,cmp:false,mftNum:0,rgtNum:1
12-23 21:58:40.747 2711-4400/? D DeviceIdleController/: handleMessage(13)
12-23 21:58:40.762 2711-4402/? I ShortcutService/: updateShortcuts parameter: com.android.settings--0--[]
12-23 21:58:40.762 2711-4402/? I ShortcutService/: begin to scheduleSaveInner for user 0 in 3000 ms
12-23 21:58:40.763 2711-4402/? I ShortcutService/: begin to scheduleSaveInner for user 0 in 3000 ms
12-23 21:58:40.763 2711-4402/? I ShortcutService/: begin to scheduleSaveInner for user 0 in 3000 ms
12-23 21:58:40.805 2711-3414/? D DeviceIdleController/: Adding AppId 1000 to temp whitelist. New entry: false
12-23 21:58:40.843 2711-3414/? D DeviceIdleController/: Adding AppId 1000 to temp whitelist. New entry: false
12-23 21:58:40.847 2711-3414/? D DeviceIdleController/: Adding AppId 1000 to temp whitelist. New entry: false
12-23 21:58:40.851 2711-3414/? D DeviceIdleController/: Adding AppId 1000 to temp whitelist. New entry: false
12-23 21:58:40.853 2711-3414/? D DeviceIdleController/: Adding AppId 1000 to temp whitelist. New entry: false
12-23 21:58:40.854 8598-8598/? W ContextImpl/: Calling a method in the system process without a qualified user: android.app.ContextImpl.startService:1961 android.content.ContextWrapper.startService:774 android.content.ContextWrapper.startService:774 com.android.settings.applications.BlackListReceiver.onReceive:35 android.app.ActivityThread.handleReceiver:5436
12-23 21:58:40.869 2711-3414/? D DeviceIdleController/: Adding AppId 1000 to temp whitelist. New entry: false
12-23 21:58:40.914 2711-3414/? D DeviceIdleController/: Adding AppId 1000 to temp whitelist. New entry: false
12-23 21:58:40.923 8598-8598/? W ContextImpl/: Calling a method in the system process without a qualified user: android.app.ContextImpl.startService:1961 android.content.ContextWrapper.startService:774 android.content.ContextWrapper.startService:774 com.android.settings.wifi.ap.AllowedDevicesNeedMoveReceiver.onReceive:24 android.app.ActivityThread.handleReceiver:5436
12-23 21:58:40.930 2711-7805/? I ActivityManager/: App 10010/com.android.statementservice targets O+, restricted
12-23 21:58:40.931 2711-7805/? V ActivityManager/: startProcess: name=com.android.statementservice app=null knownToBeDead=true thread=null pid=-1 preloadStatus=-1
12-23 21:58:40.932 2711-7805/? I ActivityManager/: new Process app=ProcessRecord{8871f21 0:com.android.statementservice/u0a10}
12-23 21:58:40.934 2711-7805/? D CompatibilityChangeReporter/: Compat change id reported: 135634846; UID 10010; state: DISABLED
12-23 21:58:40.937 2711-7805/? D CompatibilityChangeReporter/: Compat change id reported: 177438394; UID 10010; state: DISABLED
12-23 21:58:40.938 2711-7805/? D CompatibilityChangeReporter/: Compat change id reported: 135772972; UID 10010; state: DISABLED
12-23 21:58:40.938 2711-7805/? D CompatibilityChangeReporter/: Compat change id reported: 135754954; UID 10010; state: DISABLED
12-23 21:58:40.938 2711-3672/? D CompatibilityChangeReporter/: Compat change id reported: 143937733; UID 10010; state: DISABLED
12-23 21:58:40.946 2711-3414/? D DeviceIdleController/: Adding AppId 10010 to temp whitelist. New entry: true
12-23 21:58:40.946 2711-3414/? D DeviceIdleController/: postTempActiveTimeoutMessage: uid=10010, delay=20000
12-23 21:58:40.946 2711-3414/? D DeviceIdleController/: Setting activity manager temp whitelist to [1000, 1001, 5520, 5525, 10004, 10006, 10010, 10011, 10013, 10015, 10020, 10036, 10039, 10043, 10052]
12-23 21:58:40.946 2711-3414/? D DeviceIdleController/: Setting wakelock temp whitelist to [1000, 1001, 5520, 5525, 10004, 10006, 10010, 10011, 10013, 10015, 10020, 10036, 10039, 10043, 10052]
12-23 21:58:40.947 2711-3414/? I ActivityManager_broadcast/: sendBroadcast,caller:ProcessRecord{fe0c4ec 2711:system/1000},act:android.os.action.POWER_SAVE_TEMP_WHITELIST_CHANGED,rep:false,ord:false,cmp:false,mftNum:0,rgtNum:1
12-23 21:58:40.947 2711-4400/? D DeviceIdleController/: handleMessage(13)
12-23 21:58:40.955 2711-3672/? I ActivityManager/: Start proc 9423:com.android.statementservice/u0a10 for broadcast {com.android.statementservice/com.android.statementservice.domain.BootCompletedReceiver}
12-23 21:58:40.956 2711-3672/? E MultiTaskManager/: multitask service is not running because prop is false, so getInstance return null
12-23 21:58:41.076 9423-9423/? I AndroidRuntime/: RuntimeInit: Starting application from zygote
12-23 21:58:41.076 9423-9423/? D AndroidRuntime/: Entered RuntimeInit!
12-23 21:58:41.079 2711-3671/? V ActivityManager/: startProcess: name=com.huawei.hiai app=null knownToBeDead=true thread=null pid=-1 preloadStatus=-1
12-23 21:58:41.079 2711-3671/? I ActivityManager/: new Process app=ProcessRecord{e44311e 0:com.huawei.hiai/5514}
12-23 21:58:41.081 2711-3671/? D CompatibilityChangeReporter/: Compat change id reported: 135634846; UID 5514; state: DISABLED
12-23 21:58:41.082 2711-3671/? D CompatibilityChangeReporter/: Compat change id reported: 177438394; UID 5514; state: DISABLED
12-23 21:58:41.082 2711-3671/? D CompatibilityChangeReporter/: Compat change id reported: 135772972; UID 5514; state: DISABLED
12-23 21:58:41.082 2711-3671/? D CompatibilityChangeReporter/: Compat change id reported: 135754954; UID 5514; state: DISABLED
12-23 21:58:41.084 9423-9423/? I AndroidRuntime/: MethodAndArgsCaller run()
12-23 21:58:41.092 2711-3672/? I ActivityManager/: Start proc 9438:com.huawei.hiai/5514 for service {com.huawei.hiai/com.huawei.hiai.plugin.PluginService}
12-23 21:58:41.092 2711-3672/? E MultiTaskManager/: multitask service is not running because prop is false, so getInstance return null
12-23 21:58:41.095 9423-9423/? D ActivityThread/: Attach thread to application
12-23 21:58:41.097 2711-7805/? I ActivityManager_service/: Binding process pid:9423 to procname:com.android.statementservice providers.size=0
12-23 21:58:41.099 2711-7805/? D CompatibilityChangeReporter/: Compat change id reported: 168419799; UID 10010; state: DISABLED
12-23 21:58:41.102 2711-7805/? I ActivityManager_activity/: Attach thread to application:9423 cost 7
12-23 21:58:41.103 2711-4400/? I AlarmManager/: updateAlarmsForUid uid:10010
12-23 21:58:41.103 2711-4400/? I AlarmManager/: unblockAlarmsForUid uid:10010
12-23 21:58:41.173 9423-9437/? I ActivityThread/: Init compatible state: true
12-23 21:58:41.181 9438-9438/? I AndroidRuntime/: RuntimeInit: Starting application from zygote
12-23 21:58:41.182 9438-9438/? D AndroidRuntime/: Entered RuntimeInit!
12-23 21:58:41.183 9438-9438/? I AndroidRuntime/: MethodAndArgsCaller run()
12-23 21:58:41.264 9438-9438/? D ActivityThread/: Attach thread to application
12-23 21:58:41.268 2711-7396/? I ActivityManager_service/: Binding process pid:9438 to procname:com.huawei.hiai providers.size=14
12-23 21:58:41.268 2711-7396/? D CompatibilityChangeReporter/: Compat change id reported: 168419799; UID 5514; state: DISABLED
12-23 21:58:41.274 2711-7396/? I ActivityManager_activity/: Attach thread to application:9438 cost 7
12-23 21:58:41.301 9438-9454/? I ActivityThread/: Init compatible state: true
12-23 21:58:41.315 9423-9423/? I LoadedApk/: makePaths: outLibPaths=[/system/priv-app/StatementService/lib/x86_64, /system/lib64:/hw_product/lib64:/system/lib64/module/multimedia]
12-23 21:58:41.316 9423-9423/? I LoadedApk/: createSharedLibrariesLoaders::sharedLibraries is [SharedLibraryInfo{name:android.test.base, type:builtin, version:-1}]
12-23 21:58:41.316 9423-9423/? I LoadedApk/: createSharedLibrariesLoaders::sharedLibraries is null
12-23 21:58:41.325 9438-9438/? I LoadedApk/: createSharedLibrariesLoaders::sharedLibraries is null
12-23 21:58:41.339 2711-8988/? W ActivityManager/: Unbind failed: could not find connection for android.app.LoadedApk$ServiceDispatcher$InnerConnection@eec14b8
12-23 21:58:41.402 9438-9438/? D HwLoadedApk/: libSearchPath: /hw_product/region_comm/china/app/HwHiAiEngine/lib/x86_64:/system/lib64:/hw_product/lib64:/system/lib64/module/multimedia
12-23 21:58:41.440 2711-7805/? I ContentProviderHelper/: Successfully start provider ContentProviderRecord{d12b194 u0 com.android.providers.settings/.hwext.HwSettingsProvider} launchingApp=null caller pid= 9438
12-23 21:58:41.464 2711-2711/? I HwAudioService/: Intent.ACTION_BOOT_COMPLETED rigsterForegroundAppTypeWithCallback ForeAppTypeListener
12-23 21:58:41.467 2711-2711/? E HwAudioService/: IAwareSdkService getService is null
12-23 21:58:41.475 9438-9438/? D HwLoadedApk/: libSearchPath: /hw_product/region_comm/china/app/HwHiAiEngine/lib/x86_64:/system/lib64:/hw_product/lib64:/system/lib64/module/multimedia
12-23 21:58:41.480 2711-7805/? I ContentProviderHelper/: Successfully start provider ContentProviderRecord{d12b194 u0 com.android.providers.settings/.hwext.HwSettingsProvider} launchingApp=null caller pid= 9423
12-23 21:58:41.512 9423-9423/? I ActivityThread/: finishPreloaded preloadStatus 0
12-23 21:58:41.529 2711-3414/? D DeviceIdleController/: Adding AppId 10010 to temp whitelist. New entry: false
12-23 21:58:41.531 2711-7805/? D CompatibilityChangeReporter/: Compat change id reported: 171306433; UID 10010; state: DISABLED
12-23 21:58:41.531 2711-7805/? I AlarmManager/: set(PendingIntent{d390e94: PendingIntentRecord{e347d3d com.android.statementservice broadcastIntent}}) : type=0 triggerAtTime=2018699921530 win=0 tElapsed=315360134710 maxElapsed=315360134710 interval=0 flags=0x1 at=+315359999999ms uid=10010 count=0
12-23 21:58:41.532 2711-7805/? I HwAlarmManagerService/: com.huawei.deskclock not found.
12-23 21:58:41.532 2711-7805/? I HwAlarmManagerService/: com.android.deskclock not found.
12-23 21:58:41.532 2711-7805/? I HwAlarmManagerService/: hwSetRtcAlarm start
12-23 21:58:41.532 2711-7805/? I HwAlarmManagerService/: com.huawei.deskclock not found.
12-23 21:58:41.532 2711-7805/? I HwAlarmManagerService/: com.android.deskclock not found.
12-23 21:58:41.562 2711-7805/? I ActivityManager/: App 10053/com.huawei.contacts targets O+, restricted
12-23 21:57:58.002 5778-5778/? I chatty/  : uid=10020(com.android.systemui) expire 112 lines
12-23 21:58:41.569 2711-7805/? D CompatibilityChangeReporter/: Compat change id reported: 168419799; UID 10053; state: DISABLED
12-23 21:57:58.066 2711-2711/? W 00202/HiCoexRecevier: handleWifiDisplayStateChanged state = 0
12-23 21:58:41.578 9438-9438/? D HwLoadedApk/: libSearchPath: /hw_product/region_comm/china/app/HwHiAiEngine/lib/x86_64:/system/lib64:/hw_product/lib64:/system/lib64/module/multimedia
12-23 21:57:58.082 7291-7291/? I 02F10/HwSecurityServer: HwSecurityApplication:----onCreate....-----
12-23 21:58:41.589 9438-9438/? D HwLoadedApk/: libSearchPath: /hw_product/region_comm/china/app/HwHiAiEngine/lib/x86_64:/system/lib64:/hw_product/lib64:/system/lib64/module/multimedia
12-23 21:57:58.083 7291-7291/? I 02F10/HwSecurityServer: HwSecurityApplication:-----start HwSecurityService....-----
12-23 21:58:41.594 9438-9438/? D HwLoadedApk/: libSearchPath: /hw_product/region_comm/china/app/HwHiAiEngine/lib/x86_64:/system/lib64:/hw_product/lib64:/system/lib64/module/multimedia
12-23 21:57:58.093 2711-2711/? W 00202/EnhanceP2pStateMachine: handleWifiBroadcast action=android.net.wifi.WIFI_STATE_CHANGED
12-23 21:58:41.604 2711-5114/? I HwAudioServiceEx/: HwAudioHandlerEx registerDeviceStateSubscriberCb res = -1, retry 5, delay 10000
12-23 21:57:58.094 2711-5390/? W 00202/HiCoexScore: defaultScore:1,(1) scene_wifi_enabled:5,result:5
12-23 21:58:41.604 2711-5114/? I HwAudioServiceEx/: sendMsgEx to HwAudioHandlerEx to registerDeviceStateSubscriberCb delay 10000
12-23 21:57:58.095 2711-5390/? W 00202/HiCoexScore: defaultScore:2,result:2
12-23 21:58:41.610 2711-4400/? I AlarmManager/: updateAlarmsForUid uid:10053
12-23 21:57:58.095 2711-5390/? W 00202/HiCoexArbitration: cellScore is below threshold:2
12-23 21:58:41.611 2711-4400/? I AlarmManager/: unblockAlarmsForUid uid:10053
12-23 21:57:58.096 2711-5390/? W 00202/HiCoexArbitration: setNRCoexPriority:2
12-23 21:58:41.613 2711-2711/? E ActivityThread/: Failed to find provider info for iaware.huawei.com
12-23 21:57:58.096 2711-5390/? W 00202/HwEnhacneNativeUtils: sendCmdToDriver entered
12-23 21:58:41.613 2711-3414/? D DeviceIdleController/: Adding AppId 1000 to temp whitelist. New entry: false
12-23 21:57:58.096 2711-5390/? W 00201/HwNativeUtils-jni: Enter android_net_wifi_sendCmdToDriver.
12-23 21:58:41.613 2711-3414/? D DeviceIdleController/: Adding AppId 10053 to temp whitelist. New entry: true
12-23 21:57:58.096 2711-5390/? W 00201/HwNativeUtils-jni: android_net_wifi_sendCmdToDriver hal service is null.
12-23 21:58:41.613 2711-3414/? D DeviceIdleController/: postTempActiveTimeoutMessage: uid=10053, delay=20000
12-23 21:57:58.096 2711-2711/? W 00202/HiDATA: WifiBroadcastReceiver WIFI_STATE_ENABLED
12-23 21:58:41.613 2711-3414/? D DeviceIdleController/: Setting activity manager temp whitelist to [1000, 1001, 5520, 5525, 10004, 10006, 10010, 10011, 10013, 10015, 10020, 10036, 10039, 10043, 10052, 10053]
12-23 21:57:58.097 2711-2711/? I 00202/hwintelligencewifi: WIFI_STATE_ENABLED
12-23 21:58:41.613 2711-3414/? D DeviceIdleController/: Setting wakelock temp whitelist to [1000, 1001, 5520, 5525, 10004, 10006, 10010, 10011, 10013, 10015, 10020, 10036, 10039, 10043, 10052, 10053]
12-23 21:57:58.098 2711-5471/? W 00202/hwintelligencewifi: MSG_WIFI_ENABLED wifiEnableFlag = 1 mIsAutoOpenSearch =false
12-23 21:58:41.613 2711-3414/? I ActivityManager_broadcast/: sendBroadcast,caller:ProcessRecord{fe0c4ec 2711:system/1000},act:android.os.action.POWER_SAVE_TEMP_WHITELIST_CHANGED,rep:false,ord:false,cmp:false,mftNum:0,rgtNum:1
12-23 21:57:58.098 2711-5471/? W 00202/hwintelligencewifi: EnabledState
12-23 21:58:41.617 2711-4400/? D DeviceIdleController/: handleMessage(13)
12-23 21:57:58.103 2711-2711/? W 00202/EnhanceP2pStateMachine: handleWifiBroadcast action=huawei.wifi.WIFI_MODE_STATE
12-23 21:58:41.635 2711-7396/? I ContentProviderHelper/: publishContentProviders app: ProcessRecord{e44311e 9438:com.huawei.hiai/5514}, providers.size: 14
12-23 21:57:58.129 7291-7291/? I 02F10/HwSecurityServer: HwSecurityService:-----onCreate-----
12-23 21:58:41.661 2711-7396/? I ActivityManager/: power push bindservice callingPkg:android, pkg:com.android.statementservice, callerApp pid:2711, pid:9423
12-23 21:57:58.129 7291-7291/? D 02F10/HwSecurityServer: HwSecurityService:mContext.getFilesDir().../data/user_de/0/com.huawei.securityserver/files
12-23 21:58:41.662 2711-3698/? D ActivityManager/: setPrivilegeType serviceRecord: ServiceRecord{910f756 u0 com.android.statementservice/androidx.work.impl.background.systemjob.SystemJobService}, interfaceDescriptor : android.app.job.IJobService
12-23 21:57:58.129 7291-7291/? I 02F10/HwSecurityServer: HwSecurityService:-----into startResidentServices----
12-23 21:58:41.663 2711-2711/? I PowerMS/ : acquire:L=169456599,F=0x1,T=*job*/com.android.statementservice/androidx.work.impl.background.systemjob.SystemJobService,N=android,WS=WorkSource{10010},U=1000,P=2711
12-23 21:57:58.173 7291-7291/? I 02F10/HwSecurityServer: LocalDataManager:-----into readData-----
12-23 21:58:41.663 2711-2711/? I PowerManagerService/:  schedul eye detect nextTimeout: 2147610399 now: 134842 mRemainTime: 16000
12-23 21:57:58.173 7291-7291/? D 02F10/HwSecurityServer: LocalDataManager:----INPUT ! = NULL-----
12-23 21:58:41.775 7270-9473/? W ContextImpl/: Calling a method in the system process without a qualified user: android.app.ContextImpl.startService:1961 android.content.ContextWrapper.startService:774 com.huawei.searchservice.HwSearchService$1.run:54 oe.run:38 java.util.concurrent.Executors$RunnableAdapter.call:462
12-23 21:57:58.173 7291-7291/? D 02F10/HwSecurityServer: LocalDataManager:other condition
12-23 21:58:41.791 7270-9473/? W ContextImpl/: Calling a method in the system process without a qualified user: android.app.ContextImpl.startService:1961 android.content.ContextWrapper.startService:774 com.huawei.searchservice.HwSearchService$1.run:56 oe.run:38 java.util.concurrent.Executors$RunnableAdapter.call:462
12-23 21:57:58.175 7291-7291/? I chatty/  : uid=5520(vendor_securityserver) com.huawei.securityserver identical 8 lines
12-23 21:58:41.795 2711-7396/? I PowerMS/ : release:L=169456599,F=0x0,T=*job*/com.android.statementservice/androidx.work.impl.background.systemjob.SystemJobService,N=android,WS=WorkSource{10010},U=1000,P=2711
12-23 21:57:58.175 7291-7291/? D 02F10/HwSecurityServer: LocalDataManager:other condition
12-23 21:58:41.796 2711-7396/? I PowerManagerService/:  schedul eye detect nextTimeout: 2147610399 now: 134975 mRemainTime: 16000
12-23 21:57:58.175 7291-7291/? I 02F10/HwSecurityServer: LocalDataManager:-----into readData-----
12-23 21:58:41.807 7270-9473/? W ContextImpl/: Calling a method in the system process without a qualified user: android.app.ContextImpl.startService:1961 android.content.ContextWrapper.startService:774 com.huawei.searchservice.HwSearchService$1.run:58 oe.run:38 java.util.concurrent.Executors$RunnableAdapter.call:462
12-23 21:57:58.176 7291-7291/? D 02F10/HwSecurityServer: LocalDataManager:----INPUT ! = NULL-----
12-23 21:58:41.811 7270-9473/? W ContextImpl/: Calling a method in the system process without a qualified user: android.app.ContextImpl.startService:1961 android.content.ContextWrapper.startService:774 com.huawei.searchservice.HwSearchService$1.run:65 oe.run:38 java.util.concurrent.Executors$RunnableAdapter.call:462
12-23 21:57:58.176 7291-7291/? D 02F10/HwSecurityServer: LocalDataManager:other condition
12-23 21:58:41.868 2711-7354/? I ActivityManager/: Finished processing BOOT_COMPLETED for u0
12-23 21:57:58.176 7291-7291/? D 02F10/HwSecurityServer: LocalDataManager:other condition
12-23 21:58:41.868 2711-7354/? V BroadcastQueue/: Finished with ordered broadcast BroadcastRecord{8bdb086 u0 android.intent.action.BOOT_COMPLETED}
12-23 21:57:58.176 7291-7291/? I 02F10/HwSecurityServer: LocalDataManager:-----into readData-----
12-23 21:58:41.868 2711-7354/? I ActivityManager_broadcast/: dispatch order bd [background] BroadcastRecord{edc7f87 u0 android.intent.action.MEDIA_MOUNTED} eq:5562 rx:5
12-23 21:57:58.214 7291-7291/? D 02F10/HwSecurityServer: LocalDataManager:----INPUT == NULL-----
12-23 21:58:41.873 9438-9482/? E AndroidRuntime/: FATAL EXCEPTION: HandlerThreadUtil
12-23 21:58:41.873 9438-9482/? E AndroidRuntime/: Process: com.huawei.hiai, PID: 9438
12-23 21:58:41.873 9438-9482/? E AndroidRuntime/: java.lang.ArrayIndexOutOfBoundsException: length=0; index=0
12-23 21:58:41.873 9438-9482/? E AndroidRuntime/: 	at com.huawei.hiai.utils.s.p(DeviceUtil.java:5)
12-23 21:58:41.873 9438-9482/? E AndroidRuntime/: 	at com.huawei.hiai.hiaid.hiaic.b.a(AbsSettingsManager.java:5)
12-23 21:58:41.873 9438-9482/? E AndroidRuntime/: 	at com.huawei.hiai.hiaid.hiaic.a.a(AIEngineSettingsManager.java:6)
12-23 21:58:41.873 9438-9482/? E AndroidRuntime/: 	at com.huawei.hiai.hiaid.hiaic.a.g(AIEngineSettingsManager.java:1)
12-23 21:58:41.873 9438-9482/? E AndroidRuntime/: 	at com.huawei.hiai.hiaid.hiaib.hiaic.g.P(BaseReportCoreInstrument.java:2)
12-23 21:58:41.873 9438-9482/? E AndroidRuntime/: 	at com.huawei.hiai.hiaid.hiaib.hiaic.h.f0(HiAnalyticsCoreInstrument.java:1)
12-23 21:58:41.873 9438-9482/? E AndroidRuntime/: 	at com.huawei.hiai.hiaid.hiaib.hiaic.h.g0(Unknown Source:0)
12-23 21:58:41.873 9438-9482/? E AndroidRuntime/: 	at com.huawei.hiai.hiaid.hiaib.hiaic.b.run(Unknown Source:6)
12-23 21:58:41.873 9438-9482/? E AndroidRuntime/: 	at com.huawei.hiai.utils.z.e(HandlerThreadUtil.java:2)
12-23 21:58:41.873 9438-9482/? E AndroidRuntime/: 	at com.huawei.hiai.utils.z.b(HandlerThreadUtil.java:1)
12-23 21:58:41.873 9438-9482/? E AndroidRuntime/: 	at com.huawei.hiai.utils.z$c.handleMessage(HandlerThreadUtil.java:6)
12-23 21:58:41.873 9438-9482/? E AndroidRuntime/: 	at android.os.Handler.dispatchMessage(Handler.java:117)
12-23 21:58:41.873 9438-9482/? E AndroidRuntime/: 	at android.os.Looper.loopOnce(Looper.java:205)
12-23 21:58:41.873 9438-9482/? E AndroidRuntime/: 	at android.os.Looper.loop(Looper.java:293)
12-23 21:58:41.873 9438-9482/? E AndroidRuntime/: 	at android.os.HandlerThread.run(HandlerThread.java:67)
12-23 21:57:58.218 7291-7291/? I 02F10/HwSecurityServer: LocalDataManager:-----into readData-----
12-23 21:58:41.878 2711-7354/? I HwDFRServicesFactory/: getZrHungServicesFactory
12-23 21:57:58.218 7291-7291/? D 02F10/HwSecurityServer: LocalDataManager:----INPUT == NULL-----
12-23 21:58:41.878 2711-7354/? I ZrHungServicesFactoryImpl/: getZRHungService
12-23 21:57:58.224 7291-7291/? I 02F10/HwSecurityServer: LocalDataManager:------getResidentServices()--------
12-23 21:58:41.878 2711-7354/? E ZRHungService/: file not found exception.
12-23 21:57:58.228 7291-7291/? D 02F10/HwSecurityServer: LocalDataManager:per.getPackageName()com.huawei.securityserver
12-23 21:58:41.878 2711-7354/? E ZRHungService/: file not found exception.
12-23 21:57:58.228 7291-7291/? D 02F10/HwSecurityServer: LocalDataManager:per.getServiceName()com.huawei.securityserver.HwFaceRecognizeService
12-23 21:58:41.878 2711-7354/? E ZRHungService/: file not found exception.
12-23 21:57:58.229 7291-7291/? D 02F10/HwSecurityServer: LocalDataManager:per.getPropertyName()ro.config.face_recognition
12-23 21:58:41.878 2711-7354/? E ZRHungService/: file not found exception.
12-23 21:57:58.229 7291-7291/? D 02F10/HwSecurityServer: LocalDataManager:per.getPropertyValue()true
12-23 21:58:41.878 2711-7354/? E ZRHungService/: file not found exception.
12-23 21:57:58.232 7291-7291/? D 02F10/HwSecurityServer: LocalDataManager:per.getPropertyDefaultValue()null
12-23 21:58:41.878 2711-7354/? E ZRHungService/: file not found exception.
12-23 21:57:58.233 7291-7291/? D 02F10/HwSecurityServer: LocalDataManager:map.get(per)null
12-23 21:58:41.878 2711-7354/? E ZRHungService/: file not found exception.
12-23 21:57:58.233 7291-7291/? D 02F10/HwSecurityServer: LocalDataManager:per.getPackageName()com.huawei.securityserver
12-23 21:58:41.879 2711-7354/? E ZRHungService/: file not found exception.
12-23 21:57:58.233 7291-7291/? D 02F10/HwSecurityServer: LocalDataManager:per.getServiceName()com.huawei.securityserver.HwDeviceGroupAuthService
12-23 21:58:41.951 2711-9493/? I DropBoxManagerService/: add tag=system_app_crash isTagEnabled=true flags=0x2
12-23 21:57:58.233 7291-7291/? D 02F10/HwSecurityServer: LocalDataManager:per.getPropertyName()null
12-23 21:58:41.952 2711-9493/? I ActivityManager/: before write dropbox time 1703339921951 eventType is crash dataFile is false
12-23 21:57:58.233 7291-7291/? D 02F10/HwSecurityServer: LocalDataManager:per.getPropertyValue()null
12-23 21:58:41.961 2711-2711/? I ActivityManager/: power push bindservice callingPkg:android, pkg:com.huawei.hiai, callerApp pid:2711, pid:9438
12-23 21:57:58.233 7291-7291/? D 02F10/HwSecurityServer: LocalDataManager:per.getPropertyDefaultValue()null
12-23 21:58:41.964 2711-3414/? I ActivityManager/: get AppResource
12-23 21:57:58.233 7291-7291/? D 02F10/HwSecurityServer: LocalDataManager:map.get(per)null
12-23 21:58:42.015 2711-7805/? D CompatibilityChangeReporter/: Compat change id reported: 168419799; UID 10056; state: DISABLED
12-23 21:57:58.233 7291-7291/? D 02F10/HwSecurityServer: LocalDataManager:per.getPackageName()com.huawei.securityserver
12-23 21:58:42.028 2711-7805/? I ActivityManager_service/: ServiceNeeded not bring down service:ServiceRecord{c5b5fc3 u0 com.huawei.photos/com.huawei.gallery.media.MediaSyncerService}
12-23 21:57:58.233 7291-7291/? D 02F10/HwSecurityServer: LocalDataManager:per.getServiceName()com.huawei.securityserver.hwtrustcirclemanager.TrustCircleManagerService
12-23 21:58:42.038 2711-3698/? D ActivityManager/: setPrivilegeType serviceRecord: ServiceRecord{14d6a53 u0 com.huawei.photos/com.huawei.gallery.backup.RestoreCloneDataService}, interfaceDescriptor : com.huawei.gallery.service.IAsyncService
12-23 21:57:58.234 7291-7291/? D 02F10/HwSecurityServer: LocalDataManager:per.getPropertyName()ro.config.support_tcis
12-23 21:58:42.043 7270-7270/? W ContextImpl/: Calling a method in the system process without a qualified user: android.app.ContextImpl.bindService:2040 android.content.ContextWrapper.bindService:810 com.huawei.hwddmp.client.DeviceManager.bindDevMonitor:546 com.huawei.nb.searchmanager.distribute.c.a:76 com.huawei.nb.searchmanager.service.DistributionSearchService.onCreate:43
12-23 21:57:58.234 7291-7291/? D 02F10/HwSecurityServer: LocalDataManager:per.getPropertyValue()true
12-23 21:58:42.045 2711-7354/? I ActivityManager/: power push bindservice callingPkg:com.huawei.searchservice, pkg:com.huawei.nearby, callerApp pid:7270, pid:7586
12-23 21:57:58.234 7291-7291/? D 02F10/HwSecurityServer: LocalDataManager:per.getPropertyDefaultValue()true
12-23 21:58:42.047 2711-3698/? D ActivityManager/: setPrivilegeType serviceRecord: ServiceRecord{75c488e u0 com.huawei.photos/com.huawei.gallery.media.CalcMd5Service}, interfaceDescriptor : com.huawei.gallery.service.IAsyncService
12-23 21:57:58.234 7291-7291/? D 02F10/HwSecurityServer: LocalDataManager:map.get(per)null
12-23 21:58:42.052 2711-7805/? I ActivityManager_service/: ServiceNeeded not bring down service:ServiceRecord{75c488e u0 com.huawei.photos/com.huawei.gallery.media.CalcMd5Service}
12-23 21:57:58.234 7291-7291/? D 02F10/HwSecurityServer: LocalDataManager:per.getPackageName()com.huawei.securityserver
12-23 21:58:42.064 2711-7396/? I ActivityManager/: appDiedLocked: pid=9438, app=ProcessRecord{e44311e 9438:com.huawei.hiai/5514}, fromBinderDied=true, reason=null
12-23 21:57:58.234 7291-7291/? D 02F10/HwSecurityServer: LocalDataManager:per.getServiceName()com.huawei.securityserver.dpermission.DistributedPermissionManagerService
12-23 21:58:42.065 2711-7396/? I ActivityManager/: Process com.huawei.hiai (pid 9438) has died: fg  IMPF
12-23 21:57:58.234 7291-7291/? D 02F10/HwSecurityServer: LocalDataManager:per.getPropertyName()null
12-23 21:58:42.066 2711-7396/? D ActivityManager/: cleanUpApplicationRecord app: 9438:com.huawei.hiai/5514, bad: false, restarting: false, allowRestart: true
12-23 21:57:58.235 7291-7291/? D 02F10/HwSecurityServer: LocalDataManager:per.getPropertyValue()null
12-23 21:58:42.066 2711-3592/? I HwPowerManagerService/: appdie release wakelock, pid = 9438, uid = 5514
12-23 21:57:58.235 7291-7291/? D 02F10/HwSecurityServer: LocalDataManager:per.getPropertyDefaultValue()null
12-23 21:58:42.067 2711-7396/? W ActivityManager/: Scheduling restart of crashed service com.huawei.hiai/.plugin.PluginService in 1800000ms for connection
12-23 21:57:58.235 7291-7291/? D 02F10/HwSecurityServer: LocalDataManager:map.get(per)null
12-23 21:58:42.068 2711-7396/? W ActivityManager/: Scheduling restart of crashed service com.huawei.hiai/.plugin.silentupdate.jobservice.PluginModelSilentUpdateJobService in 1000ms for connection
12-23 21:57:58.235 7291-7291/? D 02F10/HwSecurityServer: LocalDataManager:per.getPackageName()com.huawei.securityserver
12-23 21:58:42.068 2711-7396/? I ActivityManager/: cleanUpApplicationRecord pid:9438, r:false, ar:true, fb:true
12-23 21:57:58.236 7291-7291/? D 02F10/HwSecurityServer: LocalDataManager:per.getServiceName()com.huawei.securityserver.HwUniKeystoreService
12-23 21:58:42.069 2711-7396/? E MultiTaskManager/: multitask service is not running because prop is false, so getInstance return null
12-23 21:57:58.237 7291-7291/? D 02F10/HwSecurityServer: LocalDataManager:per.getPropertyName()null
12-23 21:58:42.072 2711-3698/? D ActivityManager/: setPrivilegeType serviceRecord: ServiceRecord{b91f0a8 u0 com.huawei.photos/com.huawei.gallery.media.SystemRecycleRecoverService}, interfaceDescriptor : com.huawei.gallery.service.IAsyncService
12-23 21:57:58.237 7291-7291/? D 02F10/HwSecurityServer: LocalDataManager:per.getPropertyValue()null
12-23 21:58:42.076 2711-5114/? W HwAudioServiceEx/: SoundEffectState bundle get reserved is invalid
12-23 21:57:58.237 7291-7291/? D 02F10/HwSecurityServer: LocalDataManager:per.getPropertyDefaultValue()null
12-23 21:58:42.076 2711-5114/? I HwAudioServiceEx/: sendAppKilledIntentForKit, isKitPackageOnPause = false, isKitPackageKill = false, isKitPackageOnResume = false
12-23 21:57:58.237 7291-7291/? D 02F10/HwSecurityServer: LocalDataManager:map.get(per)null
12-23 21:58:42.077 2711-7805/? I ActivityManager/: power push bindservice callingPkg:android, pkg:com.android.providers.media.module, callerApp pid:2711, pid:8801
12-23 21:57:58.241 7291-7291/? D 02F10/HwSecurityServer: LocalDataManager:per.getPackageName()com.huawei.securityserver
12-23 21:58:42.078 2711-5523/? I ActivityManager_service/: ServiceNeeded not bring down service:ServiceRecord{b91f0a8 u0 com.huawei.photos/com.huawei.gallery.media.SystemRecycleRecoverService}
12-23 21:57:58.241 7291-7291/? D 02F10/HwSecurityServer: LocalDataManager:per.getServiceName()com.huawei.securityserver.HwUserIamProxyService
12-23 21:58:42.082 2711-2711/? I PowerMS/ : acquire:L=154415921,F=0x1,T=*job*/com.android.providers.media.module/com.android.providers.media.MediaService,N=android,WS=WorkSource{10043},U=1000,P=2711
12-23 21:57:58.241 7291-7291/? D 02F10/HwSecurityServer: LocalDataManager:per.getPropertyName()null
12-23 21:58:42.082 2711-2711/? I PowerManagerService/:  schedul eye detect nextTimeout: 2147610399 now: 135262 mRemainTime: 16000
12-23 21:57:58.241 7291-7291/? D 02F10/HwSecurityServer: LocalDataManager:per.getPropertyValue()null
12-23 21:58:42.083 2711-3698/? D ActivityManager/: setPrivilegeType serviceRecord: ServiceRecord{576d3d8 u0 com.android.providers.media.module/com.android.providers.media.MediaService}, interfaceDescriptor : android.app.job.IJobService
12-23 21:57:58.241 7291-7291/? D 02F10/HwSecurityServer: LocalDataManager:per.getPropertyDefaultValue()null
12-23 21:58:42.087 2711-8686/? I PowerMS/ : release:L=154415921,F=0x0,T=*job*/com.android.providers.media.module/com.android.providers.media.MediaService,N=android,WS=WorkSource{10043},U=1000,P=2711
12-23 21:57:58.242 7291-7291/? D 02F10/HwSecurityServer: LocalDataManager:map.get(per)null
12-23 21:58:42.088 2711-8686/? I PowerManagerService/:  schedul eye detect nextTimeout: 2147610399 now: 135267 mRemainTime: 16000
12-23 21:57:58.242 7291-7291/? D 02F10/HwSecurityServer: LocalDataManager:per.getPackageName()com.huawei.securityserver
12-23 21:58:42.107 2711-5523/? V BroadcastQueue/: Finished with ordered broadcast BroadcastRecord{edc7f87 u0 android.intent.action.MEDIA_MOUNTED}
12-23 21:57:58.242 7291-7291/? D 02F10/HwSecurityServer: LocalDataManager:per.getServiceName()com.huawei.securityserver.securityguard.HwSecGuardService
12-23 21:58:42.107 2711-5523/? I ActivityManager_broadcast/: dispatch order bd [background] BroadcastRecord{d4e5d0e u0 com.huawei.hiai.awareness.action.alarm.notice0} eq:4825 rx:1
12-23 21:57:58.242 7291-7291/? D 02F10/HwSecurityServer: LocalDataManager:per.getPropertyName()null
12-23 21:58:42.117 2711-8686/? I ActivityManager_service/: ServiceNeeded not bring down service:ServiceRecord{b91f0a8 u0 com.huawei.photos/com.huawei.gallery.media.SystemRecycleRecoverService}
12-23 21:57:58.242 7291-7291/? D 02F10/HwSecurityServer: LocalDataManager:per.getPropertyValue()null
12-23 21:58:42.129 2711-3698/? D ActivityManager/: setPrivilegeType serviceRecord: ServiceRecord{d715584 u0 com.huawei.photos/com.huawei.gallery.media.RecycleClearService}, interfaceDescriptor : com.huawei.gallery.service.IAsyncService
12-23 21:57:58.242 7291-7291/? D 02F10/HwSecurityServer: LocalDataManager:per.getPropertyDefaultValue()null
12-23 21:58:42.129 2711-3698/? D ActivityManager/: setPrivilegeType serviceRecord: ServiceRecord{4668e33 u0 com.huawei.photos/com.huawei.gallery.media.classifymerge.ClassifyDataMergeService}, interfaceDescriptor : com.huawei.gallery.service.IAsyncService
12-23 21:57:58.242 7291-7291/? D 02F10/HwSecurityServer: LocalDataManager:map.get(per)null
12-23 21:58:42.131 2711-7302/? V BroadcastQueue/: Finished with ordered broadcast BroadcastRecord{d4e5d0e u0 com.huawei.hiai.awareness.action.alarm.notice0}
12-23 21:57:58.242 7291-7291/? D 02F10/HwSecurityServer: LocalDataManager:per.getPackageName()com.huawei.securityserver
12-23 21:58:42.131 2711-7302/? I ActivityManager_broadcast/: dispatch order bd [background] BroadcastRecord{d278363 u0 android.intent.action.MEDIA_SCANNER_STARTED} eq:2355 rx:2
12-23 21:57:58.242 7291-7291/? D 02F10/HwSecurityServer: LocalDataManager:per.getServiceName()com.huawei.securityserver.HwVoiceRecognizeService
12-23 21:58:42.132 2711-7302/? W BroadcastQueue/: Permission Denial: broadcasting Intent { act=android.intent.action.MEDIA_SCANNER_STARTED dat=file:///storage/emulated/0 flg=0x10 } from com.android.providers.media.module (pid=8801, uid=10043) to com.android.providers.settings/.HwRingtoneUriAutoCorrector requires android.permission.WRITE_SECURE_SETTINGS
12-23 21:57:58.243 7291-7291/? D 02F10/HwSecurityServer: LocalDataManager:per.getPropertyName()ro.config.voice_recognition
12-23 21:58:42.133 2711-2711/? I PowerManagerService/:  schedul eye detect nextTimeout: 2147610399 now: 135312 mRemainTime: 16000
12-23 21:57:58.243 7291-7291/? D 02F10/HwSecurityServer: LocalDataManager:per.getPropertyValue()1
12-23 21:58:42.137 2711-8686/? V BroadcastQueue/: Finished with ordered broadcast BroadcastRecord{d278363 u0 android.intent.action.MEDIA_SCANNER_STARTED}
12-23 21:57:58.243 7291-7291/? D 02F10/HwSecurityServer: LocalDataManager:per.getPropertyDefaultValue()null
12-23 21:58:42.137 2711-8686/? I ActivityManager_broadcast/: dispatch order bd [background] BroadcastRecord{56d4b60 u0 android.intent.action.MEDIA_SCANNER_FINISHED} eq:2309 rx:2
12-23 21:57:58.243 7291-7291/? D 02F10/HwSecurityServer: LocalDataManager:map.get(per)null
12-23 21:58:42.138 2711-8686/? W BroadcastQueue/: Permission Denial: broadcasting Intent { act=android.intent.action.MEDIA_SCANNER_FINISHED dat=file:///storage/emulated/0 flg=0x10 } from com.android.providers.media.module (pid=8801, uid=10043) to com.android.providers.settings/.HwRingtoneUriAutoCorrector requires android.permission.WRITE_SECURE_SETTINGS
12-23 21:57:58.263 7291-7291/? I 02F10/HwSecurityServer: LocalDataManager:filter HwVoiceRecognizeService in securityService
12-23 21:58:42.150 2711-5523/? I ActivityManager_service/: ServiceNeeded not bring down service:ServiceRecord{4668e33 u0 com.huawei.photos/com.huawei.gallery.media.classifymerge.ClassifyDataMergeService}
12-23 21:57:58.329 7291-7291/? I 02F10/HwSecurityServer: LocalDataManager:bluetooth is state off and no voice in device, register bt broadcast.
12-23 21:58:42.152 2711-3698/? D ActivityManager/: setPrivilegeType serviceRecord: ServiceRecord{106c125 u0 com.huawei.photos/com.huawei.gallery.photoshare.kvdb.PhotoShareKvClearService}, interfaceDescriptor : com.huawei.gallery.service.IAsyncService
12-23 21:57:58.340 7291-7291/? D 02F10/HwSecurityServer: HwSecurityService:-----per.getPackageName()----com.huawei.securityserver
12-23 21:58:42.157 2711-7396/? I ActivityManager/: power push bindservice callingPkg:android, pkg:com.huawei.contacts, callerApp pid:2711, pid:8197
12-23 21:57:58.340 7291-7291/? D 02F10/HwSecurityServer: HwSecurityService:-----per.getServiceName()----com.huawei.securityserver.HwFaceRecognizeService
12-23 21:58:42.157 2711-8686/? I ActivityManager_service/: ServiceNeeded not bring down service:ServiceRecord{106c125 u0 com.huawei.photos/com.huawei.gallery.photoshare.kvdb.PhotoShareKvClearService}
12-23 21:57:58.361 7291-7291/? D 02F10/HwSecurityServer: HwSecurityService:-----per.getPropertyName()----ro.config.face_recognition
12-23 21:58:42.159 2711-8686/? V BroadcastQueue/: Finished with ordered broadcast BroadcastRecord{56d4b60 u0 android.intent.action.MEDIA_SCANNER_FINISHED}
12-23 21:57:58.362 7291-7291/? D 02F10/HwSecurityServer: HwSecurityService:-----per.getPropertyValue()----true
12-23 21:58:42.161 2711-5177/? I HwAmbientLuxFilterAlgo/: t=135095,lx=[0.0/133464, 0.0/133464, 0.0/134264, 0.0/134264, 0.0/134264, 0.0/135095],mLx=0.0,mOffLux=0.0,s=5.0,ss=0.0,Avened=false,mPxs=false,mTPxs=false,mBLux=2.0,mDlux=-1.0,mDt=5000,mBt=1300
12-23 21:57:58.405 7291-7291/? D 02F10/HwSecurityServer: HwSecurityService:-----per.getPackageName()----com.huawei.securityserver
12-23 21:58:42.213 2711-3698/? D ActivityManager/: setPrivilegeType serviceRecord: ServiceRecord{1de04c6 u0 com.huawei.contacts/com.android.contacts.hap.util.RingtoneUpdateService}, interfaceDescriptor : android.app.job.IJobService
12-23 21:57:58.406 7291-7291/? D 02F10/HwSecurityServer: HwSecurityService:-----per.getServiceName()----com.huawei.securityserver.HwDeviceGroupAuthService
12-23 21:58:42.215 2711-2711/? I PowerMS/ : acquire:L=136350855,F=0x1,T=*job*/com.huawei.contacts/com.android.contacts.hap.util.RingtoneUpdateService,N=android,WS=WorkSource{10053},U=1000,P=2711
12-23 21:57:58.406 7291-7291/? D 02F10/HwSecurityServer: HwSecurityService:-----per.getPropertyName()----null
12-23 21:58:42.215 2711-2711/? I PowerManagerService/:  schedul eye detect nextTimeout: 2147610399 now: 135395 mRemainTime: 16000
12-23 21:57:58.406 7291-7291/? D 02F10/HwSecurityServer: HwSecurityService:-----per.getPropertyValue()----null
12-23 21:58:42.220 2711-7302/? I PowerMS/ : release:L=136350855,F=0x0,T=*job*/com.huawei.contacts/com.android.contacts.hap.util.RingtoneUpdateService,N=android,WS=WorkSource{10053},U=1000,P=2711
12-23 21:57:58.517 7291-7291/? D 02F10/HwSecurityServer: HwSecurityService:-----per.getPackageName()----com.huawei.securityserver
12-23 21:58:42.220 2711-7302/? I PowerManagerService/:  schedul eye detect nextTimeout: 2147610399 now: 135399 mRemainTime: 16000
12-23 21:57:58.523 7291-7291/? D 02F10/HwSecurityServer: HwSecurityService:-----per.getServiceName()----com.huawei.securityserver.hwtrustcirclemanager.TrustCircleManagerService
12-23 21:58:42.514 2711-5523/? I PowerManagerService/: releaseWakeLockAsync into.
12-23 21:57:58.524 7291-7291/? D 02F10/HwSecurityServer: HwSecurityService:-----per.getPropertyName()----ro.config.support_tcis
12-23 21:58:42.515 2711-5523/? I PowerMS/ : release:L=262729774,F=0x0,T=AudioMix,N=audioserver,WS=null,U=1041,P=0
12-23 21:57:58.524 7291-7291/? D 02F10/HwSecurityServer: HwSecurityService:-----per.getPropertyValue()----true
12-23 21:58:42.515 2711-5523/? I PowerManagerService/:  schedul eye detect nextTimeout: 2147610399 now: 135694 mRemainTime: 16000
12-23 21:57:58.528 7291-7291/? D 02F10/HwSecurityServer: HwSecurityService:-----per.getPackageName()----com.huawei.securityserver
12-23 21:58:42.526 2711-5523/? I PowerManagerService/: releaseWakeLockAsync into.
12-23 21:57:58.528 7291-7291/? D 02F10/HwSecurityServer: HwSecurityService:-----per.getServiceName()----com.huawei.securityserver.dpermission.DistributedPermissionManagerService
12-23 21:58:42.526 2711-5523/? I PowerMS/ : release:L=5095525,F=0x0,T=AudioMix,N=audioserver,WS=null,U=1041,P=0
12-23 21:57:58.528 7291-7291/? D 02F10/HwSecurityServer: HwSecurityService:-----per.getPropertyName()----null
12-23 21:58:42.527 2711-5523/? W ProcBatteryStats/: timer is not running , not stop, name: audioserver, uid: 1041, tag: AudioMix
12-23 21:57:58.528 7291-7291/? D 02F10/HwSecurityServer: HwSecurityService:-----per.getPropertyValue()----null
12-23 21:58:42.527 2711-5523/? I PowerManagerService/:  schedul eye detect nextTimeout: 2147610399 now: 135706 mRemainTime: 16000
12-23 21:57:58.542 7291-7291/? D 02F10/HwSecurityServer: HwSecurityService:-----per.getPackageName()----com.huawei.securityserver
12-23 21:58:42.595 2711-4912/? W ContextImpl/: Calling a method in the system process without a qualified user: android.app.ContextImpl.bindService:2040 com.huawei.ncdft.HwNcDftConnImpl.bindToService:82 com.huawei.ncdft.HwNcDftConnImpl.reportToDft:111 com.huawei.ncdft.HwNcDftConnManager.reportToDft:58 com.android.server.wifi.HwWifiCHRServiceImpl$NCDFTExceptionHandler.handleMessage:237
12-23 21:57:58.545 7291-7291/? D 02F10/HwSecurityServer: HwSecurityService:-----per.getServiceName()----com.huawei.securityserver.HwUniKeystoreService
12-23 21:58:42.595 2711-4912/? W ActivityManager/: Unable to start service Intent { act=com.huawei.ncdft.INcDft cmp=com.huawei.hiview/com.huawei.ncdft.NcDftService } U=0: not found
12-23 21:57:58.545 7291-7291/? D 02F10/HwSecurityServer: HwSecurityService:-----per.getPropertyName()----null
12-23 21:58:42.611 2711-4912/? W ContextImpl/: Calling a method in the system process without a qualified user: android.app.ContextImpl.bindService:2040 com.huawei.ncdft.HwNcDftConnImpl.bindToService:82 com.huawei.ncdft.HwNcDftConnImpl.reportToDft:111 com.huawei.ncdft.HwNcDftConnManager.reportToDft:58 com.android.server.wifi.HwWifiCHRServiceImpl$NCDFTExceptionHandler.handleMessage:237
12-23 21:57:58.545 7291-7291/? D 02F10/HwSecurityServer: HwSecurityService:-----per.getPropertyValue()----null
12-23 21:58:42.611 2711-4912/? W ActivityManager/: Unable to start service Intent { act=com.huawei.ncdft.INcDft cmp=com.huawei.hiview/com.huawei.ncdft.NcDftService } U=0: not found
12-23 21:57:58.564 7291-7291/? D 02F10/HwSecurityServer: HwSecurityService:-----per.getPackageName()----com.huawei.securityserver
12-23 21:58:42.650 2711-4906/? I ActivityManager_broadcast/: sendBroadcast,caller:ProcessRecord{fe0c4ec 2711:system/1000},act:android.net.wifi.CONFIGURED_NETWORKS_CHANGE,rep:false,ord:false,cmp:false,mftNum:0,rgtNum:2
12-23 21:57:58.565 7291-7291/? D 02F10/HwSecurityServer: HwSecurityService:-----per.getServiceName()----com.huawei.securityserver.HwUserIamProxyService
12-23 21:58:42.659 2711-5523/? I ActivityManager_service/: ServiceNeeded not bring down service:ServiceRecord{c42c07e u0 com.huawei.hiai/.plugin.PluginService}
12-23 21:57:58.565 7291-7291/? D 02F10/HwSecurityServer: HwSecurityService:-----per.getPropertyName()----null
12-23 21:58:42.691 2711-4906/? W ContextImpl/: Calling a method in the system process without a qualified user: android.app.ContextImpl.sendBroadcastMultiplePermissions:1346 android.content.Context.sendBroadcastWithMultiplePermissions:2262 com.android.server.wifi.WifiServiceImpl.broadcastWifiCredentialChanged:5522 com.android.server.wifi.WifiServiceImpl.lambda$connect$104:5590 com.android.server.wifi.WifiServiceImpl.$r8$lambda$GdSr7u9ZhAY1_AWFmiZXQ7x57_U:0
12-23 21:57:58.565 7291-7291/? D 02F10/HwSecurityServer: HwSecurityService:-----per.getPropertyValue()----null
12-23 21:58:42.692 2711-4906/? I ActivityManager_broadcast/: sendBroadcast,caller:ProcessRecord{fe0c4ec 2711:system/1000},act:android.net.wifi.WIFI_CREDENTIAL_CHANGED,rep:false,ord:false,cmp:false,mftNum:0,rgtNum:1
12-23 21:57:58.566 7291-7291/? D 02F10/HwSecurityServer: HwSecurityService:-----per.getPackageName()----com.huawei.securityserver
12-23 21:58:42.698 2711-4906/? I AlarmManager/: set(listener: 2d90b20) : type=2 triggerAtTime=145877 win=7500 tElapsed=145877 maxElapsed=153377 interval=0 flags=0x8 at=+10000ms uid=1000 count=22 callingClass=com.android.server.wifi.WifiConfigStore.startBufferedWriteAlarm:502
12-23 21:57:58.567 7291-7291/? D 02F10/HwSecurityServer: HwSecurityService:-----per.getServiceName()----com.huawei.securityserver.securityguard.HwSecGuardService
12-23 21:58:42.700 2711-4906/? I AlarmManager/: remove Alarm{28dacd9 type 2 origWhen 145877 whenElapsed 145877 listener 2d90b20 android android procName system} according to listener: 2d90b20 by reason: 1
12-23 21:57:58.567 7291-7291/? D 02F10/HwSecurityServer: HwSecurityService:-----per.getPropertyName()----null
12-23 21:58:42.726 2711-3574/? E RemotePrintSpooler/: Error pruning approved print services.
12-23 21:58:42.726 2711-3574/? E RemotePrintSpooler/: java.util.concurrent.TimeoutException: Cannot get spooler!
12-23 21:58:42.726 2711-3574/? E RemotePrintSpooler/: 	at com.android.server.print.RemotePrintSpooler.bindLocked(RemotePrintSpooler.java:634)
12-23 21:58:42.726 2711-3574/? E RemotePrintSpooler/: 	at com.android.server.print.RemotePrintSpooler.getRemoteInstanceLazy(RemotePrintSpooler.java:594)
12-23 21:58:42.726 2711-3574/? E RemotePrintSpooler/: 	at com.android.server.print.RemotePrintSpooler.pruneApprovedPrintServices(RemotePrintSpooler.java:509)
12-23 21:58:42.726 2711-3574/? E RemotePrintSpooler/: 	at com.android.server.print.UserState.prunePrintServices(UserState.java:1045)
12-23 21:58:42.726 2711-3574/? E RemotePrintSpooler/: 	at com.android.server.print.UserState.<init>(UserState.java:179)
12-23 21:58:42.726 2711-3574/? E RemotePrintSpooler/: 	at com.android.server.print.PrintManagerService$PrintManagerImpl.getOrCreateUserStateLocked(PrintManagerService.java:974)
12-23 21:58:42.726 2711-3574/? E RemotePrintSpooler/: 	at com.android.server.print.PrintManagerService$PrintManagerImpl.access$600(PrintManagerService.java:114)
