12-23 21:58:45.203 2711-7396/? I HwDisplayRotationEx/: swingRotationForSensor desireRotation 0 swingRotation 100 sensorRotation -1 lastRotation 0
12-23 21:58:45.203 2711-7396/? I WindowManager_orientation/: Display id=0, rotationForOrientation orientation=-1, lastRotation=0, sensorRotation=0, preferredRotation=0, user=0 notifySensorRotation:-1  mWhenFoldSwitch=false ,IS_ENABLE_LOCK_LANDSCAPE=false, mLockedRotation=-1
12-23 21:58:45.203 2711-7396/? I AwareLog/: AnimationTurboFeature: start window product config sub switch invalid, subSwitch = 0
12-23 21:58:45.204 2711-7396/? I ActivityManager_activity/: Complete resume: ActivityRecord{779af4b u0 com.lkl.harmonystudy/EntryAbility t82}, launchTrack: activityPaused minmalResume
12-23 21:58:45.204 189-189/? E SELinux/ : avc:  denied  { find } for pid=9619 uid=40040004 name=SamgrService scontext=u:r:ohco_containerd:s0 tcontext=u:object_r:samgrservice:s0 tclass=service_manager permissive=1
12-23 21:58:45.204 2711-3425/? I WindowManager_visibility/: DrawState change: Window{852110f u0 Splash Screen com.lkl.harmonystudy} from:DRAW_PENDING to:COMMIT_DRAW_PENDING reason:finishDrawing
12-23 21:58:45.205 704-704/? E selinux_dmd/: avc:  denied  { find } for dsm=hisi_Q pid=9619 uid=40040004 name=SamgrService scontext=u:r:ohco_containerd:s0 tcontext=u:object_r:samgrservice:s0 tclass=service_manager permissive=1 CMD=com.lkl.harmonystudy
12-23 21:58:45.206 2711-3425/? V WindowManager/: PopulateInputWindowHandle: frame=Rect(1174, 108 - 1228, 2700), touchableRegion=SkRegion((0,0,54,2592)), for window=Window{a980fae u0 GestureNavRight}
12-23 21:58:45.206 2711-3425/? V WindowManager/: PopulateInputWindowHandle: frame=Rect(0, 108 - 54, 2700), touchableRegion=SkRegion((0,0,54,2592)), for window=Window{62a080 u0 GestureNavLeft}
12-23 21:58:45.206 2711-3425/? V WindowManager/: PopulateInputWindowHandle: frame=Rect(0, 2570 - 1228, 2700), touchableRegion=SkRegion((0,0,1228,130)), for window=Window{78bfb0f u0 NavigationBar0}
12-23 21:58:45.206 2711-3425/? V WindowManager/: PopulateInputWindowHandle: frame=Rect(0, 0 - 1228, 108), touchableRegion=SkRegion((0,0,1228,108)), for window=Window{5b3b5a0 u0 StatusBar}
12-23 21:58:45.207 2711-3425/? V WindowManager/: PopulateInputWindowHandle: frame=Rect(0, 0 - 1228, 2700), touchableRegion=SkRegion((0,0,1228,2700)), for window=Window{852110f u0 Splash Screen com.lkl.harmonystudy}
12-23 21:58:45.207 2711-3425/? I WindowManager/: Update InputWindowHandle: 852110f Splash Screen com.lkl.harmonystudy, frame=[0,0,1228,2700], touchableRegion=SkRegion((0,0,1228,2700)), visible=true, changed=true isChanged:true
12-23 21:58:45.207 2711-3425/? I WindowManager/: Update InputWindowHandle: 79511ff com.huawei.android.launcher/com.huawei.android.launcher.unihome.UniHomeLauncher, frame=[0,0,1228,2700], touchableRegion=SkRegion(), visible=true, changed=true isChanged:true
12-23 21:58:45.208 2711-3425/? V WindowManager/: PopulateInputWindowHandle: frame=Rect(0, 0 - 2700, 2700), touchableRegion=SkRegion((0,0,2700,2700)), for window=Window{74a5583 u0 com.android.systemui.HwImageWallpaper}
12-23 21:58:45.213 2711-3425/? I WindowManager/: updateDisplayFrame win=Window{74a5583 u0 com.android.systemui.HwImageWallpaper} state=InsetsState: {mDisplayFrame=Rect(0, 0 - 1228, 2700), mDisplayCutout=DisplayCutout{insets=Rect(0, 103 - 0, 0) waterfall=Insets{left=0, top=0, right=0, bottom=0} boundingRect={Bounds=[Rect(0, 0 - 0, 0), Rect(574, 0 - 654, 103), Rect(0, 0 - 0, 0), Rect(0, 0 - 0, 0)]} cutoutPathParserInfo={CutoutPathParserInfo{displayWidth=1228 displayHeight=2700 density={2.75} cutoutSpec={M-40,103l80,0l0,-103l-80,0z} rotation={0} scale={1.0}}}}, mRoundedCorners=RoundedCorners{[RoundedCorner{position=TopLeft, radius=0, center=Point(0, 0)}, RoundedCorner{position=TopRight, radius=0, center=Point(0, 0)}, RoundedCorner{position=BottomRight, radius=0, center=Point(0, 0)}, RoundedCorner{position=BottomLeft, radius=0, center=Point(0, 0)}]}, mPrivacyIndicatorBounds=PrivacyIndicatorBounds {static bounds=null rotation=0}, mSources= { InsetsSource: {mType=ITYPE_STATUS_BAR, mFrame=[0,0][1228,108], mVisible=true}, InsetsSource: {mType=ITYPE_NAVIGATION_BAR, mFrame=[0,2570][1228,2700], mVisible=true}, InsetsSource: {mType=ITYPE_LEFT_GESTURES, mFrame=[0,0][0,2700], mVisible=true}, InsetsSource: {mType=ITYPE_RIGHT_GESTURES, mFrame=[1228,0][1228,2700], mVisible=true}, InsetsSource: {mType=ITYPE_TOP_MANDATORY_GESTURES, mFrame=[0,0][1228,108], mVisible=true}, InsetsSource: {mType=ITYPE_BOTTOM_MANDATORY_GESTURES, mFrame=[0,2570][1228,2700], mVisible=true}, InsetsSource: {mType=ITYPE_LEFT_DISPLAY_CUTOUT, mFrame=[0,0][-2147483648,2700], mVisible=true}, InsetsSource: {mType=ITYPE_TOP_DISPLAY_CUTOUT, mFrame=[0,0][1228,103], mVisible=true}, InsetsSource: {mType=ITYPE_RIGHT_DISPLAY_CUTOUT, mFrame=[2147483647,0][1228,2700], mVisible=true}, InsetsSource: {mType=ITYPE_BOTTOM_DISPLAY_CUTOUT, mFrame=[0,2147483647][1228,2700], mVisible=true}, InsetsSource: {mType=ITYPE_TOP_TAPPABLE_ELEMENT, mFrame=[0,0][1228,108], mVisible=true}, InsetsSource: {mType=ITYPE_BOTTOM_TAPPABLE_ELEMENT, mFrame=[0,2570][1228,2700], mVisible=true}, InsetsSource: {mType=ITYPE_IME, mFrame=[0,0][0,0], mVisible=false} } getBounds()=Rect(0, 0 - 1228, 2700) df=Rect(-10000, -10000 - 10000, 10000)
12-23 21:58:45.219 2711-3425/? I WindowManager_visibility/: DrawState change: Window{852110f u0 Splash Screen com.lkl.harmonystudy} from:COMMIT_DRAW_PENDING to:READY_TO_SHOW reason:commitFinishDrawing
12-23 21:58:45.219 2711-3425/? I WindowManager/: commitFinishDrawingLocked activity = ActivityRecord{779af4b u0 com.lkl.harmonystudy/EntryAbility t82}, canShowWindows = false, allDrawn = false, isAnimating = false
12-23 21:58:45.219 2711-3425/? I ActivityTaskManager/: taskAppearedReady mTaskOrganizer: android.window.ITaskOrganizer$Stub$Proxy@9d881femDeferTaskAppear: falsemCreatedByOrganizer: falsemSurfaceControl: Surface(name=Task=82)/@0x13aad28hasbeenVis: truetask: Task{bae1a41 #82 type=standard A=10129:null.EntryAbility U=0 visible=true mode=fullscreen translucent=false sz=1}
12-23 21:58:45.220 2711-3425/? I WindowManager/: performshow Window{852110f u0 Splash Screen com.lkl.harmonystudy} tok.waitingToShow=true isTransitionSet=true isRecentAnimatingAndBackingToHome=false parentHidden=false vis=0 tok.isVisible=false hasSurface=true policyVis=true destroying=false animating=true
12-23 21:58:45.222 433-433/? I SurfaceFlinger/: setVsyncEnabled 1
12-23 21:58:45.223 2711-3425/? I TaskOrganizerController/: onTaskAppeared task: 82
12-23 21:58:45.224 2711-3425/? I ActivityTaskManager/: taskAppearedReady mTaskOrganizer: android.window.ITaskOrganizer$Stub$Proxy@9d881femDeferTaskAppear: falsemCreatedByOrganizer: falsemSurfaceControl: Surface(name=Task=82)/@0x13aad28hasbeenVis: truetask: Task{bae1a41 #82 type=standard A=10129:null.EntryAbility U=0 visible=true mode=fullscreen translucent=false sz=1}
12-23 21:58:45.224 2711-3425/? I WindowManager/: Checking 1 opening apps (frozen=false timeout=false)...
12-23 21:58:45.224 2711-3425/? I WindowManager/: Check opening app=ActivityRecord{779af4b u0 com.lkl.harmonystudy/EntryAbility t82}: allDrawn=false startingDisplayed=true startingMoved=false isRelaunching()=false mStartingWindow=Window{852110f u0 Splash Screen com.lkl.harmonystudy} isOneStepWindowChanging=falseisOpenCombinationSplitScreen=false shouldWaitCombine=false
12-23 21:58:45.225 2711-3425/? I WindowManager/: Checking 0 opening apps (frozen=false timeout=false)...
12-23 21:58:45.225 2711-3425/? I WindowManager_visibility/: **** GOOD TO GO
12-23 21:58:45.225 2711-3425/? D WindowManager/: getTopAnimActivity enter true, ActivityRecord{779af4b u0 com.lkl.harmonystudy/EntryAbility t82}
12-23 21:58:45.226 433-4677/? I Layer/   : Surface(name=Task=82)/@0x13aad28 - animation-leash of app_transition#115: created
12-23 21:58:45.228 2711-3425/? D HwWindowManagerServiceEx/: AnimationTurbo wms setIconToLayer token:ActivityRecord{779af4b u0 com.lkl.harmonystudy/EntryAbility t82} backBitmap:null
12-23 21:58:45.228 2711-3425/? D WindowManager/: getTopAnimActivity enter false, ActivityRecord{689f60a u0 com.huawei.android.launcher/.unihome.UniHomeLauncher t7}
12-23 21:58:45.229 2711-7746/? I FocusResolver/: Lost focus window in display 0
12-23 21:58:45.229 433-4677/? I Layer/   : Surface(name=Task=1)/@0xf779e2f - animation-leash of app_transition#116: created
12-23 21:58:45.229 7310-7310/? I ViewRootImpl/[UniHomeLauncher]: ViewUI windowFocusChanged: hasFocus false inTouchMode true
12-23 21:58:45.229 2711-3425/? E system_server/: logPower_buf_write not support
12-23 21:58:45.229 2711-3425/? W ActivityTaskManager/: stopFreezingScreen return caused by mFreezingScreen false.
12-23 21:58:45.229 7310-7310/? I ViewRootImpl/[UniHomeLauncher]: ViewUI handleWindowFocusChanged: hasWindowFocus false inTouchMode true
12-23 21:58:45.229 2711-3425/? V WindowManager/: commitVisibility: ActivityRecord{689f60a u0 com.huawei.android.launcher/.unihome.UniHomeLauncher t7}: visible=false mVisibleRequested=false
12-23 21:58:45.230 2711-3425/? E system_server/: logPower_buf_write not support
12-23 21:58:45.230 2711-3425/? V WindowManager/: commitVisibility: ActivityRecord{779af4b u0 com.lkl.harmonystudy/EntryAbility t82}: visible=true mVisibleRequested=true
12-23 21:58:45.230 7310-7310/? I HwLauncher/: Launcher hasWindowFocus = false
12-23 21:58:45.230 2711-3425/? I WindowManager_visibility/: DrawState change: Window{852110f u0 Splash Screen com.lkl.harmonystudy} from:READY_TO_SHOW to:HAS_DRAWN reason:performShow
12-23 21:58:45.230 2711-4735/? I InputDispatcher/: oldType:MOTION newType:FOCUS, seq=49
12-23 21:58:45.231 2711-3425/? D WindowManager/: getTransitActivity(1)com.lkl.harmonystudy/EntryAbility
12-23 21:58:45.231 2711-3425/? D WindowManager/: getTransitActivity(2)com.huawei.android.launcher/.unihome.UniHomeLauncher
12-23 21:58:45.234 433-640/? I SurfaceFlinger/: HalVsync display 4619827259835644672 period 0
12-23 21:58:45.234 2711-3425/? D RemoteAnimationController/: createAppAnimations()
12-23 21:58:45.236 433-4677/? I Layer/   : Surface(name=WallpaperWindowToken{f1e1a39 token=android.os.Binder@e050083})/@0xbb4831a - animation-leash of window_animation#117: created
12-23 21:58:45.236 2711-4582/? D GestureNavManager/: handleMessage before msg=10
12-23 21:58:45.255 5778-7768/? E HwAppAssistantManager/: getAssistantList service is null!
12-23 21:58:45.256 5778-7768/? D HwAppAssistantUtils/: wcBuoyList: []
12-23 21:58:45.256 5778-5778/? I ShellTaskOrganizer/: Task appeared taskId: 82
12-23 21:58:45.256 433-640/? I SurfaceFlinger/: HalVsync display 4619827259835644672 period 0
12-23 21:58:45.256 2711-4582/? I GestureNavManager/: AppMode:pkg:com.huawei.android.launcher, uid:10036, left:1, right:1, bottom:0
12-23 21:58:45.256 2711-4582/? I GestureNavManager/: updateNavVisible left:true, right:true, bottom:false
12-23 21:58:45.256 2711-4582/? D GestureNavManager/: handleMessage after msg=10
12-23 21:58:45.257 2711-7461/? E libohc_common/: JNI_OnLoad: RegisterNatives failed
12-23 21:58:45.257 2711-3425/? I WindowManager/: updateDisplayFrame win=Window{74a5583 u0 com.android.systemui.HwImageWallpaper} state=InsetsState: {mDisplayFrame=Rect(0, 0 - 1228, 2700), mDisplayCutout=DisplayCutout{insets=Rect(0, 103 - 0, 0) waterfall=Insets{left=0, top=0, right=0, bottom=0} boundingRect={Bounds=[Rect(0, 0 - 0, 0), Rect(574, 0 - 654, 103), Rect(0, 0 - 0, 0), Rect(0, 0 - 0, 0)]} cutoutPathParserInfo={CutoutPathParserInfo{displayWidth=1228 displayHeight=2700 density={2.75} cutoutSpec={M-40,103l80,0l0,-103l-80,0z} rotation={0} scale={1.0}}}}, mRoundedCorners=RoundedCorners{[RoundedCorner{position=TopLeft, radius=0, center=Point(0, 0)}, RoundedCorner{position=TopRight, radius=0, center=Point(0, 0)}, RoundedCorner{position=BottomRight, radius=0, center=Point(0, 0)}, RoundedCorner{position=BottomLeft, radius=0, center=Point(0, 0)}]}, mPrivacyIndicatorBounds=PrivacyIndicatorBounds {static bounds=null rotation=0}, mSources= { InsetsSource: {mType=ITYPE_STATUS_BAR, mFrame=[0,0][1228,108], mVisible=true}, InsetsSource: {mType=ITYPE_NAVIGATION_BAR, mFrame=[0,2570][1228,2700], mVisible=true}, InsetsSource: {mType=ITYPE_LEFT_GESTURES, mFrame=[0,0][0,2700], mVisible=true}, InsetsSource: {mType=ITYPE_RIGHT_GESTURES, mFrame=[1228,0][1228,2700], mVisible=true}, InsetsSource: {mType=ITYPE_TOP_MANDATORY_GESTURES, mFrame=[0,0][1228,108], mVisible=true}, InsetsSource: {mType=ITYPE_BOTTOM_MANDATORY_GESTURES, mFrame=[0,2570][1228,2700], mVisible=true}, InsetsSource: {mType=ITYPE_LEFT_DISPLAY_CUTOUT, mFrame=[0,0][-2147483648,2700], mVisible=true}, InsetsSource: {mType=ITYPE_TOP_DISPLAY_CUTOUT, mFrame=[0,0][1228,103], mVisible=true}, InsetsSource: {mType=ITYPE_RIGHT_DISPLAY_CUTOUT, mFrame=[2147483647,0][1228,2700], mVisible=true}, InsetsSource: {mType=ITYPE_BOTTOM_DISPLAY_CUTOUT, mFrame=[0,2147483647][1228,2700], mVisible=true}, InsetsSource: {mType=ITYPE_TOP_TAPPABLE_ELEMENT, mFrame=[0,0][1228,108], mVisible=true}, InsetsSource: {mType=ITYPE_BOTTOM_TAPPABLE_ELEMENT, mFrame=[0,2570][1228,2700], mVisible=true}, InsetsSource: {mType=ITYPE_IME, mFrame=[0,0][0,0], mVisible=false} } getBounds()=Rect(0, 0 - 1228, 2700) df=Rect(-10000, -10000 - 10000, 10000)
12-23 21:58:45.258 2711-7396/? W ActivityManager/: Slow operation: 336ms so far, now at attachApplicationLocked: after mServices.attachApplicationLocked
12-23 21:58:45.259 2711-7396/? I ActivityManager_activity/: Attach thread to application:9597 cost 354
12-23 21:58:45.259 2711-4912/? W ActivityManager/: Unable to start service Intent { act=com.huawei.ncdft.INcDft cmp=com.huawei.hiview/com.huawei.ncdft.NcDftService } U=0: not found
12-23 21:58:45.260 2711-4912/? W ContextImpl/: Calling a method in the system process without a qualified user: android.app.ContextImpl.bindService:2040 com.huawei.ncdft.HwNcDftConnImpl.bindToService:82 com.huawei.ncdft.HwNcDftConnImpl.reportToDft:111 com.huawei.ncdft.HwNcDftConnManager.reportToDft:58 com.android.server.wifi.HwWifiCHRServiceImpl$NCDFTExceptionHandler.handleMessage:237
12-23 21:58:45.260 2711-4912/? W ActivityManager/: Unable to start service Intent { act=com.huawei.ncdft.INcDft cmp=com.huawei.hiview/com.huawei.ncdft.NcDftService } U=0: not found
12-23 21:58:45.261 2711-9589/? E system_server/: logPower_buf_write not support
12-23 21:58:45.262 2711-9589/? I ContentProviderHelper/: Successfully start provider ContentProviderRecord{195f0d5 u0 com.android.providers.contacts/.ContactsProvider2} launchingApp=ProcessRecord{c927192 8819:android.process.acore/u0a17} caller pid= 8197
12-23 21:58:45.265 2711-2711/? D HwWifiScanControl/: update the timeout parameter for the scan control, timeout = 0, state = INTERFACE_DISABLED
12-23 21:58:45.266 5778-7768/? I HwAppAssistantUtils/: com.lkl.harmonystudy, isInGameSpace: false, isSupportBuoy: false
12-23 21:58:45.266 433-857/? I Layer/   : Surface(name=5b3b5a0 StatusBar)/@0xf5f4691 - animation-leash of insets_animation#118: created
12-23 21:58:45.267 2711-3425/? I InsetsStateController/: onControlChanged previous=Window{79511ff u0 com.huawei.android.launcher/com.huawei.android.launcher.unihome.UniHomeLauncher} target=Window{852110f u0 Splash Screen com.lkl.harmonystudy}
12-23 21:58:45.270 433-640/? I SurfaceFlinger/: HalVsync display 4619827259835644672 period 0
12-23 21:58:45.270 9619-107/? E OHOS_LIBC_ADAPTOR/: sem_close is not supported on bionic
12-23 21:58:45.274 9619-107/? I OHOS_LIBC_ADAPTOR/: dlopen system/lib64/extensionability/libinputmethod_extension_module.z.so with input flag:1, translated flag:1
12-23 21:58:45.275 433-857/? I Layer/   : Surface(name=78bfb0f NavigationBar0)/@0xe3db357 - animation-leash of insets_animation#119: created
12-23 21:58:45.275 2711-7461/? E UidConvNative/: loadLibrary:JNI_ERR returned from JNI_OnLoad in "libohc_common.so"
12-23 21:58:45.275 2711-7461/? I AmGateway_ABY/: onOhProcessCreated id:42856913, bundleName:com.lkl.harmonystudy, ohPid:107, ohUid:20040004, mapPid:9619, mapUid:40040004
12-23 21:58:45.275 2711-7461/? I AmGateway_ABY/: onOhProcessCreated info:id:42856913, type:1, status:0 {aPid:9597, aUid:10129, aPkgName:com.lkl.harmonystudy, aProcName:com.lkl.harmonystudy} {oInnerPid:107, oInnerUid:20040004, oMappingPid:9619, oMappingUid:40040004, oBundleName:com.lkl.harmonystudy}
12-23 21:58:45.276 2711-5453/? D HuaweiWifiWatchdogStateMachine/: nothing to do.
12-23 21:58:45.276 2711-7461/? I AppStateObserverService/: OnProcessCreated bundleName:com.lkl.harmonystudy, pid:107, uid:20040004, presetProcId:42856913, reason:0
12-23 21:58:45.277 9597-9597/? D CompatibilityChangeReporter/: Compat change id reported: 171979766; UID 10129; state: ENABLED
12-23 21:58:45.277 2711-4906/? I ActivityManager_broadcast/: sendBroadcast,caller:ProcessRecord{fe0c4ec 2711:system/1000},act:android.net.wifi.supplicant.STATE_CHANGE,rep:true,ord:false,cmp:false,mftNum:0,rgtNum:6
12-23 21:58:45.281 188-188/? E lowmemorykiller/: Invalid PROCPRIO oomadj argument -10000
12-23 21:58:45.282 2711-4906/? I WifiClientModeImpl/[wlan0]: ConnectableState screen=on 0 0 ssid: null bssid: 00:00:**:**:00:00 nid: 0 state: DISCONNECTED
12-23 21:58:45.282 2711-5426/? I WiFi_PRO_WifiProStateMachine/: setWifiEvaluateTag Tag :false
12-23 21:58:45.282 433-4677/? I SurfaceFlinger/: setSoftwareVsyncPeriod: set software vsync uid 40040004, period 60
12-23 21:58:45.282 433-4677/? W EventThread/: setSoftwareVsyncRateForUid: period 60 is invalid
12-23 21:58:45.283 2711-5426/? I WiFi_PRO_WifiProStateMachine/: WifiDisConnectedState is Enter
12-23 21:58:45.283 2711-5426/? W WiFi_PRO/: stopBqeService, mIsBQEServiceStart = false
12-23 21:58:45.284 433-640/? I SurfaceFlinger/: HalVsync display 4619827259835644672 period 0
12-23 21:58:45.285 9597-9597/? I Typeface/: fontManager.getInitFontWeightScale:1.0
12-23 21:58:45.286 5778-5778/? I StatusBar/: abortTransient
12-23 21:58:45.287 2711-5426/? W WiFi_PRO/: stopALLMonitor
12-23 21:58:45.287 2711-5426/? I ipQos/   : stopMonitor
12-23 21:58:45.287 2711-5426/? I WiFi_PRO/: setMonitorMobileQos, enabled = false
12-23 21:58:45.287 2711-5426/? I TrafficMonitor/: enableMonitor:false,type=0
12-23 21:58:45.287 2711-5426/? I WiFi_PRO/: setMonitorMobileQos,type = WIFI_CONNECT_WITH_DATA_LINK , enabled = false
12-23 21:58:45.287 2711-5426/? I HuaweiWifiWatchdogStateMachine/: stop VERIFY_WITH_DATA_LINK
12-23 21:58:45.287 2711-5426/? I WiFi_PRO/: setMonitorMobileQos,type = WIFI_VERIFY_NO_DATA_LINK , enabled = false
12-23 21:58:45.287 2711-5426/? I HuaweiWifiWatchdogStateMachine/: stop VERIFY_WITH_NOT_DATA_LINK
12-23 21:58:45.287 2711-5426/? W WiFi_PRO/: resetMonitorStatus
12-23 21:58:45.287 2711-5426/? I WifiService/: getConnectionInfo, uid =1000, calling by: android, isNeedApproximateLocation = false
12-23 21:58:45.287 2711-5426/? V HwWifiServiceFactory/: get AllImpl object = com.android.server.wifi.HwWifiServiceFactoryImpl@dcce28d
12-23 21:58:45.288 2711-5426/? I HwAutoConnectManager/: MSG_RECV_NETWORK_DISCONNECTED
12-23 21:58:45.288 2711-5426/? I HwWifiProServiceProxy/: ctrlHwWifiNetwork pkgName: WIFIPRO_SERVICE interfaceId: 42
12-23 21:58:45.288 2711-5426/? I WifiProStatisticsManager/: acc wifi connection time:1 s, total1
12-23 21:58:45.288 2711-5426/? I WifiProStatisticsManager/: wifi connected end.
12-23 21:58:45.288 2711-5426/? I WifiProChrDataBaseManager/: checkIfRcdExist enter.
12-23 21:58:45.288 2711-2711/? I WifiClientModeImpl/[wlan0]: **wifipro tag is chenge, setWifiproFirewallEnable**,tag =0
12-23 21:58:45.288 2711-5426/? I WifiProChrDataBaseManager/: checkIfRcdExist read record succ, lastStatUploadTime:2023-12-23 21:57:42
12-23 21:58:45.289 2711-5453/? I HuaweiWifiWatchdogStateMachine/:  WifiProStopVerifyState rcv STOP_VERIFY_WITH_DATA_LINK ignore
12-23 21:58:45.289 2711-5453/? I HuaweiWifiWatchdogStateMachine/:  WifiProStopVerifyState rcv STOP_VERIFY_WITH_NOT_DATA_LINK ignore.
12-23 21:58:45.290 9597-9597/? I LoadedApk/: createSharedLibrariesLoaders::sharedLibraries is null
12-23 21:58:45.290 9597-9597/? W System/  : ClassLoader referenced unknown path: /data/app/~~-gZ-e1MQlYfp4ZlvQe_k8A==/com.lkl.harmonystudy-RmKR2jSD1V9P1g4FkAi_Hw==/base.apk
12-23 21:58:45.290 9597-9597/? W kl/.harmonystud: OpenDexFilesFromOat: open oat file failed and fallback to load dex file from apk, class_loader = 0x7ffc18404964 context = 0x789ecfd89540 dex_location = /data/app/~~-gZ-e1MQlYfp4ZlvQe_k8A==/com.lkl.harmonystudy-RmKR2jSD1V9P1g4FkAi_Hw==/hspLibrary_AndroidManifest.xml
12-23 21:58:45.290 9597-9597/? W kl/.harmonystud: Expected valid zip or dex file: '/data/app/~~-gZ-e1MQlYfp4ZlvQe_k8A==/com.lkl.harmonystudy-RmKR2jSD1V9P1g4FkAi_Hw==/hspLibrary_AndroidManifest.xml'
12-23 21:58:45.294 9597-9597/? W ziparchive/: Unable to open '/data/app/~~-gZ-e1MQlYfp4ZlvQe_k8A==/com.lkl.harmonystudy-RmKR2jSD1V9P1g4FkAi_Hw==/base.apk': No such file or directory
12-23 21:58:45.294 9597-9597/? E kl/.harmonystud: Failed to open APK '/data/app/~~-gZ-e1MQlYfp4ZlvQe_k8A==/com.lkl.harmonystudy-RmKR2jSD1V9P1g4FkAi_Hw==/base.apk': I/O error
12-23 21:58:45.296 9597-9597/? W ResourcesManager/: failed to preload asset path '/data/app/~~-gZ-e1MQlYfp4ZlvQe_k8A==/com.lkl.harmonystudy-RmKR2jSD1V9P1g4FkAi_Hw==/base.apk'
12-23 21:58:45.296 9597-9597/? W ResourcesManager/: java.io.IOException: Failed to load asset path /data/app/~~-gZ-e1MQlYfp4ZlvQe_k8A==/com.lkl.harmonystudy-RmKR2jSD1V9P1g4FkAi_Hw==/base.apk
12-23 21:58:45.296 9597-9597/? W ResourcesManager/: 	at android.content.res.ApkAssets.nativeLoad(Native Method)
12-23 21:58:45.296 9597-9597/? W ResourcesManager/: 	at android.content.res.ApkAssets.<init>(ApkAssets.java:302)
12-23 21:58:45.296 9597-9597/? W ResourcesManager/: 	at android.content.res.ApkAssets.loadFromPath(ApkAssets.java:151)
12-23 21:58:45.296 9597-9597/? W ResourcesManager/: 	at android.app.ResourcesManager.loadApkAssets(ResourcesManager.java:507)
12-23 21:58:45.296 9597-9597/? W ResourcesManager/: 	at android.app.ResourcesManager.access$000(ResourcesManager.java:87)
12-23 21:58:45.296 9597-9597/? W ResourcesManager/: 	at android.app.ResourcesManager$ApkAssetsSupplier.load(ResourcesManager.java:203)
12-23 21:58:45.296 9597-9597/? W ResourcesManager/: 	at android.app.ResourcesManager.createApkAssetsSupplierNotLocked(ResourcesManager.java:1061)
12-23 21:58:45.296 9597-9597/? W ResourcesManager/: 	at android.app.ResourcesManager.getResources(ResourcesManager.java:1182)
12-23 21:58:45.296 9597-9597/? W ResourcesManager/: 	at android.app.LoadedApk.getResources(LoadedApk.java:1487)
12-23 21:58:45.296 9597-9597/? W ResourcesManager/: 	at android.app.ContextImpl.createAppContext(ContextImpl.java:3238)
12-23 21:58:45.296 9597-9597/? W ResourcesManager/: 	at android.app.ContextImpl.createAppContext(ContextImpl.java:3221)
12-23 21:58:45.296 9597-9597/? W ResourcesManager/: 	at android.app.ActivityThread.handleBindApplication(ActivityThread.java:8340)
12-23 21:58:45.296 9597-9597/? W ResourcesManager/: 	at android.app.ActivityThread.access$2800(ActivityThread.java:307)
12-23 21:58:45.296 9597-9597/? W ResourcesManager/: 	at android.app.ActivityThread$H.handleMessage(ActivityThread.java:2824)
12-23 21:58:45.296 9597-9597/? W ResourcesManager/: 	at android.os.Handler.dispatchMessage(Handler.java:117)
12-23 21:58:45.296 9597-9597/? W ResourcesManager/: 	at android.os.Looper.loopOnce(Looper.java:205)
12-23 21:58:45.296 9597-9597/? W ResourcesManager/: 	at android.os.Looper.loop(Looper.java:293)
12-23 21:58:45.296 9597-9597/? W ResourcesManager/: 	at android.app.ActivityThread.loopProcess(ActivityThread.java:9824)
12-23 21:58:45.296 9597-9597/? W ResourcesManager/: 	at android.app.ActivityThread.main(ActivityThread.java:9813)
12-23 21:58:45.296 9597-9597/? W ResourcesManager/: 	at java.lang.reflect.Method.invoke(Native Method)
12-23 21:58:45.296 9597-9597/? W ResourcesManager/: 	at com.android.internal.os.RuntimeInit$MethodAndArgsCaller.run(RuntimeInit.java:586)
12-23 21:58:45.296 9597-9597/? W ResourcesManager/: 	at com.android.internal.os.ZygoteInit.main(ZygoteInit.java:1201)
12-23 21:58:45.296 9597-9597/? D ziparchive/: Zip: EOCD not found, /data/app/~~-gZ-e1MQlYfp4ZlvQe_k8A==/com.lkl.harmonystudy-RmKR2jSD1V9P1g4FkAi_Hw==/hspLibrary_AndroidManifest.xml is not zip
12-23 21:58:45.296 9597-9597/? E kl/.harmonystud: Failed to open APK '/data/app/~~-gZ-e1MQlYfp4ZlvQe_k8A==/com.lkl.harmonystudy-RmKR2jSD1V9P1g4FkAi_Hw==/hspLibrary_AndroidManifest.xml': Invalid file
12-23 21:58:45.297 9597-9597/? W ResourcesManager/: failed to preload asset path '/data/app/~~-gZ-e1MQlYfp4ZlvQe_k8A==/com.lkl.harmonystudy-RmKR2jSD1V9P1g4FkAi_Hw==/hspLibrary_AndroidManifest.xml'
12-23 21:58:45.297 9597-9597/? W ResourcesManager/: java.io.IOException: Failed to load asset path /data/app/~~-gZ-e1MQlYfp4ZlvQe_k8A==/com.lkl.harmonystudy-RmKR2jSD1V9P1g4FkAi_Hw==/hspLibrary_AndroidManifest.xml
12-23 21:58:45.297 9597-9597/? W ResourcesManager/: 	at android.content.res.ApkAssets.nativeLoad(Native Method)
12-23 21:58:45.297 9597-9597/? W ResourcesManager/: 	at android.content.res.ApkAssets.<init>(ApkAssets.java:302)
12-23 21:58:45.297 9597-9597/? W ResourcesManager/: 	at android.content.res.ApkAssets.loadFromPath(ApkAssets.java:151)
12-23 21:58:45.297 9597-9597/? W ResourcesManager/: 	at android.app.ResourcesManager.loadApkAssets(ResourcesManager.java:507)
12-23 21:58:45.297 9597-9597/? W ResourcesManager/: 	at android.app.ResourcesManager.access$000(ResourcesManager.java:87)
12-23 21:58:45.297 9597-9597/? W ResourcesManager/: 	at android.app.ResourcesManager$ApkAssetsSupplier.load(ResourcesManager.java:203)
12-23 21:58:45.297 9597-9597/? W ResourcesManager/: 	at android.app.ResourcesManager.createApkAssetsSupplierNotLocked(ResourcesManager.java:1061)
12-23 21:58:45.297 9597-9597/? W ResourcesManager/: 	at android.app.ResourcesManager.getResources(ResourcesManager.java:1182)
12-23 21:58:45.297 9597-9597/? W ResourcesManager/: 	at android.app.LoadedApk.getResources(LoadedApk.java:1487)
12-23 21:58:45.297 9597-9597/? W ResourcesManager/: 	at android.app.ContextImpl.createAppContext(ContextImpl.java:3238)
12-23 21:58:45.297 9597-9597/? W ResourcesManager/: 	at android.app.ContextImpl.createAppContext(ContextImpl.java:3221)
12-23 21:58:45.297 9597-9597/? W ResourcesManager/: 	at android.app.ActivityThread.handleBindApplication(ActivityThread.java:8340)
12-23 21:58:45.297 9597-9597/? W ResourcesManager/: 	at android.app.ActivityThread.access$2800(ActivityThread.java:307)
12-23 21:58:45.297 9597-9597/? W ResourcesManager/: 	at android.app.ActivityThread$H.handleMessage(ActivityThread.java:2824)
12-23 21:58:45.297 9597-9597/? W ResourcesManager/: 	at android.os.Handler.dispatchMessage(Handler.java:117)
12-23 21:58:45.297 9597-9597/? W ResourcesManager/: 	at android.os.Looper.loopOnce(Looper.java:205)
12-23 21:58:45.297 9597-9597/? W ResourcesManager/: 	at android.os.Looper.loop(Looper.java:293)
12-23 21:58:45.297 9597-9597/? W ResourcesManager/: 	at android.app.ActivityThread.loopProcess(ActivityThread.java:9824)
12-23 21:58:45.297 9597-9597/? W ResourcesManager/: 	at android.app.ActivityThread.main(ActivityThread.java:9813)
12-23 21:58:45.297 9597-9597/? W ResourcesManager/: 	at java.lang.reflect.Method.invoke(Native Method)
12-23 21:58:45.297 9597-9597/? W ResourcesManager/: 	at com.android.internal.os.RuntimeInit$MethodAndArgsCaller.run(RuntimeInit.java:586)
12-23 21:58:45.297 9597-9597/? W ResourcesManager/: 	at com.android.internal.os.ZygoteInit.main(ZygoteInit.java:1201)
12-23 21:58:45.297 9597-9597/? W ziparchive/: Unable to open '/data/app/~~-gZ-e1MQlYfp4ZlvQe_k8A==/com.lkl.harmonystudy-RmKR2jSD1V9P1g4FkAi_Hw==/base.apk': No such file or directory
12-23 21:58:45.297 9597-9597/? E kl/.harmonystud: Failed to open APK '/data/app/~~-gZ-e1MQlYfp4ZlvQe_k8A==/com.lkl.harmonystudy-RmKR2jSD1V9P1g4FkAi_Hw==/base.apk': I/O error
12-23 21:58:45.298 9597-9597/? D ziparchive/: Zip: EOCD not found, /data/app/~~-gZ-e1MQlYfp4ZlvQe_k8A==/com.lkl.harmonystudy-RmKR2jSD1V9P1g4FkAi_Hw==/hspLibrary_AndroidManifest.xml is not zip
12-23 21:58:45.298 9597-9597/? E kl/.harmonystud: Failed to open APK '/data/app/~~-gZ-e1MQlYfp4ZlvQe_k8A==/com.lkl.harmonystudy-RmKR2jSD1V9P1g4FkAi_Hw==/hspLibrary_AndroidManifest.xml': Invalid file
12-23 21:58:45.298 2711-9598/? W ActivityManager/: Slow operation: 225ms so far, now at unregisterReceiver: after get ams lock
12-23 21:58:45.298 9597-9607/? I kl/.harmonystud: jit_compiled:[OK] void java.lang.String.getChars(int, int, char[], int) @ /apex/com.android.art/javalib/core-oj.jar
12-23 21:58:45.298 2711-9598/? W ActivityManager/: Slow operation: 225ms so far, now at unregisterReceiver: after removeReceiverLocked
12-23 21:58:45.298 2711-9598/? W ActivityManager/: Slow operation: 225ms so far, now at unregisterReceiver: after unlinkToDeath
12-23 21:58:45.299 2711-3592/? W ActivityManager/: Sending non-protected broadcast com.huawei.android.wifi.GAME_ACTION from system 2711:system/1000 pkg android
12-23 21:58:45.301 433-640/? I SurfaceFlinger/: HalVsync display 4619827259835644672 period 0
12-23 21:58:45.302 2711-3595/? D HwGameAssistantController/: UPDATE: mCurFgPkg=com.lkl.harmonystudy, mCurFgPid=9597, mIsCurGame=false
12-23 21:58:45.303 2711-3678/? D system_server/: SetAwareCpuPolicy iaware feature off!
12-23 21:58:45.303 2711-3678/? D system_server/: SetAwareCpuPolicy iaware feature off!
12-23 21:58:45.305 2711-3678/? D system_server/: SetAwareCpuPolicy iaware feature off!
12-23 21:58:45.305 2711-3678/? D system_server/: SetAwareCpuPolicy iaware feature off!
12-23 21:58:45.305 2711-3678/? D system_server/: SetAwareCpuPolicy iaware feature off!
12-23 21:58:45.305 2711-3678/? D system_server/: SetAwareCpuPolicy iaware feature off!
12-23 21:58:45.305 2711-3678/? D system_server/: SetAwareCpuPolicy iaware feature off!
12-23 21:58:45.305 2711-3678/? D system_server/: SetAwareCpuPolicy iaware feature off!
12-23 21:58:45.305 2711-3678/? D system_server/: SetAwareCpuPolicy iaware feature off!
12-23 21:58:45.305 2711-3678/? D system_server/: SetAwareCpuPolicy iaware feature off!
12-23 21:58:45.306 2711-4400/? I AlarmManager/: updateAlarmsForUid uid:10129
12-23 21:58:45.306 2711-4400/? I AlarmManager/: unblockAlarmsForUid uid:10129
12-23 21:58:45.307 2711-3595/? E HwAppAssistantManager/: getAssistantList service is null!
12-23 21:58:45.307 2711-3595/? D HwAppAssistantUtils/: wcBuoyList: []
12-23 21:58:45.307 2711-3595/? I HwAppAssistantUtils/: com.lkl.harmonystudy, isInGameSpace: false, isBuoyApp: false
12-23 21:58:45.307 2711-3595/? I HwGameAssistantController/: notifyBuoyAppSwitch other switch: com.lkl.harmonystudy
12-23 21:58:45.308 2711-9598/? W ActivityManager/: Slow operation: 234ms so far, now at unregisterReceiver: finally, Unregister receiver: android.content.IIntentReceiver$Stub$Proxy@64bcc6c
12-23 21:58:45.310 429-9470/? D AudioPolicyService/: getUidState(10129) !cacheIter->second.first, return PROCESS_STATE_UNKNOWN
12-23 21:58:45.311 2711-3418/? W AwareLog/: FastFreezeConfigReader: readFastFreezeConfig failed
12-23 21:58:45.311 2711-3418/? W AwareLog/: FastFreezeConfigReader: readFastFreezeConfig failed
12-23 21:58:45.311 2711-3418/? W AwareLog/: FastFreezeManager: FastFreeze is not enabled
12-23 21:58:45.311 429-9470/? D AudioPolicyService/: getUidState(10129) cacheIter->second.first, return cacheIter->second.second(-1)
12-23 21:58:45.316 2711-3425/? I InsetsStateController/: onControlChanged previous=Window{79511ff u0 com.huawei.android.launcher/com.huawei.android.launcher.unihome.UniHomeLauncher} target=Window{852110f u0 Splash Screen com.lkl.harmonystudy}
12-23 21:58:45.316 2711-7396/? W ActivityManager/: Sending non-protected broadcast common.event.DISTRIBUTED_ACCOUNT_NOTIFICATION from system 7206:com.huawei.harmonyos.foundation/1000 pkg com.huawei.harmonyos.foundation
12-23 21:58:45.317 433-640/? I SurfaceFlinger/: HalVsync display 4619827259835644672 period 0
12-23 21:58:45.317 2711-2711/? D HwWifiScanControl/: update the timeout parameter for the scan control, timeout = 0, state = DISCONNECTED
12-23 21:58:45.318 433-433/? I SurfaceFlinger/: setVsyncEnabled 0
12-23 21:58:45.322 433-433/? I SurfaceFlinger/: setVsyncEnabled 1
12-23 21:58:45.323 9597-9597/? V GraphicsEnvironment/: ANGLE Developer option for 'com.lkl.harmonystudy' set to: 'default'
12-23 21:58:45.323 9597-9597/? V GraphicsEnvironment/: Neither updatable production driver nor prerelease driver is supported.
12-23 21:58:45.323 2711-3425/? I WindowManager_visibility/: Window{852110f u0 Splash Screen com.lkl.harmonystudy} setShown true
12-23 21:58:45.323 2711-3425/? I WindowManager_visibility/: showing WindowStateAnimator{324acb1 Splash Screen com.lkl.harmonystudy}
12-23 21:58:45.325 2711-5453/? D HuaweiWifiWatchdogStateMachine/: nothing to do.
12-23 21:58:45.326 9597-9597/? D NetworkSecurityConfig/: No Network Security Config specified, using platform default
12-23 21:58:45.326 9597-9597/? D NetworkSecurityConfig/: No Network Security Config specified, using platform default
12-23 21:58:45.327 9597-9597/? I HwViewStackScaleFactory/: add android.view.HwViewStackScaleFactory@cbae5b3 to memory.
12-23 21:58:45.329 9597-9597/? I HwTypeface/: updateFont: scale=1.0
12-23 21:58:45.329 9597-9607/? I kl/.harmonystud: jit_compiled:[OK] void java.lang.Object.<init>() @ /apex/com.android.art/javalib/core-oj.jar
12-23 21:58:45.330 9597-9607/? I kl/.harmonystud: jit_compiled:[OK] java.lang.Runnable libcore.util.NativeAllocationRegistry.registerNativeAllocation(java.lang.Object, long) @ /apex/com.android.art/javalib/core-libart.jar
12-23 21:58:45.331 9597-9597/? I ActivityThread/: finishPreloaded preloadStatus 0
12-23 21:58:45.331 9597-9597/? I HwViewRootImpl/: Add sceneId 1 topId: 0
12-23 21:58:45.332 9597-9597/? I ActivityThread/: handleBindApplication cost: 64
12-23 21:58:45.332 9597-9597/? I LaunchActivityItem/: execute start, token = android.os.BinderProxy@d426b1
12-23 21:58:45.334 433-640/? I SurfaceFlinger/: HalVsync display 4619827259835644672 period 0
12-23 21:58:45.335 433-433/? I AnimateManager/: DelAnimationInfo: layer Surface(name=5b3b5a0 StatusBar)/@0xf5f4691 - animation-leash of insets_animation#94, mEnable 0
12-23 21:58:45.335 433-433/? I AnimateManager/: DelAnimationInfo: layer Surface(name=78bfb0f NavigationBar0)/@0xe3db357 - animation-leash of insets_animation#107, mEnable 0
12-23 21:58:45.335 433-433/? I Layer/   : setFlags: Layer:Splash Screen com.lkl.harmonystudy#114 show
12-23 21:58:45.339 2711-3425/? D RemoteAnimationController/: RAC addAfterPrepareSurfacesRunnable prepareLauncherLeashVisible
12-23 21:58:45.340 2711-3425/? I HwMultiWindowManager/: updateFreeformGestureMoveAnimState animState=true
12-23 21:58:45.347 2711-2807/? I system_server/: jit_compiled:[OK] void android.app.TaskInfo.writeToParcel(android.os.Parcel, int) @ /system/framework/framework.jar
12-23 21:58:45.359 433-640/? I SurfaceFlinger/: HalVsync display 4619827259835644672 period 0
12-23 21:58:45.360 7310-7399/? I ZrHung/.AppEyeUiProbe: not watching, wait.
12-23 21:58:45.360 9597-9597/? D OpenGLRenderer/: disableOutlineDraw is true
12-23 21:58:45.361 2711-3425/? I RemoteAnimationController/: app leash is : Surface(name=Task=82)/@0x13aad28 - animation-leash of app_transition
12-23 21:58:45.364 9619-107/? I OHOS_LIBC_ADAPTOR/: dlopen system/lib64/extensionability/libwallpaper_extension_module.z.so with input flag:1, translated flag:1
12-23 21:58:45.364 433-857/? I EventThread/: addSoftwareVsyncConnection: mCurrentRefreshRate is 0
12-23 21:58:45.361 2711-3425/? I ANIMATOR_TAG/: observer leash is : Surface(name=Task=82)/@0x13aad28 - animation-leash of app_transition
12-23 21:58:45.364 2711-3425/? I ANIMATOR_TAG/: notify sf animation start
12-23 21:58:45.365 433-4677/? I SurfaceFlingerEx/: OnAnimationStart
12-23 21:58:45.365 2711-3425/? D WindowManager/: notifyInsetsControlChanged for:Window{852110f u0 Splash Screen com.lkl.harmonystudy}
12-23 21:58:45.365 7310-8471/? I HwLauncher/: LauncherAnimationRunner RemoteAnimation start
12-23 21:58:45.366 2711-3425/? D WindowManager/: notifyInsetsControlChanged for:Window{79511ff u0 com.huawei.android.launcher/com.huawei.android.launcher.unihome.UniHomeLauncher}
12-23 21:58:45.366 2711-3425/? I InsetsStateController/: notifyPendingInsetsControlChanged clear mPendingControlChanged
12-23 21:58:45.367 433-640/? I SurfaceFlinger/: HalVsync display 4619827259835644672 period 0
12-23 21:58:45.368 708-745/? I AGPService/: Bn-> get corner curve params progressName - com.lkl.harmonystudy
12-23 21:58:45.368 708-745/? I AGPService/: Bn<- get corner curve params cornerCurveType - 0, cornerCurveParam1 - 2.000000, cornerCurveParam2 - 1.100000
12-23 21:58:45.368 9597-9630/? I OpenGLRenderer/: RenderThread: progress name = [com.lkl.harmonystudy], viewCornerType = 0, g2param1 = 2.000000, g2param2 = 1.100000
12-23 21:58:45.368 2711-5426/? I WifiProChrDataBaseManager/: updateChrStatRcd update succ, rowChg=1
12-23 21:58:45.370 2711-3425/? V WindowManager/: PopulateInputWindowHandle: frame=Rect(1174, 108 - 1228, 2700), touchableRegion=SkRegion((0,0,54,2592)), for window=Window{a980fae u0 GestureNavRight}
12-23 21:58:45.369 9597-9631/? D libEGL/  : loaded /vendor/lib64/egl/libEGL_emulation.so
12-23 21:58:45.370 2711-3425/? V WindowManager/: PopulateInputWindowHandle: frame=Rect(0, 108 - 54, 2700), touchableRegion=SkRegion((0,0,54,2592)), for window=Window{62a080 u0 GestureNavLeft}
12-23 21:58:45.370 2711-3425/? V WindowManager/: PopulateInputWindowHandle: frame=Rect(0, 2570 - 1228, 2700), touchableRegion=SkRegion((0,0,1228,130)), for window=Window{78bfb0f u0 NavigationBar0}
12-23 21:58:45.370 2711-3425/? V WindowManager/: PopulateInputWindowHandle: frame=Rect(0, 0 - 1228, 108), touchableRegion=SkRegion((0,0,1228,108)), for window=Window{5b3b5a0 u0 StatusBar}
12-23 21:58:45.370 2711-3425/? V WindowManager/: PopulateInputWindowHandle: frame=Rect(0, 0 - 1228, 2700), touchableRegion=SkRegion((0,0,1228,2700)), for window=Window{852110f u0 Splash Screen com.lkl.harmonystudy}
12-23 21:58:45.370 2711-3425/? V WindowManager/: PopulateInputWindowHandle: frame=Rect(0, 0 - 2700, 2700), touchableRegion=SkRegion((0,0,2700,2700)), for window=Window{74a5583 u0 com.android.systemui.HwImageWallpaper}
12-23 21:58:45.370 2711-3425/? I WindowManager/: Update InputWindowHandle: 74a5583 com.android.systemui.HwImageWallpaper, frame=[0,0,2700,2700], touchableRegion=SkRegion((0,0,2700,2700)), visible=true, changed=true isChanged:true
12-23 21:58:45.371 9597-9631/? D libEGL/  : loaded /vendor/lib64/egl/libGLESv1_CM_emulation.so
12-23 21:58:45.374 9597-9613/? I ActivityThread/: Init compatible state: true
12-23 21:58:45.375 2711-3425/? I InsetsSourceConsumer/: ViewUI_insets_ime removeImeSurface window: android.view.ViewRootImpl$W@58266e
12-23 21:58:45.375 2711-3425/? I HwInputMethodManagerService/: removeImeSurfaceFromWindow windowToken = android.view.ViewRootImpl$W@58266e
12-23 21:58:45.375 2711-3425/? I HwInputMethodManagerService/: removeImeSurfaceFromWindow mCurrentWindowToken = android.os.BinderProxy@513d51e
12-23 21:58:45.375 2711-3425/? D InsetsSourceConsumer/: ViewUI_insets setControl -> ITYPE_NAVIGATION_BAR on Splash Screen com.lkl.harmonystudy
12-23 21:58:45.375 2711-3425/? D InsetsSourceConsumer/: ViewUI_insets setControl mType:1, requestedVisible:true, getLeash:Surface(name=Surface(name=78bfb0f NavigationBar0)/@0xe3db357 - animation-leash of insets_animation)/@0x44a8522, needAnimation:false, mIsAnimationPending:false, getRootViewTitle:Splash Screen com.lkl.harmonystudy
12-23 21:58:45.376 2711-3425/? D InsetsSourceConsumer/: ViewUI_insets setControl -> ITYPE_STATUS_BAR on Splash Screen com.lkl.harmonystudy
12-23 21:58:45.376 2711-3425/? D InsetsSourceConsumer/: ViewUI_insets setControl mType:0, requestedVisible:true, getLeash:Surface(name=Surface(name=5b3b5a0 StatusBar)/@0xf5f4691 - animation-leash of insets_animation)/@0xe072570, needAnimation:false, mIsAnimationPending:false, getRootViewTitle:Splash Screen com.lkl.harmonystudy
12-23 21:57:59.392 5778-6080/? I chatty/  : uid=10020(com.android.systemui) SystemUI_subThr expire 27 lines
12-23 21:58:45.377 2711-5426/? I WiFi_PRO_WifiProStateMachine/: illegal subId
12-23 21:58:45.378 7310-7310/? I HwLauncher/: QuickstepAppTransitionManagerImpl launcherClosing:true isFromRecents=false
12-23 21:58:45.378 7310-7310/? I HwLauncher/: AnimationDelayUtils startDelayCheck tag=543
12-23 21:58:45.378 7310-7310/? I HwLauncher/: QuickstepAppTransitionManagerImpl composeIconLauncherAnimator launcherClosing:true
12-23 21:58:45.378 7310-7310/? I HwLauncher/: QuickstepAppTransitionManagerImpl getWindowTargetBounds:Rect(0, 0 - 1228, 2700), x:0, y:0
12-23 21:58:45.379 7310-7310/? I HwLauncher/: QuickstepAppTransitionManagerImpl isSuspendedAndAllOpeningTargetTrs : false
12-23 21:58:45.379 7310-7310/? I HwLauncher/: QuickstepAppTransitionManagerImpl getOpeningWindowAnimators info={ShortcutInfo: label, component: ComponentInfo{com.lkl.harmonystudy/EntryAbility}, user: UserHandle{0}, id: 169, container: -100CellIndex:Container:-100, ScreenId:1, ScreenIndex:-1, Cell(1, 0) Spans(1, 1) null}
12-23 21:58:45.379 2711-3414/? D SEAPP_C_SecurityProfileManager/: getRules: response=Response{code=200, message='OK', result=Bundle[{rules=[Bundle[{properties=Bundle[{restrictions=SMS_BLANK|CALL_LOG_BLANK|CONTACTS_BLANK|CALENDAR_BLANK|LOCATION|STORAGE|SYSTEM_ALERT_WINDOW|POPUP_BACKGROUND_WINDOW, restrictionLevel=1, name=com.lkl.harmonystudy, isRestricted=false}], name=com.lkl.harmonystudy}]]}]}
12-23 21:58:45.380 2711-3678/? D system_server/: SetAwareCpuPolicy iaware feature off!
12-23 21:58:45.381 2711-3678/? D system_server/: SetAwareCpuPolicy iaware feature off!
12-23 21:58:45.381 2711-3678/? D system_server/: SetAwareCpuPolicy iaware feature off!
12-23 21:58:45.381 2711-3678/? D system_server/: SetAwareCpuPolicy iaware feature off!
12-23 21:58:45.381 2711-3678/? D system_server/: SetAwareCpuPolicy iaware feature off!
12-23 21:58:45.381 2711-3678/? D system_server/: SetAwareCpuPolicy iaware feature off!
12-23 21:58:45.381 2711-3678/? D system_server/: SetAwareCpuPolicy iaware feature off!
12-23 21:58:45.381 2711-3678/? D system_server/: SetAwareCpuPolicy iaware feature off!
12-23 21:58:45.381 2711-3678/? D system_server/: SetAwareCpuPolicy iaware feature off!
12-23 21:58:45.381 2711-3678/? D system_server/: SetAwareCpuPolicy iaware feature off!
12-23 21:58:45.381 2711-3678/? D system_server/: SetAwareCpuPolicy iaware feature off!
12-23 21:58:45.381 2711-3678/? D system_server/: SetAwareCpuPolicy iaware feature off!
12-23 21:58:45.381 2711-3678/? D system_server/: SetAwareCpuPolicy iaware feature off!
12-23 21:58:45.381 2711-3678/? D system_server/: SetAwareCpuPolicy iaware feature off!
12-23 21:58:45.381 2711-3678/? D system_server/: SetAwareCpuPolicy iaware feature off!
12-23 21:58:45.381 2711-3678/? D system_server/: SetAwareCpuPolicy iaware feature off!
12-23 21:58:45.381 2711-3678/? D system_server/: SetAwareCpuPolicy iaware feature off!
12-23 21:58:45.381 2711-3678/? D system_server/: SetAwareCpuPolicy iaware feature off!
12-23 21:58:45.381 2711-3678/? D system_server/: SetAwareCpuPolicy iaware feature off!
12-23 21:58:45.381 2711-3678/? D system_server/: SetAwareCpuPolicy iaware feature off!
12-23 21:58:45.381 2711-3678/? D system_server/: SetAwareCpuPolicy iaware feature off!
12-23 21:57:59.395 5778-7562/? I chatty/  : uid=10020(com.android.systemui) VolumeDialogCon expire 16 lines
12-23 21:58:45.381 2711-3678/? D system_server/: SetAwareCpuPolicy iaware feature off!
12-23 21:58:45.381 2711-3678/? D system_server/: SetAwareCpuPolicy iaware feature off!
12-23 21:58:45.381 2711-3678/? D system_server/: SetAwareCpuPolicy iaware feature off!
12-23 21:58:45.381 2711-3678/? D system_server/: SetAwareCpuPolicy iaware feature off!
12-23 21:58:45.381 2711-3678/? D system_server/: SetAwareCpuPolicy iaware feature off!
12-23 21:58:45.381 2711-3678/? D system_server/: SetAwareCpuPolicy iaware feature off!
12-23 21:58:45.381 2711-3678/? D system_server/: SetAwareCpuPolicy iaware feature off!
12-23 21:58:45.381 2711-3678/? D system_server/: SetAwareCpuPolicy iaware feature off!
12-23 21:58:45.382 2711-3678/? D system_server/: SetAwareCpuPolicy iaware feature off!
12-23 21:58:45.382 2711-3678/? D system_server/: SetAwareCpuPolicy iaware feature off!
12-23 21:58:45.382 2711-3678/? D system_server/: SetAwareCpuPolicy iaware feature off!
12-23 21:58:45.382 2711-3678/? D system_server/: SetAwareCpuPolicy iaware feature off!
12-23 21:58:45.382 2711-3678/? D system_server/: SetAwareCpuPolicy iaware feature off!
12-23 21:58:45.382 2711-3678/? D system_server/: SetAwareCpuPolicy iaware feature off!
12-23 21:58:45.382 2711-3678/? D system_server/: SetAwareCpuPolicy iaware feature off!
12-23 21:58:45.382 2711-3678/? D system_server/: SetAwareCpuPolicy iaware feature off!
12-23 21:58:45.382 2711-3678/? D system_server/: SetAwareCpuPolicy iaware feature off!
12-23 21:58:45.382 2711-3678/? D system_server/: SetAwareCpuPolicy iaware feature off!
12-23 21:58:45.382 2711-3678/? D system_server/: SetAwareCpuPolicy iaware feature off!
12-23 21:58:45.382 2711-3678/? D system_server/: SetAwareCpuPolicy iaware feature off!
12-23 21:58:45.382 2711-3678/? D system_server/: SetAwareCpuPolicy iaware feature off!
12-23 21:58:45.382 2711-3678/? D system_server/: SetAwareCpuPolicy iaware feature off!
12-23 21:58:45.383 2711-3678/? D system_server/: SetAwareCpuPolicy iaware feature off!
12-23 21:58:45.383 2711-3678/? D system_server/: SetAwareCpuPolicy iaware feature off!
12-23 21:58:45.383 2711-3678/? D system_server/: SetAwareCpuPolicy iaware feature off!
12-23 21:58:45.383 2711-3678/? D system_server/: SetAwareCpuPolicy iaware feature off!
12-23 21:58:45.383 2711-3678/? D system_server/: SetAwareCpuPolicy iaware feature off!
12-23 21:58:45.384 433-640/? I SurfaceFlinger/: HalVsync display 4619827259835644672 period 0
12-23 21:58:45.384 2711-3678/? D system_server/: SetAwareCpuPolicy iaware feature off!
12-23 21:58:45.385 2711-3678/? D system_server/: SetAwareCpuPolicy iaware feature off!
12-23 21:58:45.385 2711-3678/? D system_server/: SetAwareCpuPolicy iaware feature off!
12-23 21:58:45.385 2711-3678/? D system_server/: SetAwareCpuPolicy iaware feature off!
12-23 21:58:45.385 2711-3678/? D system_server/: SetAwareCpuPolicy iaware feature off!
12-23 21:58:45.385 2711-3678/? D system_server/: SetAwareCpuPolicy iaware feature off!
12-23 21:58:45.385 2711-3678/? D system_server/: SetAwareCpuPolicy iaware feature off!
12-23 21:58:45.385 2711-3678/? D system_server/: SetAwareCpuPolicy iaware feature off!
12-23 21:58:45.385 2711-3678/? D system_server/: SetAwareCpuPolicy iaware feature off!
12-23 21:58:45.385 2711-3678/? D system_server/: SetAwareCpuPolicy iaware feature off!
12-23 21:58:45.385 2711-3678/? D system_server/: SetAwareCpuPolicy iaware feature off!
12-23 21:58:45.385 2711-3678/? D system_server/: SetAwareCpuPolicy iaware feature off!
12-23 21:58:45.386 2711-3678/? D system_server/: SetAwareCpuPolicy iaware feature off!
12-23 21:58:45.386 2711-3678/? D system_server/: SetAwareCpuPolicy iaware feature off!
12-23 21:58:45.386 2711-3678/? D system_server/: SetAwareCpuPolicy iaware feature off!
12-23 21:58:45.386 2711-3678/? D system_server/: SetAwareCpuPolicy iaware feature off!
12-23 21:58:45.388 7310-7310/? I HwLauncher/: FloatingIconView iconResult is loaded
12-23 21:58:45.388 7310-7310/? I HwLauncher/: FloatingIconView setIcon mIsAdaptiveIcon:false
12-23 21:58:45.388 7310-7310/? I HwLauncher/: FloatingIconView showOrHideView:com.huawei.android.launcher.BubbleTextView{3531476 VFED..CL. ........ 288,135-576,469 #9c010100}, BubbleTextView: {ShortcutInfo: label, component: ComponentInfo{com.lkl.harmonystudy/EntryAbility}, user: UserHandle{0}, id: 169, container: -100CellIndex:Container:-100, ScreenId:1, ScreenIndex:-1, Cell(1, 0) Spans(1, 1) null} isShow:false
12-23 21:58:45.388 7310-7310/? I HwLauncher/: FloatingIconView showOrHideView info container:-100
12-23 21:58:45.389 7310-7310/? I HwLauncher/: LauncherAnimUtils hideIcon icon=com.huawei.android.launcher.BubbleTextView{3531476 VFED..CL. ......ID 288,135-576,469 #9c010100}, BubbleTextView: {ShortcutInfo: label, component: ComponentInfo{com.lkl.harmonystudy/EntryAbility}, user: UserHandle{0}, id: 169, container: -100CellIndex:Container:-100, ScreenId:1, ScreenIndex:-1, Cell(1, 0) Spans(1, 1) null} scale=1.000000
12-23 21:58:45.390 7310-7705/? W ziparchive/: Unable to open '/data/app/~~-gZ-e1MQlYfp4ZlvQe_k8A==/com.lkl.harmonystudy-RmKR2jSD1V9P1g4FkAi_Hw==/base.apk': No such file or directory
12-23 21:58:45.390 7310-7705/? E ndroid/.launche: Failed to open APK '/data/app/~~-gZ-e1MQlYfp4ZlvQe_k8A==/com.lkl.harmonystudy-RmKR2jSD1V9P1g4FkAi_Hw==/base.apk': I/O error
12-23 21:58:45.391 7310-7705/? W ResourcesManager/: failed to preload asset path '/data/app/~~-gZ-e1MQlYfp4ZlvQe_k8A==/com.lkl.harmonystudy-RmKR2jSD1V9P1g4FkAi_Hw==/base.apk'
12-23 21:58:45.391 7310-7705/? W ResourcesManager/: java.io.IOException: Failed to load asset path /data/app/~~-gZ-e1MQlYfp4ZlvQe_k8A==/com.lkl.harmonystudy-RmKR2jSD1V9P1g4FkAi_Hw==/base.apk
12-23 21:58:45.391 7310-7705/? W ResourcesManager/: 	at android.content.res.ApkAssets.nativeLoad(Native Method)
12-23 21:58:45.391 7310-7705/? W ResourcesManager/: 	at android.content.res.ApkAssets.<init>(ApkAssets.java:302)
12-23 21:58:45.391 7310-7705/? W ResourcesManager/: 	at android.content.res.ApkAssets.loadFromPath(ApkAssets.java:151)
12-23 21:58:45.391 7310-7705/? W ResourcesManager/: 	at android.app.ResourcesManager.loadApkAssets(ResourcesManager.java:507)
12-23 21:58:45.391 7310-7705/? W ResourcesManager/: 	at android.app.ResourcesManager.access$000(ResourcesManager.java:87)
12-23 21:58:45.391 7310-7705/? W ResourcesManager/: 	at android.app.ResourcesManager$ApkAssetsSupplier.load(ResourcesManager.java:203)
12-23 21:58:45.391 7310-7705/? W ResourcesManager/: 	at android.app.ResourcesManager.createApkAssetsSupplierNotLocked(ResourcesManager.java:1061)
12-23 21:58:45.391 7310-7705/? W ResourcesManager/: 	at android.app.ResourcesManager.getResources(ResourcesManager.java:1182)
