12-23 21:58:42.726 2711-3574/? E RemotePrintSpooler/: 	at com.android.server.print.PrintManagerService$PrintManagerImpl$3.run(PrintManagerService.java:995)
12-23 21:58:42.726 2711-3574/? E RemotePrintSpooler/: 	at android.os.Handler.handleCallback(Handler.java:966)
12-23 21:58:42.726 2711-3574/? E RemotePrintSpooler/: 	at android.os.Handler.dispatchMessage(Handler.java:110)
12-23 21:58:42.726 2711-3574/? E RemotePrintSpooler/: 	at android.os.Looper.loopOnce(Looper.java:205)
12-23 21:58:42.726 2711-3574/? E RemotePrintSpooler/: 	at android.os.Looper.loop(Looper.java:293)
12-23 21:58:42.726 2711-3574/? E RemotePrintSpooler/: 	at android.os.HandlerThread.run(HandlerThread.java:67)
12-23 21:57:58.567 7291-7291/? D 02F10/HwSecurityServer: HwSecurityService:-----per.getPropertyValue()----null
12-23 21:58:42.727 2711-3574/? I RemotePrintSpooler/: [user: 0] pruneApprovedPrintServices()
12-23 21:57:58.569 7291-7291/? I 02F10/HwSecurityServer: HwSecurityService:-------into registerNonResidentServices------
12-23 21:58:42.730 2711-3574/? I RemotePrintSpooler/: [user: 0] bindLocked() low priority
12-23 21:57:58.569 7291-7291/? D 02F10/HwSecurityServer: HwSecurityService:entry.getKey().getActionName() android.intent.action.PACKAGE_FULLY_REMOVED
12-23 21:58:42.732 2711-3574/? W ActivityManager/: Unable to start service Intent { cmp=com.android.printspooler/.model.PrintSpoolerService } U=0: not found
12-23 21:57:58.569 7291-7291/? D 02F10/HwSecurityServer: HwSecurityService:entry.getKey().getPackageName() com.huawei.deviceauth
12-23 21:58:42.738 2711-4906/? I ActivityManager_broadcast/: sendBroadcast,caller:ProcessRecord{fe0c4ec 2711:system/1000},act:android.net.wifi.CONFIGURED_NETWORKS_CHANGE,rep:false,ord:false,cmp:false,mftNum:0,rgtNum:1
12-23 21:57:58.569 7291-7291/? D 02F10/HwSecurityServer: HwSecurityService:entry.getKey().getServiceName() com.huawei.deviceauth.CleanRedundancyService
12-23 21:58:42.743 2711-5523/? I DE/ J AwarenessFence: [effect] registerFence() result = RequestResult{6, 3, 3, null, 0, 0, 100, android_1:1;6,3,3, 1, null, 3, 200000, null}
12-23 21:57:58.570 7291-7291/? I 02F10/HwSecurityServer: BroadcastManager:---into register----
12-23 21:58:42.766 2711-5523/? D CompatibilityChangeReporter/: Compat change id reported: 171306433; UID 5514; state: DISABLED
12-23 21:57:58.570 7291-7291/? I 02F10/HwSecurityServer: BroadcastManager:-----into isNotExist-----
12-23 21:58:42.766 2711-5523/? I AlarmManager/: set(PendingIntent{8253a5b: PendingIntentRecord{944dd36 com.huawei.hiai broadcastIntent}}) : type=0 triggerAtTime=1703383117004 win=0 tElapsed=43330184 maxElapsed=43330184 interval=0 flags=0x9 at=+43194238ms uid=5514 count=0
12-23 21:57:58.598 7291-7291/? D 02F10/HwSecurityServer: HwSecurityService:entry.getKey().getActionName() android.intent.action.BOOT_COMPLETED
12-23 21:58:42.767 2711-5523/? I HwAlarmManagerService/: com.huawei.deskclock not found.
12-23 21:57:58.599 7291-7291/? D 02F10/HwSecurityServer: HwSecurityService:entry.getKey().getPackageName() com.huawei.hwpanpayservice
12-23 21:58:42.767 2711-5523/? I HwAlarmManagerService/: com.android.deskclock not found.
12-23 21:57:58.599 7291-7291/? D 02F10/HwSecurityServer: HwSecurityService:entry.getKey().getServiceName() com.huawei.hwpanpayservice.HwResetSEService
12-23 21:58:42.767 2711-5523/? I HwAlarmManagerService/: hwSetRtcAlarm start
12-23 21:57:58.599 7291-7291/? I 02F10/HwSecurityServer: BroadcastManager:---into register----
12-23 21:58:42.767 2711-5523/? I HwAlarmManagerService/: com.huawei.deskclock not found.
12-23 21:57:58.599 7291-7291/? I 02F10/HwSecurityServer: BroadcastManager:-----into isNotExist-----
12-23 21:58:42.767 2711-5523/? I HwAlarmManagerService/: com.android.deskclock not found.
12-23 21:57:58.623 7291-7291/? I 02F10/HwSecurityServer: HandlerManager:----into start-----
12-23 21:58:42.772 2711-4912/? W ContextImpl/: Calling a method in the system process without a qualified user: android.app.ContextImpl.bindService:2040 com.huawei.ncdft.HwNcDftConnImpl.bindToService:82 com.huawei.ncdft.HwNcDftConnImpl.reportToDft:111 com.huawei.ncdft.HwNcDftConnManager.reportToDft:58 com.android.server.wifi.HwWifiCHRServiceImpl$NCDFTExceptionHandler.handleMessage:237
12-23 21:57:58.624 7291-7291/? I 02F10/HwSecurityServer: HwSecurityService:----into registerServiceManager------
12-23 21:58:42.773 2711-4912/? W ActivityManager/: Unable to start service Intent { act=com.huawei.ncdft.INcDft cmp=com.huawei.hiview/com.huawei.ncdft.NcDftService } U=0: not found
12-23 21:57:58.627 7291-7291/? E 02F10/HwSecurityServer: HwSecurityService:com.huawei.devicemanager not found, dslm not need to be started
12-23 21:58:42.778 2711-5523/? V ActivityManager/: startProcess: name=com.huawei.hiai.swingservice app=null knownToBeDead=true thread=null pid=-1 preloadStatus=-1
12-23 21:57:58.653 2711-4908/? I 00202/HwWifiP2pServiceEx: call updateGroupCreatedPkgList
12-23 21:58:42.779 2711-5523/? I ActivityManager/: new Process app=ProcessRecord{ea03e36 0:com.huawei.hiai.swingservice/5514}
12-23 21:57:58.653 7291-7291/? I 02F10/HwSecurityServer: HwJobService:HwJobService init 1
12-23 21:58:42.780 2711-5523/? D CompatibilityChangeReporter/: Compat change id reported: 135634846; UID 5514; state: DISABLED
12-23 21:57:58.654 7291-7291/? I 02F10/HwSecurityServer: HwJobService:job0start
12-23 21:58:42.780 2711-5523/? D CompatibilityChangeReporter/: Compat change id reported: 177438394; UID 5514; state: DISABLED
12-23 21:57:58.654 7291-7291/? I 02F10/HwSecurityServer: HwJobService:index 0 setRequiresChar true
12-23 21:58:42.780 2711-5523/? D CompatibilityChangeReporter/: Compat change id reported: 135772972; UID 5514; state: DISABLED
12-23 21:57:58.674 7291-7291/? I 02F10/HwSecurityServer: HwJobService:job0startsucc
12-23 21:58:42.781 2711-5523/? D CompatibilityChangeReporter/: Compat change id reported: 135754954; UID 5514; state: DISABLED
12-23 21:57:58.674 7291-7291/? I 02F10/HwSecurityServer: HwSecurityService:-----onStartCommand...--------
12-23 21:58:42.786 2711-3672/? I ActivityManager/: Start proc 9511:com.huawei.hiai.swingservice/5514 for service {com.huawei.hiai/com.huawei.hiai.awareness.service.SwingService}
12-23 21:57:58.927 5690-5690/? I 00202/HwNcDftConnImpl: bindToService start
12-23 21:58:42.786 2711-3672/? E MultiTaskManager/: multitask service is not running because prop is false, so getInstance return null
12-23 21:57:59.026 7270-7270/? I 00B01/GeofenceContentProvider: onCreate()
12-23 21:58:42.796 2711-3409/? D UsbDeviceManager/: netStatus is: falsenetName is: wlan0
12-23 21:57:59.030 2711-5484/? W 00202/HwSelfCureEngine: ENTER: handleWifiEnabled()
12-23 21:58:42.796 368-368/? D android/.hardware.wifi@1.0-service: SetMacAddress succeeded on wlan0
12-23 21:57:59.037 2711-5484/? E 00202/HwSelfCureEngine: enableAllNetworksByReason, no saved networks found.
12-23 21:58:42.798 2711-3409/? D UsbDeviceManager/: netStatus is: falsenetName is: wlan0
12-23 21:57:59.103 2711-5484/? W 00202/HwSelfCureEngine: ENTER: handleWifiEnabled()
12-23 21:58:42.799 2711-3409/? D UsbDeviceManager/: netStatus is: falsenetName is: wlan0
12-23 21:57:59.108 2711-5484/? E 00202/HwSelfCureEngine: enableAllNetworksByReason, no saved networks found.
12-23 21:58:42.820 2711-4912/? W ContextImpl/: Calling a method in the system process without a qualified user: android.app.ContextImpl.bindService:2040 com.huawei.ncdft.HwNcDftConnImpl.bindToService:82 com.huawei.ncdft.HwNcDftConnImpl.reportToDft:111 com.huawei.ncdft.HwNcDftConnManager.reportToDft:58 com.android.server.wifi.HwWifiCHRServiceImpl$NCDFTExceptionHandler.handleMessage:237
12-23 21:57:59.161 5778-7541/? I chatty/  : uid=10020(com.android.systemui) KeyguardThreadF expire 4 lines
12-23 21:58:42.820 2711-4912/? W ActivityManager/: Unable to start service Intent { act=com.huawei.ncdft.INcDft cmp=com.huawei.hiview/com.huawei.ncdft.NcDftService } U=0: not found
12-23 21:58:42.859 9511-9511/? I AndroidRuntime/: RuntimeInit: Starting application from zygote
12-23 21:58:42.859 9511-9511/? D AndroidRuntime/: Entered RuntimeInit!
12-23 21:58:42.861 9511-9511/? I AndroidRuntime/: MethodAndArgsCaller run()
12-23 21:58:42.870 2711-4906/? W ContextImpl/: Calling a method in the system process without a qualified user: android.app.ContextImpl.bindService:2040 com.huawei.ncdft.HwNcDftConnImpl.bindToService:82 com.huawei.ncdft.HwNcDftConnImpl.reportToDft:111 com.huawei.ncdft.HwNcDftConnManager.reportToDft:58 com.huawei.server.wifi.chr.HwWifiChrService.reportToDft:146
12-23 21:58:42.872 2711-4906/? W ActivityManager/: Unable to start service Intent { act=com.huawei.ncdft.INcDft cmp=com.huawei.hiview/com.huawei.ncdft.NcDftService } U=0: not found
12-23 21:58:42.898 5046-5046/? W wificond/: Scan is not started. Ignore abort request
12-23 21:58:42.900 9511-9511/? D ActivityThread/: Attach thread to application
12-23 21:58:42.902 2711-7396/? I ActivityManager_service/: Binding process pid:9511 to procname:com.huawei.hiai.swingservice providers.size=0
12-23 21:58:42.907 2711-7396/? I ActivityManager_activity/: Attach thread to application:9511 cost 7
12-23 21:58:42.918 9511-9524/? I ActivityThread/: Init compatible state: true
12-23 21:58:42.920 9511-9511/? I LoadedApk/: createSharedLibrariesLoaders::sharedLibraries is null
12-23 21:58:42.959 2711-4912/? W ContextImpl/: Calling a method in the system process without a qualified user: android.app.ContextImpl.bindService:2040 com.huawei.ncdft.HwNcDftConnImpl.bindToService:82 com.huawei.ncdft.HwNcDftConnImpl.reportToDft:111 com.huawei.ncdft.HwNcDftConnManager.reportToDft:58 com.android.server.wifi.HwWifiCHRServiceImpl$NCDFTExceptionHandler.handleMessage:237
12-23 21:58:42.959 2711-4912/? W ActivityManager/: Unable to start service Intent { act=com.huawei.ncdft.INcDft cmp=com.huawei.hiview/com.huawei.ncdft.NcDftService } U=0: not found
12-23 21:58:42.962 9511-9511/? I ActivityThread/: finishPreloaded preloadStatus 0
12-23 21:58:42.974 2711-3409/? D UsbDeviceManager/: netStatus is: truenetName is: wlan0
12-23 21:58:42.975 2711-3409/? D UsbDeviceManager/: netStatus is: truenetName is: wlan0
12-23 21:58:42.982 2711-7738/? I ActivityManager_broadcast/: sendBroadcast,caller:ProcessRecord{fe0c4ec 2711:system/1000},act:android.net.conn.TETHER_STATE_CHANGED,rep:true,ord:false,cmp:false,mftNum:1,rgtNum:5
12-23 21:58:42.984 2711-4892/? I NetworkStats/: ACTION_TETHER_STATE_CHANGED onReceive
12-23 21:58:42.984 2711-4892/? I PowerMS/ : acquire:L=53771787,F=0x1,T=NetworkStats,N=android,WS=null,U=1000,P=2711
12-23 21:58:42.984 2711-4892/? I PowerManagerService/:  schedul eye detect nextTimeout: 2147610399 now: 136164 mRemainTime: 16000
12-23 21:58:42.986 2711-4892/? I NetworkStats/: performPollLocked, pid = 2711
12-23 21:58:42.988 2711-7354/? V BroadcastQueue/: Finished with ordered broadcast BroadcastRecord{853c640 u-1 android.net.conn.TETHER_STATE_CHANGED}
12-23 21:58:42.990 2711-4906/? I AlarmManager/: remove Alarm{7fae6be type 2 origWhen 139565 whenElapsed 139565 listener f2dbb02 android android procName system} according to listener: f2dbb02 by reason: 1
12-23 21:58:42.992 2711-4906/? I ActivityManager_broadcast/: sendBroadcast,caller:ProcessRecord{fe0c4ec 2711:system/1000},act:android.net.wifi.supplicant.STATE_CHANGE,rep:true,ord:false,cmp:false,mftNum:0,rgtNum:5
12-23 21:58:42.992 2711-4892/? I netddebug/: getNetworkStatsUidDetail, pid = 2711
12-23 21:58:42.992 2711-4892/? I NetworkStatsFactory/: readNetworkStatsDetail enter
12-23 21:58:42.992 2711-4892/? I NetworkStatsFactory/: get mPersistentDataLock
12-23 21:58:42.992 2711-4892/? I NetworkStatsFactory/: UseBpfStats requestSwapActiveStatsMapLocked start
12-23 21:58:43.014 2711-4912/? W ContextImpl/: Calling a method in the system process without a qualified user: android.app.ContextImpl.bindService:2040 com.huawei.ncdft.HwNcDftConnImpl.bindToService:82 com.huawei.ncdft.HwNcDftConnImpl.reportToDft:111 com.huawei.ncdft.HwNcDftConnManager.reportToDft:58 com.android.server.wifi.HwWifiCHRServiceImpl$NCDFTExceptionHandler.handleMessage:237
12-23 21:58:43.014 2711-4912/? W ActivityManager/: Unable to start service Intent { act=com.huawei.ncdft.INcDft cmp=com.huawei.hiview/com.huawei.ncdft.NcDftService } U=0: not found
12-23 21:58:43.014 2711-4912/? W ContextImpl/: Calling a method in the system process without a qualified user: android.app.ContextImpl.bindService:2040 com.huawei.ncdft.HwNcDftConnImpl.bindToService:82 com.huawei.ncdft.HwNcDftConnImpl.reportToDft:111 com.huawei.ncdft.HwNcDftConnManager.reportToDft:58 com.android.server.wifi.HwWifiCHRServiceImpl$NCDFTExceptionHandler.handleMessage:237
12-23 21:58:43.015 2711-4912/? W ActivityManager/: Unable to start service Intent { act=com.huawei.ncdft.INcDft cmp=com.huawei.hiview/com.huawei.ncdft.NcDftService } U=0: not found
12-23 21:58:43.015 2711-4912/? W ContextImpl/: Calling a method in the system process without a qualified user: android.app.ContextImpl.bindService:2040 com.huawei.ncdft.HwNcDftConnImpl.bindToService:82 com.huawei.ncdft.HwNcDftConnImpl.reportToDft:111 com.huawei.ncdft.HwNcDftConnManager.reportToDft:58 com.android.server.wifi.HwWifiCHRServiceImpl$NCDFTExceptionHandler.handleMessage:237
12-23 21:58:43.015 2711-4912/? W ActivityManager/: Unable to start service Intent { act=com.huawei.ncdft.INcDft cmp=com.huawei.hiview/com.huawei.ncdft.NcDftService } U=0: not found
12-23 21:58:43.016 2711-4912/? W ContextImpl/: Calling a method in the system process without a qualified user: android.app.ContextImpl.bindService:2040 com.huawei.ncdft.HwNcDftConnImpl.bindToService:82 com.huawei.ncdft.HwNcDftConnImpl.reportToDft:111 com.huawei.ncdft.HwNcDftConnManager.reportToDft:58 com.android.server.wifi.HwWifiCHRServiceImpl$NCDFTExceptionHandler.handleMessage:237
12-23 21:58:43.016 2711-4912/? W ActivityManager/: Unable to start service Intent { act=com.huawei.ncdft.INcDft cmp=com.huawei.hiview/com.huawei.ncdft.NcDftService } U=0: not found
12-23 21:58:43.069 2711-3671/? V ActivityManager/: startProcess: name=com.huawei.hiai app=null knownToBeDead=true thread=null pid=-1 preloadStatus=-1
12-23 21:58:43.069 2711-3671/? I ActivityManager/: new Process app=ProcessRecord{77b0f96 0:com.huawei.hiai/5514}
12-23 21:58:43.074 2711-3671/? D CompatibilityChangeReporter/: Compat change id reported: 135634846; UID 5514; state: DISABLED
12-23 21:58:43.075 2711-3671/? D CompatibilityChangeReporter/: Compat change id reported: 177438394; UID 5514; state: DISABLED
12-23 21:58:43.075 2711-3671/? D CompatibilityChangeReporter/: Compat change id reported: 135772972; UID 5514; state: DISABLED
12-23 21:58:43.076 2711-4892/? I NetworkStatsFactory/: UseBpfStats requestSwapActiveStatsMapLocked end
12-23 21:58:43.077 2711-4892/? I NetworkStatsFactory/: UseBpfStats nativeReadNetworkStatsDetail start
12-23 21:58:43.078 2711-4735/? D PowerManagerService/: userActivityNoUpdateLocked: groupId=0, eventTime=136249, event=2, flags=0x0, uid=1000
12-23 21:58:43.078 2711-4735/? I PowerMS/ : userActivity:eventTime=136249,event=2,flags=0x0,uid=1000
12-23 21:58:43.079 2711-4735/? I PowerManagerService/:  schedul eye detect nextTimeout: 2147612896 now: 136258 mRemainTime: 16000
12-23 21:58:43.080 2711-3671/? D CompatibilityChangeReporter/: Compat change id reported: 135754954; UID 5514; state: DISABLED
12-23 21:58:43.085 2711-4892/? I NetworkStatsFactory/: UseBpfStats nativeReadNetworkStatsDetail end
12-23 21:58:43.085 2711-4892/? I NetworkStatsFactory/: UseBpfStats filterUidsRemoved end
12-23 21:58:43.085 2711-4892/? I NetworkStatsFactory/: adjustForTunAnd464Xlat end
12-23 21:58:43.089 2711-4906/? I ActivityManager_broadcast/: sendBroadcast,caller:ProcessRecord{fe0c4ec 2711:system/1000},act:android.net.wifi.supplicant.STATE_CHANGE,rep:true,ord:false,cmp:false,mftNum:0,rgtNum:5
12-23 21:58:43.091 2711-3672/? I ActivityManager/: Start proc 9534:com.huawei.hiai/5514 for service {com.huawei.hiai/com.huawei.hiai.plugin.silentupdate.jobservice.PluginModelSilentUpdateJobService}
12-23 21:58:43.091 2711-3672/? E MultiTaskManager/: multitask service is not running because prop is false, so getInstance return null
12-23 21:58:43.133 2711-4892/? I NetworkStatsCollection/: getSummary, uid = 1000stats size = 2
12-23 21:58:43.133 2711-4892/? I NetworkStatsCollection/: getSummary, uid = 1000stats size = 2
12-23 21:58:43.133 2711-4892/? I NetworkStatsCollection/: getSummary, uid = 1000stats size = 8
12-23 21:58:43.134 2711-4892/? I NetworkStatsCollection/: getSummary, uid = 1000stats size = 2
12-23 21:58:43.135 2711-4892/? I NetworkStatsCollection/: getSummary, uid = 1000stats size = 2
12-23 21:58:43.135 2711-4892/? I NetworkStatsCollection/: getSummary, uid = 1000stats size = 8
12-23 21:58:43.135 2711-4906/? I ActivityManager_broadcast/: sendBroadcast,caller:ProcessRecord{fe0c4ec 2711:system/1000},act:android.net.wifi.supplicant.STATE_CHANGE,rep:true,ord:false,cmp:false,mftNum:0,rgtNum:5
12-23 21:58:43.136 2711-4892/? I PowerMS/ : release:L=53771787,F=0x0,T=NetworkStats,N=android,WS=null,U=1000,P=2711
12-23 21:58:43.137 2711-4892/? I PowerManagerService/:  schedul eye detect nextTimeout: 2147612896 now: 136316 mRemainTime: 16000
12-23 21:58:43.146 2711-4892/? I ActivityManager_broadcast/: sendBroadcast,caller:ProcessRecord{fe0c4ec 2711:system/1000},act:com.android.server.action.NETWORK_STATS_UPDATED,rep:false,ord:false,cmp:false,mftNum:0,rgtNum:1
12-23 21:58:43.149 2711-4896/? I NetworkStats/: History for network, uid = 1000
12-23 21:58:43.149 2711-4896/? I NetworkStats/: Summary for network, uid = 1000
12-23 21:58:43.153 2711-4896/? D MultipathPolicyTracker/: updateAllMultipathBudgets.
12-23 21:58:43.231 9534-9534/? I AndroidRuntime/: RuntimeInit: Starting application from zygote
12-23 21:58:43.231 2711-4735/? D PowerManagerService/: userActivityNoUpdateLocked: groupId=0, eventTime=136407, event=2, flags=0x0, uid=1000
12-23 21:58:43.232 9534-9534/? D AndroidRuntime/: Entered RuntimeInit!
12-23 21:58:43.232 2711-4735/? I PowerManagerService/:  schedul eye detect nextTimeout: 2147613054 now: 136411 mRemainTime: 16000
12-23 21:58:43.233 9534-9534/? I AndroidRuntime/: MethodAndArgsCaller run()
12-23 21:58:43.260 9534-9534/? D ActivityThread/: Attach thread to application
12-23 21:58:43.262 2711-7805/? I ActivityManager_service/: Binding process pid:9534 to procname:com.huawei.hiai providers.size=14
12-23 21:58:43.269 2711-7805/? I ActivityManager_activity/: Attach thread to application:9534 cost 9
12-23 21:58:43.340 2711-7805/? I ActivityManager_broadcast/: sendBroadcast,caller:ProcessRecord{5b077cf 9373:com.android.providers.calendar/u0a13},act:com.android.providers.calendar.intent.HiAiRecommendAlarm,rep:false,ord:false,cmp:true,mftNum:1,rgtNum:0
12-23 21:58:43.350 2711-7805/? V BroadcastQueue/: Finished with ordered broadcast BroadcastRecord{f1f04d2 u0 com.android.providers.calendar.intent.HiAiRecommendAlarm}
12-23 21:58:43.374 2711-5017/? I HwConnectivityService/: hintUserSwitchToMobileWhileWifiDisconnected, state=CONNECTING  type =1
12-23 21:58:43.374 2711-5017/? I HwConnectivityService/: mLastWifiState =DISCONNECTED
12-23 21:58:43.374 2711-5017/? I HwConnectivityService/: [enter]handleLteMobileDataStateChange type=1,subType=-1
12-23 21:58:43.378 9534-9547/? I ActivityThread/: Init compatible state: true
12-23 21:58:43.384 9534-9534/? I LoadedApk/: createSharedLibrariesLoaders::sharedLibraries is null
12-23 21:58:43.415 2711-8318/? D CompatibilityChangeReporter/: Compat change id reported: 171306433; UID 1000; state: ENABLED
12-23 21:58:43.415 2711-8318/? I AlarmManager/: set(listener: 3c49c1e) : type=2 triggerAtTime=154594 win=0 tElapsed=154594 maxElapsed=154594 interval=0 flags=0x9 at=+18000ms uid=1000 count=21 callingClass=android.net.networkstack.util.WakeupMessage.schedule:100
12-23 21:58:43.417 2711-4906/? I ActivityManager_broadcast/: sendBroadcast,caller:ProcessRecord{fe0c4ec 2711:system/1000},act:android.net.wifi.supplicant.STATE_CHANGE,rep:true,ord:false,cmp:false,mftNum:0,rgtNum:5
12-23 21:58:43.468 2711-2711/? I HwAudioService/: Intent.ACTION_BOOT_COMPLETED rigsterForegroundAppTypeWithCallback ForeAppTypeListener
12-23 21:58:43.468 2711-2711/? E HwAudioService/: IAwareSdkService getService is null
12-23 21:58:43.496 9534-9534/? D HwLoadedApk/: libSearchPath: /hw_product/region_comm/china/app/HwHiAiEngine/lib/x86_64:/system/lib64:/hw_product/lib64:/system/lib64/module/multimedia
12-23 21:58:43.507 2711-4906/? I ActivityManager_broadcast/: sendBroadcast,caller:ProcessRecord{fe0c4ec 2711:system/1000},act:android.net.wifi.RSSI_CHANGED,rep:false,ord:false,cmp:false,mftNum:0,rgtNum:8
12-23 21:58:43.533 2711-5017/? I HwConnectivityService/: hintUserSwitchToMobileWhileWifiDisconnected, state=CONNECTING  type =1
12-23 21:58:43.533 2711-5017/? I HwConnectivityService/: mLastWifiState =CONNECTING
12-23 21:58:43.562 2711-7805/? I ContentProviderHelper/: Successfully start provider ContentProviderRecord{d12b194 u0 com.android.providers.settings/.hwext.HwSettingsProvider} launchingApp=null caller pid= 9534
12-23 21:58:43.625 2711-4892/? I NetworkStats/: forceUpdateIfaces, pid = 2711
12-23 21:58:43.625 2711-4892/? I PowerMS/ : acquire:L=53771787,F=0x1,T=NetworkStats,N=android,WS=null,U=1000,P=2711
12-23 21:58:43.625 2711-4892/? I PowerManagerService/:  schedul eye detect nextTimeout: 2147613054 now: 136804 mRemainTime: 16000
12-23 21:58:43.627 2711-4892/? I NetworkStats/: performPollLocked, pid = 2711
12-23 21:58:43.644 2711-8318/? I AlarmManager/: set(listener: d970148) : type=2 triggerAtTime=154823 win=0 tElapsed=154823 maxElapsed=154823 interval=0 flags=0x9 at=+18000ms uid=1000 count=22 callingClass=android.net.networkstack.util.WakeupMessage.schedule:100
12-23 21:58:43.650 2711-4912/? W ContextImpl/: Calling a method in the system process without a qualified user: android.app.ContextImpl.bindService:2040 com.huawei.ncdft.HwNcDftConnImpl.bindToService:82 com.huawei.ncdft.HwNcDftConnImpl.reportToDft:111 com.huawei.ncdft.HwNcDftConnManager.reportToDft:58 com.android.server.wifi.HwWifiCHRServiceImpl$NCDFTExceptionHandler.handleMessage:237
12-23 21:58:43.650 2711-4912/? W ActivityManager/: Unable to start service Intent { act=com.huawei.ncdft.INcDft cmp=com.huawei.hiview/com.huawei.ncdft.NcDftService } U=0: not found
12-23 21:58:43.652 2711-4892/? I netddebug/: getNetworkStatsUidDetail, pid = 2711
12-23 21:58:43.652 2711-4892/? I NetworkStatsFactory/: readNetworkStatsDetail enter
12-23 21:58:43.652 2711-4892/? I NetworkStatsFactory/: get mPersistentDataLock
12-23 21:58:43.652 2711-4892/? I NetworkStatsFactory/: UseBpfStats requestSwapActiveStatsMapLocked start
12-23 21:58:43.670 9534-9534/? D HwLoadedApk/: libSearchPath: /hw_product/region_comm/china/app/HwHiAiEngine/lib/x86_64:/system/lib64:/hw_product/lib64:/system/lib64/module/multimedia
12-23 21:58:43.680 2711-8318/? I ActivityManager_broadcast/: sendBroadcast,caller:ProcessRecord{fe0c4ec 2711:system/1000},act:com.hw.wifipro.action.DHCP_OFFER_INFO,rep:false,ord:false,cmp:false,mftNum:0,rgtNum:1
12-23 21:58:43.682 2711-8318/? I AlarmManager/: set(listener: 94a251d) : type=2 triggerAtTime=145861 win=0 tElapsed=145861 maxElapsed=145861 interval=0 flags=0x9 at=+9000ms uid=1000 count=23 callingClass=android.net.networkstack.util.WakeupMessage.schedule:100
12-23 21:58:43.691 2711-4892/? I NetworkStatsFactory/: UseBpfStats requestSwapActiveStatsMapLocked end
12-23 21:58:43.691 2711-4892/? I NetworkStatsFactory/: UseBpfStats nativeReadNetworkStatsDetail start
12-23 21:58:43.691 2711-4892/? I NetworkStatsFactory/: UseBpfStats nativeReadNetworkStatsDetail end
12-23 21:58:43.691 2711-4892/? I NetworkStatsFactory/: UseBpfStats filterUidsRemoved end
12-23 21:58:43.691 2711-4892/? I NetworkStatsFactory/: adjustForTunAnd464Xlat end
12-23 21:58:43.691 2711-8318/? I AlarmManager/: remove Alarm{d4ed392 type 2 origWhen 145861 whenElapsed 145861 listener 94a251d com.android.networkstack.inprocess com.android.networkstack.inprocess procName system} according to listener: 94a251d by reason: 1
12-23 21:58:43.693 2711-8318/? I AlarmManager/: set(listener: 94a251d) : type=2 triggerAtTime=136922 win=0 tElapsed=136922 maxElapsed=136922 interval=0 flags=0x9 at=+50ms uid=1000 count=23 callingClass=android.net.networkstack.util.WakeupMessage.schedule:100
12-23 21:58:43.718 2711-4892/? I NetworkStatsCollection/: getSummary, uid = 1000stats size = 2
12-23 21:58:43.718 2711-4892/? I NetworkStatsCollection/: getSummary, uid = 1000stats size = 2
12-23 21:58:43.718 2711-4892/? I NetworkStatsCollection/: getSummary, uid = 1000stats size = 8
12-23 21:58:43.718 2711-4892/? I NetworkStatsCollection/: getSummary, uid = 1000stats size = 2
12-23 21:58:43.718 2711-4892/? I NetworkStatsCollection/: getSummary, uid = 1000stats size = 2
12-23 21:58:43.718 2711-4892/? I NetworkStatsCollection/: getSummary, uid = 1000stats size = 8
12-23 21:58:43.719 2711-4892/? I PowerMS/ : release:L=53771787,F=0x0,T=NetworkStats,N=android,WS=null,U=1000,P=2711
12-23 21:58:43.720 2711-4892/? I PowerManagerService/:  schedul eye detect nextTimeout: 2147613054 now: 136899 mRemainTime: 16000
12-23 21:58:43.720 2711-4892/? I NetworkStats/: forceUpdateIfaces exit
12-23 21:58:43.721 2711-4892/? I ActivityManager_broadcast/: sendBroadcast,caller:ProcessRecord{fe0c4ec 2711:system/1000},act:com.android.server.action.NETWORK_STATS_UPDATED,rep:false,ord:false,cmp:false,mftNum:0,rgtNum:1
12-23 21:58:43.737 9534-9534/? D HwLoadedApk/: libSearchPath: /hw_product/region_comm/china/app/HwHiAiEngine/lib/x86_64:/system/lib64:/hw_product/lib64:/system/lib64/module/multimedia
12-23 21:58:43.743 9534-9534/? D HwLoadedApk/: libSearchPath: /hw_product/region_comm/china/app/HwHiAiEngine/lib/x86_64:/system/lib64:/hw_product/lib64:/system/lib64/module/multimedia
12-23 21:58:43.743 2711-4527/? I AlarmManager/: Alarm triggering (type 0 or 2): [Alarm{9c610bf type 2 origWhen 136922 whenElapsed 136922 listener 94a251d com.android.networkstack.inprocess com.android.networkstack.inprocess procName system}]
12-23 21:58:43.743 2711-4527/? I AlarmManager/: sending alarm Alarm{9c610bf type 2 origWhen 136922 whenElapsed 136922 listener 94a251d com.android.networkstack.inprocess com.android.networkstack.inprocess procName system},repeatInterval = 0,listenerTag =DhcpClient.wlan0.TIMEOUT
12-23 21:58:43.744 2711-4527/? I PowerManagerService/:  schedul eye detect nextTimeout: 2147613054 now: 136923 mRemainTime: 16000
12-23 21:58:43.748 9534-9534/? D HwLoadedApk/: libSearchPath: /hw_product/region_comm/china/app/HwHiAiEngine/lib/x86_64:/system/lib64:/hw_product/lib64:/system/lib64/module/multimedia
12-23 21:58:43.763 2711-7805/? I ContentProviderHelper/: publishContentProviders app: ProcessRecord{77b0f96 9534:com.huawei.hiai/5514}, providers.size: 14
12-23 21:58:43.767 2711-4896/? I NetworkStats/: History for network, uid = 1000
12-23 21:58:43.767 2711-4896/? I NetworkStats/: Summary for network, uid = 1000
12-23 21:58:43.770 2711-4896/? D MultipathPolicyTracker/: updateAllMultipathBudgets.
12-23 21:58:43.789 2711-8318/? I PowerManagerService/:  schedul eye detect nextTimeout: 2147613054 now: 136968 mRemainTime: 16000
12-23 21:58:43.789 2711-8318/? I AlarmManager/: remove Alarm{309dad5 type 2 origWhen 154823 whenElapsed 154823 listener d970148 com.android.networkstack.inprocess com.android.networkstack.inprocess procName system} according to listener: d970148 by reason: 1
12-23 21:58:43.794 2711-4912/? W ContextImpl/: Calling a method in the system process without a qualified user: android.app.ContextImpl.bindService:2040 com.huawei.ncdft.HwNcDftConnImpl.bindToService:82 com.huawei.ncdft.HwNcDftConnImpl.reportToDft:111 com.huawei.ncdft.HwNcDftConnManager.reportToDft:58 com.android.server.wifi.HwWifiCHRServiceImpl$NCDFTExceptionHandler.handleMessage:237
12-23 21:58:43.794 2711-4912/? W ActivityManager/: Unable to start service Intent { act=com.huawei.ncdft.INcDft cmp=com.huawei.hiview/com.huawei.ncdft.NcDftService } U=0: not found
12-23 21:58:43.797 2711-8318/? I AlarmManager/: set(listener: 94a251d) : type=2 triggerAtTime=140976 win=0 tElapsed=140976 maxElapsed=140976 interval=0 flags=0x9 at=+3999ms uid=1000 count=22 callingClass=android.net.networkstack.util.WakeupMessage.schedule:100
12-23 21:58:43.799 2711-5017/? I HwConnectivityService/: hintUserSwitchToMobileWhileWifiDisconnected, state=CONNECTING  type =1
12-23 21:58:43.799 2711-5017/? I HwConnectivityService/: mLastWifiState =CONNECTING
12-23 21:58:43.799 2711-8318/? I AlarmManager/: remove Alarm{3b14c78 type 2 origWhen 154594 whenElapsed 154594 listener 3c49c1e com.android.networkstack.inprocess com.android.networkstack.inprocess procName system} according to listener: 3c49c1e by reason: 1
12-23 21:58:43.801 2711-4892/? I NetworkStats/: forceUpdateIfaces, pid = 2711
12-23 21:58:43.801 2711-4892/? I PowerMS/ : acquire:L=53771787,F=0x1,T=NetworkStats,N=android,WS=null,U=1000,P=2711
12-23 21:58:43.801 2711-4892/? I PowerManagerService/:  schedul eye detect nextTimeout: 2147613054 now: 136981 mRemainTime: 16000
12-23 21:58:43.802 2711-4892/? I NetworkStats/: performPollLocked, pid = 2711
12-23 21:58:43.814 2711-4906/? I AlarmManager/: set(listener: f2dbb02) : type=2 triggerAtTime=139556 win=0 tElapsed=139556 maxElapsed=139556 interval=0 flags=0x9 at=+2562ms uid=1000 count=22 callingClass=com.android.server.wifi.WifiConnectivityManager.schedulePeriodicScanTimer:2506
12-23 21:58:43.828 2711-4912/? W ContextImpl/: Calling a method in the system process without a qualified user: android.app.ContextImpl.bindService:2040 com.huawei.ncdft.HwNcDftConnImpl.bindToService:82 com.huawei.ncdft.HwNcDftConnImpl.reportToDft:111 com.huawei.ncdft.HwNcDftConnManager.reportToDft:58 com.android.server.wifi.HwWifiCHRServiceImpl$NCDFTExceptionHandler.handleMessage:237
12-23 21:58:43.828 2711-4906/? I ActivityManager_broadcast/: sendBroadcast,caller:ProcessRecord{fe0c4ec 2711:system/1000},act:android.net.wifi.CONFIGURED_NETWORKS_CHANGE,rep:false,ord:false,cmp:false,mftNum:0,rgtNum:1
12-23 21:58:43.829 2711-4912/? W ActivityManager/: Unable to start service Intent { act=com.huawei.ncdft.INcDft cmp=com.huawei.hiview/com.huawei.ncdft.NcDftService } U=0: not found
12-23 21:58:43.833 2711-4892/? I netddebug/: getNetworkStatsUidDetail, pid = 2711
12-23 21:58:43.833 2711-4892/? I NetworkStatsFactory/: readNetworkStatsDetail enter
12-23 21:58:43.833 2711-4892/? I NetworkStatsFactory/: get mPersistentDataLock
12-23 21:58:43.833 2711-4892/? I NetworkStatsFactory/: UseBpfStats requestSwapActiveStatsMapLocked start
12-23 21:58:43.834 2711-4906/? I AlarmManager/: set(listener: 2d90b20) : type=2 triggerAtTime=147010 win=0 tElapsed=147010 maxElapsed=147010 interval=0 flags=0x8 at=+9999ms uid=1000 count=23 callingClass=com.android.server.wifi.WifiConfigStore.startBufferedWriteAlarm:502
12-23 21:58:43.873 2711-4912/? W ContextImpl/: Calling a method in the system process without a qualified user: android.app.ContextImpl.bindService:2040 com.huawei.ncdft.HwNcDftConnImpl.bindToService:82 com.huawei.ncdft.HwNcDftConnImpl.reportToDft:111 com.huawei.ncdft.HwNcDftConnManager.reportToDft:58 com.android.server.wifi.HwWifiCHRServiceImpl$NCDFTExceptionHandler.handleMessage:237
12-23 21:58:43.873 2711-4906/? I ActivityManager_broadcast/: sendBroadcast,caller:ProcessRecord{fe0c4ec 2711:system/1000},act:com.huawei.wifipro.action.ACTION_NOTIFY_WIFI_CONNECTED_CONCURRENTLY,rep:false,ord:false,cmp:false,mftNum:0,rgtNum:1
12-23 21:58:43.875 2711-4912/? W ActivityManager/: Unable to start service Intent { act=com.huawei.ncdft.INcDft cmp=com.huawei.hiview/com.huawei.ncdft.NcDftService } U=0: not found
12-23 21:58:43.906 2711-4892/? I NetworkStatsFactory/: UseBpfStats requestSwapActiveStatsMapLocked end
12-23 21:58:43.906 2711-4892/? I NetworkStatsFactory/: UseBpfStats nativeReadNetworkStatsDetail start
12-23 21:58:43.907 2711-4892/? I NetworkStatsFactory/: UseBpfStats nativeReadNetworkStatsDetail end
12-23 21:58:43.907 2711-4892/? I NetworkStatsFactory/: UseBpfStats filterUidsRemoved end
12-23 21:58:43.907 2711-4892/? I NetworkStatsFactory/: adjustForTunAnd464Xlat end
12-23 21:58:43.917 2711-4892/? I NetworkStatsCollection/: getSummary, uid = 1000stats size = 2
12-23 21:58:43.929 2711-4892/? I NetworkStatsCollection/: getSummary, uid = 1000stats size = 2
12-23 21:58:43.929 2711-4892/? I NetworkStatsCollection/: getSummary, uid = 1000stats size = 8
12-23 21:58:43.929 2711-4892/? I NetworkStatsCollection/: getSummary, uid = 1000stats size = 2
12-23 21:58:43.935 2711-4892/? I NetworkStatsCollection/: getSummary, uid = 1000stats size = 2
12-23 21:58:43.935 2711-4892/? I NetworkStatsCollection/: getSummary, uid = 1000stats size = 8
12-23 21:58:43.935 2711-4892/? I PowerMS/ : release:L=53771787,F=0x0,T=NetworkStats,N=android,WS=null,U=1000,P=2711
12-23 21:58:43.942 2711-4892/? I PowerManagerService/:  schedul eye detect nextTimeout: 2147613054 now: 137115 mRemainTime: 16000
12-23 21:58:43.943 2711-4892/? I NetworkStats/: forceUpdateIfaces exit
12-23 21:58:43.943 2711-4892/? I NetworkStats/: forceUpdateIfaces, pid = 2711
12-23 21:58:43.944 2711-4892/? I PowerMS/ : acquire:L=53771787,F=0x1,T=NetworkStats,N=android,WS=null,U=1000,P=2711
12-23 21:58:43.944 2711-4892/? I PowerManagerService/:  schedul eye detect nextTimeout: 2147613054 now: 137123 mRemainTime: 16000
12-23 21:58:43.951 2711-4892/? I NetworkStats/: performPollLocked, pid = 2711
12-23 21:58:43.969 9534-9534/? I ActivityThread/: finishPreloaded preloadStatus 0
12-23 21:58:43.974 2711-4892/? I netddebug/: getNetworkStatsUidDetail, pid = 2711
12-23 21:58:43.974 2711-4892/? I NetworkStatsFactory/: readNetworkStatsDetail enter
12-23 21:58:43.974 2711-4892/? I NetworkStatsFactory/: get mPersistentDataLock
12-23 21:58:43.974 2711-4892/? I NetworkStatsFactory/: UseBpfStats requestSwapActiveStatsMapLocked start
12-23 21:58:43.975 2711-7998/? I ActivityManager/: power push bindservice callingPkg:android, pkg:com.huawei.hiai, callerApp pid:2711, pid:9534
12-23 21:58:43.983 2711-3698/? D ActivityManager/: setPrivilegeType serviceRecord: ServiceRecord{39f2bde u0 com.huawei.hiai/.plugin.silentupdate.jobservice.PluginModelSilentUpdateJobService}, interfaceDescriptor : android.app.job.IJobService
12-23 21:58:43.985 2711-3698/? D ActivityManager/: setPrivilegeType serviceRecord: ServiceRecord{c42c07e u0 com.huawei.hiai/.plugin.PluginService}, interfaceDescriptor : com.huawei.hiai.pdk.pluginservice.IPluginService
12-23 21:58:43.999 9534-9578/? E AndroidRuntime/: FATAL EXCEPTION: CyclicJobManager
12-23 21:58:43.999 9534-9578/? E AndroidRuntime/: Process: com.huawei.hiai, PID: 9534
12-23 21:58:43.999 9534-9578/? E AndroidRuntime/: java.lang.ArrayIndexOutOfBoundsException: length=0; index=0
12-23 21:58:43.999 9534-9578/? E AndroidRuntime/: 	at com.huawei.hiai.utils.s.p(DeviceUtil.java:5)
12-23 21:58:43.999 9534-9578/? E AndroidRuntime/: 	at com.huawei.hiai.hiaid.hiaic.b.a(AbsSettingsManager.java:5)
12-23 21:58:43.999 9534-9578/? E AndroidRuntime/: 	at com.huawei.hiai.hiaid.hiaic.a.a(AIEngineSettingsManager.java:6)
12-23 21:58:43.999 9534-9578/? E AndroidRuntime/: 	at com.huawei.hiai.utils.v0.b(SystemUtil.java:1)
12-23 21:58:43.999 9534-9578/? E AndroidRuntime/: 	at hiaib.hiaia.hiaie.hiaie.l.d(JobServiceReportUtil.java:20)
12-23 21:58:43.999 9534-9578/? E AndroidRuntime/: 	at com.huawei.ids.jobservice.CyclicJobHandler.handleStartMessage(CyclicJobHandler.java:11)
12-23 21:58:43.999 9534-9578/? E AndroidRuntime/: 	at com.huawei.hiai.plugin.q.handleMessage(AbsUpdateHandler.java:4)
12-23 21:58:43.999 9534-9578/? E AndroidRuntime/: 	at android.os.Handler.dispatchMessage(Handler.java:117)
12-23 21:58:43.999 9534-9578/? E AndroidRuntime/: 	at android.os.Looper.loopOnce(Looper.java:205)
12-23 21:58:43.999 9534-9578/? E AndroidRuntime/: 	at android.os.Looper.loop(Looper.java:293)
12-23 21:58:43.999 9534-9578/? E AndroidRuntime/: 	at android.os.HandlerThread.run(HandlerThread.java:67)
12-23 21:58:44.011 2711-2711/? I PowerMS/ : acquire:L=176252853,F=0x1,T=*job*/com.huawei.hiai/.plugin.silentupdate.jobservice.PluginModelSilentUpdateJobService,N=android,WS=WorkSource{5514},U=1000,P=2711
12-23 21:58:44.011 2711-2711/? I PowerManagerService/:  schedul eye detect nextTimeout: 2147613054 now: 137190 mRemainTime: 16000
12-23 21:58:44.033 2711-7805/? I HwDFRServicesFactory/: getZrHungServicesFactory
12-23 21:58:44.033 2711-7805/? I ZrHungServicesFactoryImpl/: getZRHungService
12-23 21:58:44.033 2711-7805/? E ZRHungService/: file not found exception.
12-23 21:58:44.033 2711-7805/? E ZRHungService/: file not found exception.
12-23 21:58:44.033 2711-7805/? E ZRHungService/: file not found exception.
12-23 21:58:44.033 2711-7805/? E ZRHungService/: file not found exception.
12-23 21:58:44.033 2711-7805/? E ZRHungService/: file not found exception.
12-23 21:58:44.033 2711-7805/? E ZRHungService/: file not found exception.
12-23 21:58:44.033 2711-7805/? E ZRHungService/: file not found exception.
12-23 21:58:44.034 2711-7805/? E ZRHungService/: file not found exception.
12-23 21:58:44.035 2711-9587/? I DropBoxManagerService/: add tag=system_app_crash isTagEnabled=true flags=0x2
12-23 21:58:44.036 2711-9587/? I ActivityManager/: before write dropbox time 1703339924035 eventType is crash dataFile is false
12-23 21:58:44.040 2711-3698/? D ActivityManager/: setPrivilegeType serviceRecord: ServiceRecord{17a5fc0 u0 com.huawei.hiai/.plugin.pushupdate.ResPackagePushUpdateJobService}, interfaceDescriptor : android.app.job.IJobService
12-23 21:58:44.040 2711-3414/? I ActivityManager/: get AppResource
12-23 21:58:44.044 2711-2711/? I PowerMS/ : acquire:L=119533392,F=0x1,T=*job*/com.huawei.hiai/.plugin.pushupdate.ResPackagePushUpdateJobService,N=android,WS=WorkSource{5514},U=1000,P=2711
12-23 21:58:44.044 2711-2711/? I PowerManagerService/:  schedul eye detect nextTimeout: 2147613054 now: 137223 mRemainTime: 16000
12-23 21:58:44.045 2711-8318/? I AlarmManager/: remove Alarm{b637549 type 2 origWhen 140976 whenElapsed 140976 listener 94a251d com.android.networkstack.inprocess com.android.networkstack.inprocess procName system} according to listener: 94a251d by reason: 1
12-23 21:58:44.095 2711-4892/? I NetworkStatsFactory/: UseBpfStats requestSwapActiveStatsMapLocked end
12-23 21:58:44.095 2711-4892/? I NetworkStatsFactory/: UseBpfStats nativeReadNetworkStatsDetail start
12-23 21:58:44.096 2711-4892/? I NetworkStatsFactory/: UseBpfStats nativeReadNetworkStatsDetail end
12-23 21:58:44.096 2711-4892/? I NetworkStatsFactory/: UseBpfStats filterUidsRemoved end
12-23 21:58:44.096 2711-4892/? I NetworkStatsFactory/: adjustForTunAnd464Xlat end
12-23 21:58:44.105 2711-4892/? I NetworkStatsCollection/: getSummary, uid = 1000stats size = 2
12-23 21:58:44.105 2711-4892/? I NetworkStatsCollection/: getSummary, uid = 1000stats size = 2
12-23 21:58:44.105 2711-4892/? I NetworkStatsCollection/: getSummary, uid = 1000stats size = 8
12-23 21:58:44.105 2711-4892/? I NetworkStatsCollection/: getSummary, uid = 1000stats size = 2
12-23 21:58:44.105 2711-4892/? I NetworkStatsCollection/: getSummary, uid = 1000stats size = 2
12-23 21:58:44.105 2711-4892/? I NetworkStatsCollection/: getSummary, uid = 1000stats size = 8
12-23 21:58:44.105 2711-4892/? I PowerMS/ : release:L=53771787,F=0x0,T=NetworkStats,N=android,WS=null,U=1000,P=2711
12-23 21:58:44.106 2711-4892/? I PowerManagerService/:  schedul eye detect nextTimeout: 2147613054 now: 137285 mRemainTime: 16000
12-23 21:58:44.109 2711-4892/? I NetworkStats/: forceUpdateIfaces exit
12-23 21:58:44.109 2711-4892/? I NetworkStats/: forceUpdateIfaces, pid = 2711
12-23 21:58:44.109 2711-4892/? I PowerMS/ : acquire:L=53771787,F=0x1,T=NetworkStats,N=android,WS=null,U=1000,P=2711
12-23 21:58:44.109 2711-4892/? I PowerManagerService/:  schedul eye detect nextTimeout: 2147613054 now: 137288 mRemainTime: 16000
12-23 21:58:44.109 2711-8318/? I AlarmManager/: set(listener: 873ff8b) : type=2 triggerAtTime=43337079 win=0 tElapsed=43337079 maxElapsed=43337079 interval=0 flags=0x9 at=+43199790ms uid=1000 count=23 callingClass=android.net.networkstack.util.WakeupMessage.schedule:100
12-23 21:58:44.109 2711-7805/? W ActivityManager/: Exception when unbinding service com.huawei.hiai/.plugin.PluginService
12-23 21:58:44.109 2711-7805/? W ActivityManager/: android.os.DeadObjectException
12-23 21:58:44.109 2711-7805/? W ActivityManager/: 	at android.os.BinderProxy.transactNative(Native Method)
12-23 21:58:44.109 2711-7805/? W ActivityManager/: 	at android.os.BinderProxy.transact(BinderProxy.java:607)
12-23 21:58:44.109 2711-7805/? W ActivityManager/: 	at android.app.IApplicationThread$Stub$Proxy.scheduleUnbindService(IApplicationThread.java:2138)
12-23 21:58:44.109 2711-7805/? W ActivityManager/: 	at com.android.server.am.ActiveServices.removeConnectionLocked(ActiveServices.java:4908)
12-23 21:58:44.109 2711-7805/? W ActivityManager/: 	at com.android.server.am.ActiveServices.unbindServiceLocked(ActiveServices.java:3314)
12-23 21:58:44.109 2711-7805/? W ActivityManager/: 	at com.android.server.am.ActivityManagerService.unbindService(ActivityManagerService.java:13451)
12-23 21:58:44.109 2711-7805/? W ActivityManager/: 	at android.app.IActivityManager$Stub.onTransact(IActivityManager.java:2768)
12-23 21:58:44.109 2711-7805/? W ActivityManager/: 	at com.android.server.am.ActivityManagerService.onTransact(ActivityManagerService.java:2890)
12-23 21:58:44.109 2711-7805/? W ActivityManager/: 	at com.android.server.am.HwActivityManagerService.onTransact(HwActivityManagerService.java:402)
12-23 21:58:44.109 2711-7805/? W ActivityManager/: 	at android.os.Binder.execTransactInternal(Binder.java:1186)
12-23 21:58:44.109 2711-7805/? W ActivityManager/: 	at android.os.Binder.execTransact(Binder.java:1150)
12-23 21:58:44.110 2711-7805/? I ActivityManager_service/: Removed service that is not running: ServiceRecord{c42c07e u0 com.huawei.hiai/.plugin.PluginService}
12-23 21:58:44.110 2711-8318/? I AlarmManager/: set(listener: 790e926) : type=2 triggerAtTime=75736923 win=0 tElapsed=75736923 maxElapsed=75736923 interval=0 flags=0x9 at=+75599633ms uid=1000 count=24 callingClass=android.net.networkstack.util.WakeupMessage.schedule:100
12-23 21:58:44.114 2711-4892/? I NetworkStats/: performPollLocked, pid = 2711
12-23 21:58:44.116 2711-5523/? I ActivityManager/: appDiedLocked: pid=9534, app=ProcessRecord{77b0f96 9534:com.huawei.hiai/5514}, fromBinderDied=true, reason=null
12-23 21:58:44.117 2711-5523/? I ActivityManager/: Process com.huawei.hiai (pid 9534) has died: prcl TRNB
12-23 21:58:44.117 2711-5523/? D ActivityManager/: cleanUpApplicationRecord app: 9534:com.huawei.hiai/5514, bad: false, restarting: false, allowRestart: true
12-23 21:58:44.117 2711-5114/? W HwAudioServiceEx/: SoundEffectState bundle get reserved is invalid
12-23 21:58:44.118 2711-5114/? I HwAudioServiceEx/: sendAppKilledIntentForKit, isKitPackageOnPause = false, isKitPackageKill = false, isKitPackageOnResume = false
12-23 21:58:44.118 2711-3592/? I HwPowerManagerService/: appdie release wakelock, pid = 9534, uid = 5514
12-23 21:58:44.118 2711-8318/? I AlarmManager/: set(listener: 989314) : type=2 triggerAtTime=86536871 win=0 tElapsed=86536871 maxElapsed=86536871 interval=0 flags=0x9 at=+86399575ms uid=1000 count=25 callingClass=android.net.networkstack.util.WakeupMessage.schedule:100
12-23 21:58:44.118 2711-5523/? W ActivityManager/: Scheduling restart of crashed service com.huawei.hiai/.plugin.silentupdate.jobservice.PluginModelSilentUpdateJobService in 1800000ms for connection
12-23 21:58:44.119 2711-5523/? W ActivityManager/: Scheduling restart of crashed service com.huawei.hiai/.plugin.pushupdate.ResPackagePushUpdateJobService in 1000ms for connection
12-23 21:58:44.122 2711-4892/? I netddebug/: getNetworkStatsUidDetail, pid = 2711
12-23 21:58:44.122 2711-4892/? I NetworkStatsFactory/: readNetworkStatsDetail enter
12-23 21:58:44.122 2711-4892/? I NetworkStatsFactory/: get mPersistentDataLock
12-23 21:58:44.123 2711-4892/? I NetworkStatsFactory/: UseBpfStats requestSwapActiveStatsMapLocked start
12-23 21:58:44.124 2711-2711/? I PowerMS/ : release:L=176252853,F=0x0,T=*job*/com.huawei.hiai/.plugin.silentupdate.jobservice.PluginModelSilentUpdateJobService,N=android,WS=WorkSource{5514},U=1000,P=2711
12-23 21:58:44.125 2711-2711/? I PowerManagerService/:  schedul eye detect nextTimeout: 2147613054 now: 137305 mRemainTime: 16000
12-23 21:58:44.135 2711-5523/? I ActivityManager/: cleanUpApplicationRecord pid:9534, r:false, ar:true, fb:true
12-23 21:58:44.135 2711-5523/? E MultiTaskManager/: multitask service is not running because prop is false, so getInstance return null
12-23 21:58:44.138 2711-2711/? I ActivityManager_service/: Removed service that is not running: ServiceRecord{39f2bde u0 com.huawei.hiai/.plugin.silentupdate.jobservice.PluginModelSilentUpdateJobService}
12-23 21:58:44.140 2711-2711/? I PowerMS/ : release:L=119533392,F=0x0,T=*job*/com.huawei.hiai/.plugin.pushupdate.ResPackagePushUpdateJobService,N=android,WS=WorkSource{5514},U=1000,P=2711
12-23 21:58:44.140 2711-2711/? I PowerManagerService/:  schedul eye detect nextTimeout: 2147613054 now: 137320 mRemainTime: 16000
12-23 21:58:44.141 2711-2711/? I ActivityManager_service/: Removed service that is not running: ServiceRecord{17a5fc0 u0 com.huawei.hiai/.plugin.pushupdate.ResPackagePushUpdateJobService}
12-23 21:58:44.142 2711-2711/? I AlarmManager/: set(listener: d37fbc0) : type=3 triggerAtTime=167317 win=22497 tElapsed=167317 maxElapsed=189814 interval=0 flags=0x0 at=+29996ms uid=1000 count=26 callingClass=com.android.server.job.controllers.TimeController.updateAlarmWithListenerLocked:543
12-23 21:58:44.142 2711-2711/? I AlarmManager/: remove Alarm{59271b2 type 3 origWhen 730644 whenElapsed 730644 listener d37fbc0 android android procName system} according to listener: d37fbc0 by reason: 6
12-23 21:58:44.143 2711-2711/? I JobScheduler/.Time: realNextDelayExpiredElapsedMillis: 167317 mNextDelayExpiredElapsedMillis:167317
12-23 21:58:44.150 2711-4892/? I NetworkStatsFactory/: UseBpfStats requestSwapActiveStatsMapLocked end
12-23 21:58:44.150 2711-4892/? I NetworkStatsFactory/: UseBpfStats nativeReadNetworkStatsDetail start
12-23 21:58:44.151 2711-4892/? I NetworkStatsFactory/: UseBpfStats nativeReadNetworkStatsDetail end
12-23 21:58:44.151 2711-4892/? I NetworkStatsFactory/: UseBpfStats filterUidsRemoved end
12-23 21:58:44.151 2711-4892/? I NetworkStatsFactory/: adjustForTunAnd464Xlat end
12-23 21:58:44.153 2711-4892/? I NetworkStatsCollection/: getSummary, uid = 1000stats size = 2
12-23 21:58:44.153 2711-4892/? I NetworkStatsCollection/: getSummary, uid = 1000stats size = 2
12-23 21:58:44.153 2711-4892/? I NetworkStatsCollection/: getSummary, uid = 1000stats size = 8
12-23 21:58:44.153 2711-4892/? I NetworkStatsCollection/: getSummary, uid = 1000stats size = 2
12-23 21:58:44.154 2711-4892/? I NetworkStatsCollection/: getSummary, uid = 1000stats size = 2
12-23 21:58:44.154 2711-4892/? I NetworkStatsCollection/: getSummary, uid = 1000stats size = 8
12-23 21:58:44.154 2711-4892/? I PowerMS/ : release:L=53771787,F=0x0,T=NetworkStats,N=android,WS=null,U=1000,P=2711
12-23 21:58:44.156 2711-4892/? I PowerManagerService/:  schedul eye detect nextTimeout: 2147613054 now: 137335 mRemainTime: 16000
12-23 21:58:44.156 2711-4892/? I NetworkStats/: forceUpdateIfaces exit
12-23 21:58:44.156 2711-4892/? I ActivityManager_broadcast/: sendBroadcast,caller:ProcessRecord{fe0c4ec 2711:system/1000},act:com.android.server.action.NETWORK_STATS_UPDATED,rep:false,ord:false,cmp:false,mftNum:0,rgtNum:1
12-23 21:58:44.157 2711-4892/? I ActivityManager_broadcast/: sendBroadcast,caller:ProcessRecord{fe0c4ec 2711:system/1000},act:com.android.server.action.NETWORK_STATS_UPDATED,rep:false,ord:false,cmp:false,mftNum:0,rgtNum:1
12-23 21:58:44.157 2711-4892/? I ActivityManager_broadcast/: sendBroadcast,caller:ProcessRecord{fe0c4ec 2711:system/1000},act:com.android.server.action.NETWORK_STATS_UPDATED,rep:false,ord:false,cmp:false,mftNum:0,rgtNum:1
12-23 21:58:44.158 2711-4896/? I NetworkStats/: History for network, uid = 1000
12-23 21:58:44.159 2711-4896/? I NetworkStats/: Summary for network, uid = 1000
12-23 21:58:44.160 2711-4896/? I NetworkStats/: History for network, uid = 1000
12-23 21:58:44.160 2711-4896/? I NetworkStats/: Summary for network, uid = 1000
12-23 21:58:44.161 2711-4896/? I NetworkStats/: History for network, uid = 1000
12-23 21:58:44.162 2711-4896/? I NetworkStats/: Summary for network, uid = 1000
12-23 21:58:44.170 2711-4896/? D MultipathPolicyTracker/: updateAllMultipathBudgets.
12-23 21:58:44.171 2711-4896/? D MultipathPolicyTracker/: updateAllMultipathBudgets.
12-23 21:58:44.171 2711-4896/? D MultipathPolicyTracker/: updateAllMultipathBudgets.
12-23 21:58:44.283 2711-4912/? W ContextImpl/: Calling a method in the system process without a qualified user: android.app.ContextImpl.bindService:2040 com.huawei.ncdft.HwNcDftConnImpl.bindToService:82 com.huawei.ncdft.HwNcDftConnImpl.reportToDft:111 com.huawei.ncdft.HwNcDftConnManager.reportToDft:58 com.android.server.wifi.HwWifiCHRServiceImpl$NCDFTExceptionHandler.handleMessage:237
12-23 21:58:44.283 2711-4912/? W ActivityManager/: Unable to start service Intent { act=com.huawei.ncdft.INcDft cmp=com.huawei.hiview/com.huawei.ncdft.NcDftService } U=0: not found
12-23 21:58:44.297 2711-4912/? W ContextImpl/: Calling a method in the system process without a qualified user: android.app.ContextImpl.bindService:2040 com.huawei.ncdft.HwNcDftConnImpl.bindToService:82 com.huawei.ncdft.HwNcDftConnImpl.reportToDft:111 com.huawei.ncdft.HwNcDftConnManager.reportToDft:58 com.android.server.wifi.HwWifiCHRServiceImpl$NCDFTExceptionHandler.handleMessage:237
12-23 21:58:44.297 2711-4912/? W ActivityManager/: Unable to start service Intent { act=com.huawei.ncdft.INcDft cmp=com.huawei.hiview/com.huawei.ncdft.NcDftService } U=0: not found
12-23 21:58:44.301 2711-4906/? I AlarmManager/: remove Alarm{790e944 type 2 origWhen 147010 whenElapsed 147010 listener 2d90b20 android android procName system} according to listener: 2d90b20 by reason: 1
