12-23 21:58:44.773 2711-3425/? I WindowManager/:   bhv=DEFAULT
12-23 21:58:44.773 2711-3425/? I WindowManager/:   fitSides=} appearance:0
12-23 21:58:44.775 2711-3425/? I WindowManager_visibility/: start Relayout Window{852110f u0 Splash Screen com.lkl.harmonystudy} oldVis=0 newVis=0 width=1228 height=2700
12-23 21:58:44.775 2711-3425/? I WindowManager_visibility/: DrawState change: Window{852110f u0 Splash Screen com.lkl.harmonystudy} from:NO_SURFACE to:DRAW_PENDING reason:createSurface
12-23 21:58:44.776 2711-3678/? D system_server/: SetAwareCpuPolicy iaware feature off!
12-23 21:58:44.777 2711-3678/? D system_server/: SetAwareCpuPolicy iaware feature off!
12-23 21:58:44.777 2711-3678/? D system_server/: SetAwareCpuPolicy iaware feature off!
12-23 21:58:44.777 2711-3678/? D system_server/: SetAwareCpuPolicy iaware feature off!
12-23 21:58:44.777 2711-3678/? D system_server/: SetAwareCpuPolicy iaware feature off!
12-23 21:58:44.777 2711-3678/? D system_server/: SetAwareCpuPolicy iaware feature off!
12-23 21:58:44.777 2711-3678/? D system_server/: SetAwareCpuPolicy iaware feature off!
12-23 21:58:44.777 2711-5114/? W HwAudioServiceEx/: SoundEffectState bundle get reserved is invalid
12-23 21:58:44.777 2711-3678/? D system_server/: SetAwareCpuPolicy iaware feature off!
12-23 21:58:44.777 2711-3678/? D system_server/: SetAwareCpuPolicy iaware feature off!
12-23 21:58:44.777 2711-3678/? D system_server/: SetAwareCpuPolicy iaware feature off!
12-23 21:58:44.777 2711-3678/? D system_server/: SetAwareCpuPolicy iaware feature off!
12-23 21:58:44.777 2711-3678/? D system_server/: SetAwareCpuPolicy iaware feature off!
12-23 21:58:44.777 2711-5114/? I HwAudioServiceEx/: sendAppKilledIntentForKit, isKitPackageOnPause = false, isKitPackageKill = false, isKitPackageOnResume = false
12-23 21:58:44.777 2711-3678/? D system_server/: SetAwareCpuPolicy iaware feature off!
12-23 21:58:44.777 2711-3678/? D system_server/: SetAwareCpuPolicy iaware feature off!
12-23 21:58:44.777 2711-3678/? D system_server/: SetAwareCpuPolicy iaware feature off!
12-23 21:58:44.777 2711-3678/? D system_server/: SetAwareCpuPolicy iaware feature off!
12-23 21:58:44.777 2711-3678/? D system_server/: SetAwareCpuPolicy iaware feature off!
12-23 21:58:44.777 2711-3678/? D system_server/: SetAwareCpuPolicy iaware feature off!
12-23 21:58:44.777 2711-3678/? D system_server/: SetAwareCpuPolicy iaware feature off!
12-23 21:58:44.777 2711-3678/? D system_server/: SetAwareCpuPolicy iaware feature off!
12-23 21:58:44.778 2711-3678/? D system_server/: SetAwareCpuPolicy iaware feature off!
12-23 21:58:44.778 2711-3678/? D system_server/: SetAwareCpuPolicy iaware feature off!
12-23 21:58:44.778 2711-3678/? D system_server/: SetAwareCpuPolicy iaware feature off!
12-23 21:58:44.778 2711-3678/? D system_server/: SetAwareCpuPolicy iaware feature off!
12-23 21:58:44.778 2711-3678/? D system_server/: SetAwareCpuPolicy iaware feature off!
12-23 21:58:44.778 2711-3678/? D system_server/: SetAwareCpuPolicy iaware feature off!
12-23 21:58:44.778 2711-3678/? D system_server/: SetAwareCpuPolicy iaware feature off!
12-23 21:58:44.778 2711-3678/? D system_server/: SetAwareCpuPolicy iaware feature off!
12-23 21:58:44.778 2711-3678/? D system_server/: SetAwareCpuPolicy iaware feature off!
12-23 21:58:44.778 2711-3678/? D system_server/: SetAwareCpuPolicy iaware feature off!
12-23 21:58:44.778 2711-3678/? D system_server/: SetAwareCpuPolicy iaware feature off!
12-23 21:58:44.778 2711-3678/? D system_server/: SetAwareCpuPolicy iaware feature off!
12-23 21:58:44.778 2711-3678/? D system_server/: SetAwareCpuPolicy iaware feature off!
12-23 21:58:44.778 2711-3678/? D system_server/: SetAwareCpuPolicy iaware feature off!
12-23 21:58:44.778 2711-3678/? D system_server/: SetAwareCpuPolicy iaware feature off!
12-23 21:58:44.778 2711-3678/? D system_server/: SetAwareCpuPolicy iaware feature off!
12-23 21:58:44.778 2711-3678/? D system_server/: SetAwareCpuPolicy iaware feature off!
12-23 21:58:44.778 2711-3678/? D system_server/: SetAwareCpuPolicy iaware feature off!
12-23 21:58:44.778 2711-3678/? D system_server/: SetAwareCpuPolicy iaware feature off!
12-23 21:58:44.778 2711-3678/? D system_server/: SetAwareCpuPolicy iaware feature off!
12-23 21:58:44.778 2711-3678/? D system_server/: SetAwareCpuPolicy iaware feature off!
12-23 21:58:44.778 2711-3678/? D system_server/: SetAwareCpuPolicy iaware feature off!
12-23 21:58:44.779 2711-3678/? D system_server/: SetAwareCpuPolicy iaware feature off!
12-23 21:58:44.779 2711-3678/? D system_server/: SetAwareCpuPolicy iaware feature off!
12-23 21:58:44.779 2711-3678/? D system_server/: SetAwareCpuPolicy iaware feature off!
12-23 21:58:44.779 2711-3678/? D system_server/: SetAwareCpuPolicy iaware feature off!
12-23 21:58:44.779 2711-3678/? D system_server/: SetAwareCpuPolicy iaware feature off!
12-23 21:58:44.779 2711-3678/? D system_server/: SetAwareCpuPolicy iaware feature off!
12-23 21:58:44.779 2711-3678/? D system_server/: SetAwareCpuPolicy iaware feature off!
12-23 21:58:44.779 2711-3678/? D system_server/: SetAwareCpuPolicy iaware feature off!
12-23 21:58:44.779 2711-3678/? D system_server/: SetAwareCpuPolicy iaware feature off!
12-23 21:58:44.779 2711-3678/? D system_server/: SetAwareCpuPolicy iaware feature off!
12-23 21:58:44.779 2711-3678/? D system_server/: SetAwareCpuPolicy iaware feature off!
12-23 21:58:44.779 2711-3678/? D system_server/: SetAwareCpuPolicy iaware feature off!
12-23 21:58:44.779 2711-3678/? D system_server/: SetAwareCpuPolicy iaware feature off!
12-23 21:58:44.779 2711-3678/? D system_server/: SetAwareCpuPolicy iaware feature off!
12-23 21:58:44.779 2711-3678/? D system_server/: SetAwareCpuPolicy iaware feature off!
12-23 21:58:44.779 2711-3678/? D system_server/: SetAwareCpuPolicy iaware feature off!
12-23 21:58:44.779 2711-3678/? D system_server/: SetAwareCpuPolicy iaware feature off!
12-23 21:58:44.779 2711-9589/? I PackageManager/: getInstalledPackages cost 23 ms, flags: 135168, userId: 0, callingUid: 10011, callingPid: 7459
12-23 21:58:44.783 2711-7396/? W ServiceManager/: Permission failure: android.permission.HIGH_SAMPLING_RATE_SENSORS from uid=10036 pid=7310
12-23 21:58:44.783 2711-7396/? I SensorService/: Warning: app missing HIGH_SAMPLING_RATE_SENSORS permission, package is: com.huawei.android.launcher
12-23 21:58:44.783 2711-7396/? I SensorService/: enable begin
12-23 21:58:44.783 2711-7396/? E system_server/: logPower_print not support
12-23 21:58:44.783 2711-7396/? E system_server/: logPower_print not support
12-23 21:58:44.783 2711-3678/? D system_server/: SetAwareCpuPolicy iaware feature off!
12-23 21:58:44.784 7310-7701/? I HwLauncher/: RecentsView RunningTaskRemoved:[]
12-23 21:58:44.784 433-640/? I SurfaceFlinger/: HalVsync display 4619827259835644672 period 0
12-23 21:58:44.784 2711-3678/? D system_server/: SetAwareCpuPolicy iaware feature off!
12-23 21:58:44.784 2711-3678/? D system_server/: SetAwareCpuPolicy iaware feature off!
12-23 21:58:44.784 2711-3678/? D system_server/: SetAwareCpuPolicy iaware feature off!
12-23 21:58:44.784 2711-3678/? D system_server/: SetAwareCpuPolicy iaware feature off!
12-23 21:58:44.785 2711-7396/? I SensorService/: batch begin
12-23 21:58:44.785 2711-7396/? I SensorService/: batch end
12-23 21:58:44.785 429-5187/? D AudioPolicyService/: getUidState(10129) !cacheIter->second.first, return PROCESS_STATE_UNKNOWN
12-23 21:58:44.785 429-5187/? D AudioPolicyService/: getUidState(10129) !cacheIter->second.first, return PROCESS_STATE_UNKNOWN
12-23 21:58:44.785 2711-2807/? I system_server/: jit_compiled:[OK] void huawei.hiview.HiTraceImpl.clearIdNative() @ /system/framework/hwEmui.jar
12-23 21:58:44.788 2711-7396/? I SensorService/: enableSensor handle:0, packageName:com.huawei.android.launcher.quickstep.util.RecentOrientationChangeListener, rate=200000000
12-23 21:58:44.788 2711-7396/? I SensorService/: enable activate begin
12-23 21:58:44.788 2711-7396/? I SensorService/: SensorDevice::activate: ident=0x789e4d49c440, handle=0x00000000, enabled=1, count=2
12-23 21:58:44.788 2711-7396/? I SensorService/: enable index=1
12-23 21:58:44.788 2711-7396/? I SensorService/: enable activate end
12-23 21:58:44.788 2711-7396/? I SensorService/: enable end
12-23 21:58:44.788 7459-8336/? E Parcel/  : Reading a NULL string not supported here.
12-23 21:58:44.793 7310-7697/? W ndroid/.launche: Core platform API violation: Lsun/misc/Unsafe;->theUnsafe:Lsun/misc/Unsafe; from Lcom/huawei/gson/internal/UnsafeAllocator; using reflection
12-23 21:58:44.793 7310-7697/? W ndroid/.launche: Core platform API violation: Lsun/misc/Unsafe;->allocateInstance(Ljava/lang/Class;)Ljava/lang/Object; from Lcom/huawei/gson/internal/UnsafeAllocator; using reflection
12-23 21:58:44.794 7310-7340/? I ndroid/.launche: jit_compiled:[OK] int android.icu.impl.ICUResourceBundleReader.access$1300(android.icu.impl.ICUResourceBundleReader, java.lang.CharSequence, char) @ /apex/com.android.i18n/javalib/core-icu4j.jar
12-23 21:58:44.797 433-857/? I Layer/   : Splash Screen com.lkl.harmonystudy#114: created
12-23 21:58:44.798 9597-9597/? W kl/.harmonystud: Unexpected CPU variant for X86 using defaults: x86_64
12-23 21:58:44.798 9597-9597/? I kl/.harmonystud: Reinit property: dalvik.vm.checkjni= false
12-23 21:58:44.798 9597-9597/? I kl/.harmonystud: ReInitProperties: persist.vm.debug.dumpapi= false
12-23 21:58:44.801 7310-7340/? I ndroid/.launche: jit_compiled:[OK] int android.icu.impl.ICUResourceBundleImpl$ResourceContainer.getContainerResource(int) @ /apex/com.android.i18n/javalib/core-icu4j.jar
12-23 21:58:44.813 9511-9519/? I ai/.swingservic: Background young concurrent copying GC freed 13153(764KB) AllocSpace objects, 0(0B) LOS objects, 94% free, 1448KB/25MB, paused 232us,57us total 22.388ms cpu time 5.370ms DisableRefAccess:10.022ms(0.351ms), Perceptible, last gc 2022.713ms, last Background young 2022.713ms, last free 12685312, 0, process name: "com.huawei.hiai.swingservice"
12-23 21:58:44.814 8801-9155/? I MediaLibraryService/: ACTION_STOP_SERVICE 2
12-23 21:58:44.834 8801-8801/? I MediaLibraryService/: onDestroy
12-23 21:58:44.834 8801-8801/? I MediaLibraryThreadPool/: terminated 0 finish
12-23 21:58:44.837 2711-3425/? I WindowManager/: updateDisplayFrame win=Window{74a5583 u0 com.android.systemui.HwImageWallpaper} state=InsetsState: {mDisplayFrame=Rect(0, 0 - 1228, 2700), mDisplayCutout=DisplayCutout{insets=Rect(0, 103 - 0, 0) waterfall=Insets{left=0, top=0, right=0, bottom=0} boundingRect={Bounds=[Rect(0, 0 - 0, 0), Rect(574, 0 - 654, 103), Rect(0, 0 - 0, 0), Rect(0, 0 - 0, 0)]} cutoutPathParserInfo={CutoutPathParserInfo{displayWidth=1228 displayHeight=2700 density={2.75} cutoutSpec={M-40,103l80,0l0,-103l-80,0z} rotation={0} scale={1.0}}}}, mRoundedCorners=RoundedCorners{[RoundedCorner{position=TopLeft, radius=0, center=Point(0, 0)}, RoundedCorner{position=TopRight, radius=0, center=Point(0, 0)}, RoundedCorner{position=BottomRight, radius=0, center=Point(0, 0)}, RoundedCorner{position=BottomLeft, radius=0, center=Point(0, 0)}]}, mPrivacyIndicatorBounds=PrivacyIndicatorBounds {static bounds=null rotation=0}, mSources= { InsetsSource: {mType=ITYPE_STATUS_BAR, mFrame=[0,0][1228,108], mVisible=true}, InsetsSource: {mType=ITYPE_NAVIGATION_BAR, mFrame=[0,2570][1228,2700], mVisible=true}, InsetsSource: {mType=ITYPE_LEFT_GESTURES, mFrame=[0,0][0,2700], mVisible=true}, InsetsSource: {mType=ITYPE_RIGHT_GESTURES, mFrame=[1228,0][1228,2700], mVisible=true}, InsetsSource: {mType=ITYPE_TOP_MANDATORY_GESTURES, mFrame=[0,0][1228,108], mVisible=true}, InsetsSource: {mType=ITYPE_BOTTOM_MANDATORY_GESTURES, mFrame=[0,2570][1228,2700], mVisible=true}, InsetsSource: {mType=ITYPE_LEFT_DISPLAY_CUTOUT, mFrame=[0,0][-2147483648,2700], mVisible=true}, InsetsSource: {mType=ITYPE_TOP_DISPLAY_CUTOUT, mFrame=[0,0][1228,103], mVisible=true}, InsetsSource: {mType=ITYPE_RIGHT_DISPLAY_CUTOUT, mFrame=[2147483647,0][1228,2700], mVisible=true}, InsetsSource: {mType=ITYPE_BOTTOM_DISPLAY_CUTOUT, mFrame=[0,2147483647][1228,2700], mVisible=true}, InsetsSource: {mType=ITYPE_TOP_TAPPABLE_ELEMENT, mFrame=[0,0][1228,108], mVisible=true}, InsetsSource: {mType=ITYPE_BOTTOM_TAPPABLE_ELEMENT, mFrame=[0,2570][1228,2700], mVisible=true}, InsetsSource: {mType=ITYPE_IME, mFrame=[0,0][0,0], mVisible=false} } getBounds()=Rect(0, 0 - 1228, 2700) df=Rect(-10000, -10000 - 10000, 10000)
12-23 21:58:44.838 2711-4906/? I WifiConfigManager/: retrieve sorted hiddenLists_SSID=
12-23 21:58:44.838 2711-4906/? I WifiScanLog/: Key#8: start new Scan by --SingleScanListener
12-23 21:58:44.839 433-640/? I SurfaceFlinger/: HalVsync display 4619827259835644672 period 0
12-23 21:58:44.840 7459-8336/? E Parcel/  : Reading a NULL string not supported here.
12-23 21:58:44.841 367-390/? I adbd/    : jdwp connection from 9597
12-23 21:58:44.842 7459-8336/? E Parcel/  : Reading a NULL string not supported here.
12-23 21:58:44.839 2711-4906/? I AlarmManager/: set(listener: f2dbb02) : type=2 triggerAtTime=148018 win=0 tElapsed=148018 maxElapsed=148018 interval=0 flags=0x9 at=+10000ms uid=1000 count=21 callingClass=com.android.server.wifi.WifiConnectivityManager.schedulePeriodicScanTimer:2506
12-23 21:58:44.844 2711-3425/? I WindowManager/: Changing focus from Window{79511ff u0 com.huawei.android.launcher/com.huawei.android.launcher.unihome.UniHomeLauncher} to null displayId=0
12-23 21:58:44.844 2711-3425/? I NavigationCallOut/: focusChanged, focus=null, mIsFocusWinInBlackList=false
12-23 21:58:44.844 2711-3425/? E HwAccessibilityWaterMark/: newFocus is null so return
12-23 21:58:44.844 9597-9597/? I AndroidRuntime/: RuntimeInit: Starting application from zygote
12-23 21:58:44.845 9597-9597/? D AndroidRuntime/: Entered RuntimeInit!
12-23 21:58:44.845 2711-3425/? I HwDisplayContentEx/: currentFocus windowstate null
12-23 21:58:44.845 2711-3425/? E system_server/: [ZeroHung]ZrhungIoctl: open /dev/hwlog_exception failed
12-23 21:58:44.845 2711-3425/? E system_server/: [ZeroHung]zrhung_get_config: Get config failed for wp[0x0110]
12-23 21:58:44.845 2711-3425/? E system_server/: [ZeroHung]ZrhungIoctl: open /dev/hwlog_exception failed
12-23 21:58:44.845 2711-3425/? E system_server/: [ZeroHung]zrhung_get_config: Get config failed for wp[0x0125]
12-23 21:58:44.846 2711-3425/? D ZrHung/.AppEyeFocusWindow: FocusWindowErrorScene CheckFreezeScreen
12-23 21:58:44.846 2711-3425/? I HwDisplayRotationEx/: swingRotationForSensor desireRotation 0 swingRotation 100 sensorRotation -1 lastRotation 0
12-23 21:58:44.846 2711-3425/? I WindowManager_orientation/: Display id=0, rotationForOrientation orientation=-1, lastRotation=0, sensorRotation=0, preferredRotation=0, user=0 notifySensorRotation:-1  mWhenFoldSwitch=false ,IS_ENABLE_LOCK_LANDSCAPE=false, mLockedRotation=-1
12-23 21:58:44.847 2711-3425/? I WindowManager_visibility/: complete Relayout Window{852110f u0 Splash Screen com.lkl.harmonystudy}  size:ClientWindowFrames{frame=[0,0][1228,2700] display=[0,0][1228,2700] backdrop=[0,0][1228,2700]}
12-23 21:58:44.847 2711-3425/? I ViewRootImpl/[harmonystudy]: ViewUI relayoutWindow relayoutResult 7
12-23 21:58:44.847 2711-3425/? D BufferQueueCore/: BufferQueueCore: mDebugHwFlow=1, mIsBufferQueueLogVSupport=0.
12-23 21:58:44.847 2711-3409/? I HwAftPolicyService/: handleFocusChange focusPid=0, focusWindowTitle:null
12-23 21:58:44.847 2711-7746/? I PowerMS/ : acquire:L=217819917,F=0x1,T=*telephony-radio*,N=com.android.phone,WS=WorkSource{1001 com.android.phone},U=1001,P=7295
12-23 21:58:44.847 2711-7746/? I PowerManagerService/:  schedul eye detect nextTimeout: 2147614293 now: 138027 mRemainTime: 16000
12-23 21:58:44.849 7459-8336/? E Parcel/  : Reading a NULL string not supported here.
12-23 21:58:44.851 433-640/? I SurfaceFlinger/: HalVsync display 4619827259835644672 period 0
12-23 21:58:44.851 2711-3425/? I InsetsSourceConsumer/: ViewUI_insets_ime removeImeSurface window: android.view.ViewRootImpl$W@58266e
12-23 21:58:44.851 2711-3425/? I HwInputMethodManagerService/: removeImeSurfaceFromWindow windowToken = android.view.ViewRootImpl$W@58266e
12-23 21:58:44.851 2711-3425/? I HwInputMethodManagerService/: removeImeSurfaceFromWindow mCurrentWindowToken = android.os.BinderProxy@513d51e
12-23 21:58:44.852 2711-4906/? D WifiNetworkAgent/: NetworkAgent: NetworkAgent channel lost
12-23 21:58:44.853 2711-4906/? I ActivityManager_broadcast/: sendBroadcast,caller:ProcessRecord{fe0c4ec 2711:system/1000},act:android.net.wifi.supplicant.STATE_CHANGE,rep:true,ord:false,cmp:false,mftNum:0,rgtNum:6
12-23 21:58:44.853 2711-3425/? D ViewRootImpl/[harmonystudy]: ViewUI_blast Creating frameDrawingCallback nextDrawUseBlastSync=false reportNextDraw=true hasBlurUpdates=false
12-23 21:58:44.854 7310-7310/? I HwLauncher/: RecentsOrientedState updateHandler: mTouchRotation = 1
12-23 21:58:44.854 7310-7310/? I HwLauncher/: RecentsOrientedState current mOrientationHandler: com.huawei.android.launcher.touch.LandscapePagedViewHandler@66da713 oldHandler:com.huawei.android.launcher.touch.PortraitPagedViewHandler@71997c6
12-23 21:58:44.854 7310-7310/? I HwLauncher/: RecentsView updateOrientationHandler:com.huawei.android.launcher.touch.LandscapePagedViewHandler@66da713
12-23 21:58:44.854 7310-7310/? I HwLauncher/: RecentsView resetInsets: Rect(0, 0 - 0, 0)
12-23 21:58:44.855 7310-7310/? I HwLauncher/: RecentsView resetInsets mTempRect = Rect(344, 932 - 725, 1769) mInsets = Rect(0, 0 - 0, 0) taskHeadViewHeight = 155 taskViewWidth = 381
12-23 21:58:44.855 7310-7310/? I HwLauncher/: RecentsView resetInsets padding = Rect(343, 932 - 348, 931) screenSize = Point(2700, 1228)
12-23 21:58:44.855 2711-2711/? D HwWifiScanControl/: update the timeout parameter for the scan control, timeout = 0, state = DISCONNECTED
12-23 21:58:44.856 7459-8336/? E Parcel/  : Reading a NULL string not supported here.
12-23 21:58:44.857 2711-5453/? D HuaweiWifiWatchdogStateMachine/: nothing to do.
12-23 21:58:44.859 2711-4906/? I WifiClientModeImpl/[wlan0]: ConnectableState screen=on 0 0 ssid: Wi24188CC5 bssid: 00:00:**:**:00:00 nid: 0 state: DISCONNECTED
12-23 21:58:44.860 2711-4974/? I AlarmManager/: set(listener: 9897dc8) : type=2 triggerAtTime=153039 win=11249 tElapsed=153039 maxElapsed=164288 interval=0 flags=0x8 at=+14999ms uid=1000 count=22 callingClass=com.android.server.wifi.scanner.WificondScannerImpl.startSingleScan:250
12-23 21:58:44.860 2711-7396/? E system_server/: logPower_buf_write not support
12-23 21:58:44.862 382-424/? D goldfish/-address-space: claimShared: Ask to claim region [0x3f8000000 0x3f8ca6000]
12-23 21:58:44.862 5522-5522/? I wpa_supplicant/: wlan0: State: INTERFACE_DISABLED -> DISCONNECTED
12-23 21:58:44.862 5522-5522/? I wpa_supplicant/: mdpp-wpa: MDPP switch is off
12-23 21:58:44.862 5522-5522/? I wpa_supplicant/: netlink: Operstate: ifindex=16 linkmode=-1 (no change), operstate=5 (IF_OPER_DORMANT)
12-23 21:58:44.863 5522-5522/? I wpa_supplicant/: Notifying state change event to hidl control: 0
12-23 21:58:44.865 7459-8336/? E Parcel/  : Reading a NULL string not supported here.
12-23 21:58:44.866 9597-9597/? I AndroidRuntime/: MethodAndArgsCaller run()
12-23 21:58:44.870 7310-8002/? I HwLauncher/: LocalTaskList loadTasksInBackground:1 numTasks:16 currentUserId:0
12-23 21:58:44.870 5522-5522/? I wpa_supplicant/: wlan0: Determining shared radio frequencies (max len 2)
12-23 21:58:44.870 5522-5522/? I wpa_supplicant/: wlan0: Shared frequencies (len=0): completed iteration
12-23 21:58:44.870 5522-5522/? I wpa_supplicant/: P2P: Add operating class 81
12-23 21:58:44.870 5522-5522/? D wpa_supplicant/: P2P: Channels - hexdump(len=11): 01 02 03 04 05 06 07 08 09 0a 0b
12-23 21:58:44.870 5522-5522/? I wpa_supplicant/: P2P: Update channel list
12-23 21:58:44.870 5522-5522/? I wpa_supplicant/: P2P: channels: 81:1,2,3,4,5,6,7,8,9,10,11
12-23 21:58:44.870 5522-5522/? I wpa_supplicant/: wlan0: Setting scan request: 0.000000 sec
12-23 21:58:44.870 5522-5522/? I wpa_supplicant/: wlan0: Disconnected - do not scan
12-23 21:58:44.871 5522-5522/? I wpa_supplicant/: wlan0: State: DISCONNECTED -> DISCONNECTED
12-23 21:58:44.871 5522-5522/? I wpa_supplicant/: mdpp-wpa: MDPP switch is off
12-23 21:58:44.871 5522-5522/? I wpa_supplicant/: netlink: Operstate: ifindex=16 linkmode=-1 (no change), operstate=5 (IF_OPER_DORMANT)
12-23 21:58:44.871 5522-5522/? I wpa_supplicant/: nl80211: Ignored event 33 (NL80211_CMD_TRIGGER_SCAN) for foreign interface (ifindex 16 wdev 0x0)
12-23 21:58:44.871 5522-5522/? I wpa_supplicant/: nl80211: Drv Event 33 (NL80211_CMD_TRIGGER_SCAN) received for wlan0
12-23 21:58:44.871 5522-5522/? I wpa_supplicant/: wlan0: nl80211: Scan trigger
12-23 21:58:44.871 5522-5522/? I wpa_supplicant/: wlan0: External program started a scan
12-23 21:58:44.871 5522-5522/? I wpa_supplicant/: l2_packet_receive - recvfrom: Network is down
12-23 21:58:44.871 433-640/? I SurfaceFlinger/: HalVsync display 4619827259835644672 period 0
12-23 21:58:44.871 2711-4747/? I WifiService/: getConnectionInfo, uid =1000, calling by: android, isNeedApproximateLocation = false
12-23 21:58:44.872 2711-4747/? V HwWifiServiceFactory/: get AllImpl object = com.android.server.wifi.HwWifiServiceFactoryImpl@dcce28d
12-23 21:58:44.874 2711-4912/? W ContextImpl/: Calling a method in the system process without a qualified user: android.app.ContextImpl.bindService:2040 com.huawei.ncdft.HwNcDftConnImpl.bindToService:82 com.huawei.ncdft.HwNcDftConnImpl.reportToDft:111 com.huawei.ncdft.HwNcDftConnManager.reportToDft:58 com.android.server.wifi.HwWifiCHRServiceImpl$NCDFTExceptionHandler.handleMessage:237
12-23 21:58:44.877 8197-8211/? I huawei/.contact: jit_compiled:[OK] android.icu.util.UResourceBundle android.icu.impl.ICUResourceBundleImpl$ResourceTable.handleGet(java.lang.String, java.util.HashMap, android.icu.util.UResourceBundle) @ /apex/com.android.i18n/javalib/core-icu4j.jar
12-23 21:58:44.878 7310-8002/? I HwLauncher/: LocalTaskList loadTasksInBackground finalTasks:82(0)
12-23 21:58:44.859 382-382/? I HwBinder/:382_1: type=1400 audit(0.0:1161): avc: denied { read write } for path="/dev/goldfish_address_space" dev="tmpfs" ino=548 scontext=u:r:system_server:s0 tcontext=u:object_r:qemu_device:s0 tclass=chr_file permissive=1
12-23 21:58:44.867 2711-2711/? I android/.anim: type=1400 audit(0.0:1162): avc: denied { map } for path="/dev/goldfish_address_space" dev="tmpfs" ino=548 scontext=u:r:system_server:s0 tcontext=u:object_r:qemu_device:s0 tclass=chr_file permissive=1
12-23 21:58:44.893 2711-7396/? I ContentProviderHelper/: Successfully start provider ContentProviderRecord{ed05555 u0 com.huawei.hiai/.awareness.core.datacollection.dataaccess.provider.ExternalDataProvider} launchingApp=null caller pid= 7310
12-23 21:58:44.894 2711-4906/? I ActivityManager_broadcast/: sendBroadcast,caller:ProcessRecord{fe0c4ec 2711:system/1000},act:android.net.wifi.supplicant.STATE_CHANGE,rep:true,ord:false,cmp:false,mftNum:0,rgtNum:6
12-23 21:58:44.894 2711-4906/? I WifiClientModeImpl/[wlan0]: ConnectableState screen=on 0 0 ssid: null bssid: 00:00:**:**:00:00 nid: 0 state: INTERFACE_DISABLED
12-23 21:58:44.895 9597-9597/? D ActivityThread/: Attach thread to application
12-23 21:58:44.899 7459-8336/? E Parcel/  : Reading a NULL string not supported here.
12-23 21:58:44.901 8990-9012/? D CAWARENESS_30333_ProviderPermissionChecker/: the message name is serviceVisit
12-23 21:58:44.901 8990-9012/? I CAWARENESS_30333_PackageUtil/: calling package uid=10036, pkgList=[com.huawei.android.launcher]
12-23 21:58:44.902 8990-9012/? I CAWARENESS_30333_PackageUtil/: package name is com.huawei.android.launcher
12-23 21:58:44.902 8990-9012/? I CAWARENESS_30333_PackageUtil/: com.huawei.android.launcher has same signature with hiai
12-23 21:58:44.902 8990-9012/? I CAWARENESS_30333_PackageUtil/: calling package uid=10036, pkgList=[com.huawei.android.launcher]
12-23 21:58:44.902 8990-9012/? I CAWARENESS_30333_ProviderSendMessageExecutor/: messageName :serviceVisit
12-23 21:58:44.904 8990-9012/? I CAWARENESS_30333_ProviderSendMessageExecutor/: Donate success
12-23 21:58:44.904 8990-9012/? I CAWARENESS_30333_ExternalDataProvider/: call sendMessage success
12-23 21:58:44.904 7310-7697/? I HwLauncher/: AwarenessNotifier sendMessage cost=210
12-23 21:58:44.905 2711-7396/? I ActivityManager_service/: Binding process pid:9597 to procname:com.lkl.harmonystudy providers.size=0
12-23 21:58:44.906 2711-7396/? I AbilityCoordinationManager/: notifyProcessCreated pid:9597, name:com.lkl.harmonystudy
12-23 21:58:44.906 2711-3701/? E system_server/: logPower_buf_write not support
12-23 21:58:44.908 433-640/? I SurfaceFlinger/: HalVsync display 4619827259835644672 period 0
12-23 21:58:44.908 2711-7396/? I AmGateway_ABY/: notifyProcessCreated procToken:android.os.BinderProxy@28df1d1, pid:9597, uid:10129, name:com.lkl.harmonystudy, pkg:com.lkl.harmonystudy
12-23 21:58:44.909 704-704/? E selinux_dmd/: type=1400 audit(0.0:1161): avc: denied { read write } for comm="HwBinder:382_1" path="/dev/goldfish_address_space" dev="tmpfs" ino=548 scontext=u:r:system_server:s0 tcontext=u:object_r:qemu_device:s0 tclass=chr_file permissive=1 find  pid= failed
12-23 21:58:44.909 704-704/? E selinux_dmd/: type=1400 audit(0.0:1161): avc: denied { read write } for comm="HwBinder:382_1" path="/dev/goldfish_address_space" dev="tmpfs" ino=548 scontext=u:r:system_server:s0 tcontext=u:object_r:qemu_device:s0 tclass=chr_file permissive=1 ExtractKeys failed
12-23 21:58:44.909 704-704/? E selinux_dmd/: type=1400 audit(0.0:1162): avc: denied { map } for comm="android.anim" path="/dev/goldfish_address_space" dev="tmpfs" ino=548 scontext=u:r:system_server:s0 tcontext=u:object_r:qemu_device:s0 tclass=chr_file permissive=1 find  pid= failed
12-23 21:58:44.909 2711-7396/? I AmGateway_ABY/: Add a new process:id:42856913, type:1, status:0 {aPid:9597, aUid:10129, aPkgName:com.lkl.harmonystudy, aProcName:com.lkl.harmonystudy} {oInnerPid:-1, oInnerUid:-1, oMappingPid:-1, oMappingUid:-1, oBundleName:null}
12-23 21:58:44.909 704-704/? E selinux_dmd/: type=1400 audit(0.0:1162): avc: denied { map } for comm="android.anim" path="/dev/goldfish_address_space" dev="tmpfs" ino=548 scontext=u:r:system_server:s0 tcontext=u:object_r:qemu_device:s0 tclass=chr_file permissive=1 ExtractKeys failed
12-23 21:58:44.911 356-356/? I netd/    : interfaceGetCfg(wlan0) -> {InterfaceConfigurationParcel{ifName: wlan0, hwAddr: **:**:**:**:**:**, ipv4Addr: **.**.**.**, prefixLength: 0, flags: [up, broadcast, multicast]}} <2.64ms>
12-23 21:58:44.911 2711-7396/? I HwRestoreStateManager/: reportAppRestoreScene, app: com.lkl.harmonystudy/EntryAbility ,scene:ColdStart
12-23 21:58:44.915 2711-7396/? I HwDisplayRotationEx/: swingRotationForSensor desireRotation 0 swingRotation 100 sensorRotation -1 lastRotation 0
12-23 21:58:44.915 356-356/? I netd/    : interfaceGetCfg(wlan0) -> {InterfaceConfigurationParcel{ifName: wlan0, hwAddr: **:**:**:**:**:**, ipv4Addr: **.**.**.**, prefixLength: 0, flags: [up, broadcast, multicast]}} <0.15ms>
12-23 21:58:44.915 2711-7396/? I WindowManager_orientation/: Display id=0, rotationForOrientation orientation=-1, lastRotation=0, sensorRotation=0, preferredRotation=0, user=0 notifySensorRotation:-1  mWhenFoldSwitch=false ,IS_ENABLE_LOCK_LANDSCAPE=false, mLockedRotation=-1
12-23 21:58:44.916 2711-7396/? I HwDisplayRotationEx/: swingRotationForSensor desireRotation 0 swingRotation 100 sensorRotation -1 lastRotation 0
12-23 21:58:44.917 2711-7396/? I WindowManager_orientation/: Display id=0, rotationForOrientation orientation=-1, lastRotation=0, sensorRotation=0, preferredRotation=0, user=0 notifySensorRotation:-1  mWhenFoldSwitch=false ,IS_ENABLE_LOCK_LANDSCAPE=false, mLockedRotation=-1
12-23 21:58:44.917 2711-7396/? I WindowManager/: Deferring rotation, rotation not changed, rotation=0
12-23 21:58:44.917 2711-7396/? I DisplayManagerService/: setDisplayInfoOverrideFromWindowManagerInternal displayId:0 info:DisplayInfo{"", displayId 0", displayGroupId 0, FLAG_SECURE, FLAG_SUPPORTS_PROTECTED_BUFFERS, FLAG_TRUSTED, real 1228 x 2700, largest app 2467 x 2462, smallest app 1228 x 1120, appVsyncOff 1000000, presDeadline 16666666, mode 1, defaultMode 1, modes [{id=1, width=1228, height=2700, fps=60.000004, alternativeRefreshRates=[]}], hdrCapabilities HdrCapabilities{mSupportedHdrTypes=[], mMaxLuminance=500.0, mMaxAverageLuminance=500.0, mMinLuminance=0.0}, userDisabledHdrTypes [], minimalPostProcessingSupported false, rotation 0, state ON, type INTERNAL, uniqueId "****", app 1228 x 2467, density 540 (440.0 x 440.0) dpi, layerStack 0, colorMode 0, supportedColorModes [0], address ****, deviceProductInfo DeviceProductInfo{name=EMU_display_0, manufacturerPnpId=GGL, productId=1, modelYear=null, manufactureDate=ManufactureDate{week=27, year=2006}, connectionToSinkType=0}, removeMode 0, refreshRateOverride 0.0, brightnessMinimum 0.0, brightnessMaximum 1.0, brightnessDefault 0.4}
12-23 21:58:44.924 2711-7396/? W InputReader/: Device virtio_input_multi_touch_7 is associated with display ADISPLAY_ID_NONE.
12-23 21:58:44.924 2711-7396/? W InputReader/: Device virtio_input_multi_touch_8 is associated with display ADISPLAY_ID_NONE.
12-23 21:58:44.924 2711-7396/? W InputReader/: Device virtio_input_multi_touch_3 is associated with display ADISPLAY_ID_NONE.
12-23 21:58:44.924 2711-7396/? W InputReader/: Device virtio_input_multi_touch_4 is associated with display ADISPLAY_ID_NONE.
12-23 21:58:44.924 2711-7396/? W InputReader/: Device virtio_input_multi_touch_10 is associated with display ADISPLAY_ID_NONE.
12-23 21:58:44.924 2711-7396/? W InputReader/: Device virtio_input_multi_touch_2 is associated with display ADISPLAY_ID_NONE.
12-23 21:58:44.924 2711-7396/? W InputReader/: Device virtio_input_multi_touch_11 is associated with display ADISPLAY_ID_NONE.
12-23 21:58:44.924 2711-7396/? W InputReader/: Device virtio_input_multi_touch_9 is associated with display ADISPLAY_ID_NONE.
12-23 21:58:44.924 2711-7396/? W InputReader/: Device virtio_input_multi_touch_5 is associated with display ADISPLAY_ID_NONE.
12-23 21:58:44.924 2711-7396/? W InputReader/: Device virtio_input_multi_touch_6 is associated with display ADISPLAY_ID_NONE.
12-23 21:58:44.925 2711-7396/? I HwDisplayRotationEx/: swingRotationForSensor desireRotation 0 swingRotation 100 sensorRotation -1 lastRotation 0
12-23 21:58:44.925 2711-7396/? I WindowManager_orientation/: Display id=0, rotationForOrientation orientation=-1, lastRotation=0, sensorRotation=0, preferredRotation=0, user=0 notifySensorRotation:-1  mWhenFoldSwitch=false ,IS_ENABLE_LOCK_LANDSCAPE=false, mLockedRotation=-1
12-23 21:58:44.926 2711-7396/? I DisplayManagerService/: setDisplayInfoOverrideFromWindowManagerInternal displayId:0 info:DisplayInfo{"", displayId 0", displayGroupId 0, FLAG_SECURE, FLAG_SUPPORTS_PROTECTED_BUFFERS, FLAG_TRUSTED, real 1228 x 2700, largest app 2467 x 2462, smallest app 1228 x 1120, appVsyncOff 1000000, presDeadline 16666666, mode 1, defaultMode 1, modes [{id=1, width=1228, height=2700, fps=60.000004, alternativeRefreshRates=[]}], hdrCapabilities HdrCapabilities{mSupportedHdrTypes=[], mMaxLuminance=500.0, mMaxAverageLuminance=500.0, mMinLuminance=0.0}, userDisabledHdrTypes [], minimalPostProcessingSupported false, rotation 0, state ON, type INTERNAL, uniqueId "****", app 1228 x 2467, density 540 (440.0 x 440.0) dpi, layerStack 0, colorMode 0, supportedColorModes [0], address ****, deviceProductInfo DeviceProductInfo{name=EMU_display_0, manufacturerPnpId=GGL, productId=1, modelYear=null, manufactureDate=ManufactureDate{week=27, year=2006}, connectionToSinkType=0}, removeMode 0, refreshRateOverride 0.0, brightnessMinimum 0.0, brightnessMaximum 1.0, brightnessDefault 0.4}
12-23 21:58:44.926 2711-7396/? W InputReader/: Device virtio_input_multi_touch_7 is associated with display ADISPLAY_ID_NONE.
12-23 21:58:44.926 2711-7396/? W InputReader/: Device virtio_input_multi_touch_8 is associated with display ADISPLAY_ID_NONE.
12-23 21:58:44.926 2711-7396/? W InputReader/: Device virtio_input_multi_touch_3 is associated with display ADISPLAY_ID_NONE.
12-23 21:58:44.926 2711-7396/? W InputReader/: Device virtio_input_multi_touch_4 is associated with display ADISPLAY_ID_NONE.
12-23 21:58:44.926 2711-7396/? W InputReader/: Device virtio_input_multi_touch_10 is associated with display ADISPLAY_ID_NONE.
12-23 21:58:44.926 2711-7396/? W InputReader/: Device virtio_input_multi_touch_2 is associated with display ADISPLAY_ID_NONE.
12-23 21:58:44.926 2711-7396/? W InputReader/: Device virtio_input_multi_touch_11 is associated with display ADISPLAY_ID_NONE.
12-23 21:58:44.926 2711-7396/? W InputReader/: Device virtio_input_multi_touch_9 is associated with display ADISPLAY_ID_NONE.
12-23 21:58:44.926 2711-7396/? W InputReader/: Device virtio_input_multi_touch_5 is associated with display ADISPLAY_ID_NONE.
12-23 21:58:44.926 2711-7396/? W InputReader/: Device virtio_input_multi_touch_6 is associated with display ADISPLAY_ID_NONE.
12-23 21:58:44.927 2711-5426/? I WiFi_PRO_WifiProStateMachine/: uploadChrDetectAlgorithmDuration detectResultInfo = Bundle[{NoInternetDutation=0, ConnectedDutation=0}]
12-23 21:58:44.927 2711-5426/? I HwWifiProServiceProxy/: ctrlHwWifiNetwork pkgName: WIFIPRO_SERVICE interfaceId: 2
12-23 21:58:44.927 2711-5426/? V HwWifiServiceFactory/: get AllImpl object = com.android.server.wifi.HwWifiServiceFactoryImpl@dcce28d
12-23 21:58:44.943 356-356/? I netd/    : interfaceGetCfg(wlan0) -> {InterfaceConfigurationParcel{ifName: wlan0, hwAddr: **:**:**:**:**:**, ipv4Addr: **.**.**.**, prefixLength: 0, flags: [up, broadcast, multicast]}} <0.14ms>
12-23 21:58:44.946 9597-9607/? I kl/.harmonystud: jit_compiled:[OK] java.util.concurrent.ConcurrentHashMap$Node java.util.concurrent.ConcurrentHashMap.tabAt(java.util.concurrent.ConcurrentHashMap$Node[], int) @ /apex/com.android.art/javalib/core-oj.jar
12-23 21:58:44.947 356-356/? I netd/    : interfaceGetCfg(wlan0) -> {InterfaceConfigurationParcel{ifName: wlan0, hwAddr: **:**:**:**:**:**, ipv4Addr: **.**.**.**, prefixLength: 0, flags: [up, broadcast, multicast]}} <0.12ms>
12-23 21:58:44.947 8197-8211/? I huawei/.contact: jit_compiled:[OK] void android.icu.impl.ICUResourceBundle.<init>(android.icu.impl.ICUResourceBundle, java.lang.String) @ /apex/com.android.i18n/javalib/core-icu4j.jar
12-23 21:58:44.958 9511-9528/? I ZrHung/.AppEyeUiProbe: stop UiProbe
12-23 21:58:44.958 9511-9528/? I ZrHung/.AppEyeUiProbe: not watching, wait.
12-23 21:58:44.975 2711-7396/? I HwDisplayRotationEx/: swingRotationForSensor desireRotation 0 swingRotation 100 sensorRotation -1 lastRotation 0
12-23 21:58:44.976 2711-7396/? I WindowManager_orientation/: Display id=0, rotationForOrientation orientation=-1, lastRotation=0, sensorRotation=0, preferredRotation=0, user=0 notifySensorRotation:-1  mWhenFoldSwitch=false ,IS_ENABLE_LOCK_LANDSCAPE=false, mLockedRotation=-1
12-23 21:58:44.976 9511-9533/? I FLTAG_VC/: deleteOldVersions
12-23 21:58:44.976 2711-7396/? I AwareLog/: AnimationTurboFeature: start window product config sub switch invalid, subSwitch = 0
12-23 21:58:44.977 8990-9615/? D CAWARENESS_30333_OmReportManager/: report eventId : 7038
12-23 21:58:44.977 2711-7396/? I ClientTransaction/: setLifecycleStateRequestthis : android.app.servertransaction.ClientTransaction@2c3327e6
12-23 21:58:44.977 2711-7396/? I ClientTransaction/: java.lang.Exception
12-23 21:58:44.977 2711-7396/? I ClientTransaction/: 	at android.app.servertransaction.ClientTransaction.setLifecycleStateRequest(ClientTransaction.java:114)
12-23 21:58:44.977 2711-7396/? I ClientTransaction/: 	at com.android.server.wm.ActivityTaskSupervisor.realStartActivityLocked(ActivityTaskSupervisor.java:986)
12-23 21:58:44.977 2711-7396/? I ClientTransaction/: 	at com.android.server.wm.RootWindowContainer.startActivityForAttachedApplicationIfNeeded(RootWindowContainer.java:2239)
12-23 21:58:44.977 2711-7396/? I ClientTransaction/: 	at com.android.server.wm.RootWindowContainer.$r8$lambda$auelgeOhCvbItmS_07q5VFEb1ac(Unknown Source:0)
12-23 21:58:44.977 2711-7396/? I ClientTransaction/: 	at com.android.server.wm.RootWindowContainer$$ExternalSyntheticLambda3.apply(Unknown Source:8)
12-23 21:58:44.977 2711-7396/? I ClientTransaction/: 	at com.android.internal.util.function.pooled.PooledLambdaImpl.doInvoke(PooledLambdaImpl.java:318)
12-23 21:58:44.977 2711-7396/? I ClientTransaction/: 	at com.android.internal.util.function.pooled.PooledLambdaImpl.invoke(PooledLambdaImpl.java:204)
12-23 21:58:44.977 2711-7396/? I ClientTransaction/: 	at com.android.internal.util.function.pooled.OmniFunction.apply(OmniFunction.java:78)
12-23 21:58:44.977 2711-7396/? I ClientTransaction/: 	at com.android.server.wm.ActivityRecord.forAllActivities(ActivityRecord.java:5308)
12-23 21:58:44.977 2711-7396/? I ClientTransaction/: 	at com.android.server.wm.WindowContainer.forAllActivities(WindowContainer.java:1590)
12-23 21:58:44.977 2711-7396/? I ClientTransaction/: 	at com.android.server.wm.WindowContainer.forAllActivities(WindowContainer.java:1583)
12-23 21:58:44.977 2711-7396/? I ClientTransaction/: 	at com.android.server.wm.RootWindowContainer.lambda$attachApplication$17$RootWindowContainer(RootWindowContainer.java:2209)
12-23 21:58:44.977 2711-7396/? I ClientTransaction/: 	at com.android.server.wm.RootWindowContainer$$ExternalSyntheticLambda23.accept(Unknown Source:6)
12-23 21:58:44.977 2711-7396/? I ClientTransaction/: 	at com.android.server.wm.Task.forAllRootTasks(Task.java:5282)
12-23 21:58:44.977 2711-7396/? I ClientTransaction/: 	at com.android.server.wm.WindowContainer.forAllRootTasks(WindowContainer.java:1922)
12-23 21:58:44.977 2711-7396/? I ClientTransaction/: 	at com.android.server.wm.WindowContainer.forAllRootTasks(WindowContainer.java:1922)
12-23 21:58:44.977 2711-7396/? I ClientTransaction/: 	at com.android.server.wm.WindowContainer.forAllRootTasks(WindowContainer.java:1922)
12-23 21:58:44.977 2711-7396/? I ClientTransaction/: 	at com.android.server.wm.WindowContainer.forAllRootTasks(WindowContainer.java:1922)
12-23 21:58:44.977 2711-7396/? I ClientTransaction/: 	at com.android.server.wm.WindowContainer.forAllRootTasks(WindowContainer.java:1922)
12-23 21:58:44.977 2711-7396/? I ClientTransaction/: 	at com.android.server.wm.WindowContainer.forAllRootTasks(WindowContainer.java:1922)
12-23 21:58:44.977 2711-7396/? I ClientTransaction/: 	at com.android.server.wm.WindowContainer.forAllRootTasks(WindowContainer.java:1915)
12-23 21:58:44.977 2711-7396/? I ClientTransaction/: 	at com.android.server.wm.RootWindowContainer.attachApplication(RootWindowContainer.java:2196)
12-23 21:58:44.977 2711-7396/? I ClientTransaction/: 	at com.android.server.wm.ActivityTaskManagerService$LocalService.attachApplication(ActivityTaskManagerService.java:6979)
12-23 21:58:44.977 2711-7396/? I ClientTransaction/: 	at com.android.server.am.ActivityManagerService.attachApplicationLocked(ActivityManagerService.java:5324)
12-23 21:58:44.977 2711-7396/? I ClientTransaction/: 	at com.android.server.am.ActivityManagerService.attachApplication(ActivityManagerService.java:5406)
12-23 21:58:44.977 2711-7396/? I ClientTransaction/: 	at android.app.IActivityManager$Stub.onTransact(IActivityManager.java:2518)
12-23 21:58:44.977 2711-7396/? I ClientTransaction/: 	at com.android.server.am.ActivityManagerService.onTransact(ActivityManagerService.java:2890)
12-23 21:58:44.977 2711-7396/? I ClientTransaction/: 	at com.android.server.am.HwActivityManagerService.onTransact(HwActivityManagerService.java:402)
12-23 21:58:44.977 2711-7396/? I ClientTransaction/: 	at android.os.Binder.execTransactInternal(Binder.java:1186)
12-23 21:58:44.977 2711-7396/? I ClientTransaction/: 	at android.os.Binder.execTransact(Binder.java:1150)
12-23 21:58:44.978 2711-7396/? I AbilityCoordinationManager/: notifyStartActivity record:ActivityRecord{779af4b u0 com.lkl.harmonystudy/EntryAbility t82}
12-23 21:58:44.979 5778-7427/? D HwInnerWifiManagerImpl/: ctrlHwWifiNetwork
12-23 21:58:44.979 2711-5523/? D HwWifiService/: HwWifiService  CODE_CTRL_HW_WIFI_NETWORK
12-23 21:58:44.979 2711-5523/? I HwWifiProServiceProxy/: ctrlHwWifiNetwork pkgName: WIFIPRO_SERVICE interfaceId: 81
12-23 21:58:44.981 2711-5523/? I WifiService/: getConnectionInfo, uid =10020, calling by: com.android.systemui, isNeedApproximateLocation = false
12-23 21:58:44.981 2711-5523/? V HwWifiServiceFactory/: get AllImpl object = com.android.server.wifi.HwWifiServiceFactoryImpl@dcce28d
12-23 21:58:44.983 5778-5789/? I ndroid/.systemu: jit_compiled:[OK] java.lang.String android.icu.util.Currency.getCurrencyCode() @ /apex/com.android.i18n/javalib/core-icu4j.jar
12-23 21:58:44.983 2711-7746/? I WifiService/: getConnectionInfo, uid =10020, calling by: com.android.systemui, isNeedApproximateLocation = false
12-23 21:58:44.983 2711-7746/? V HwWifiServiceFactory/: get AllImpl object = com.android.server.wifi.HwWifiServiceFactoryImpl@dcce28d
12-23 21:58:44.988 7310-7310/? I HwLauncher/: DeviceItemAnimator endAnimations
12-23 21:58:44.997 2711-7396/? I AmGateway_ABY/: notifyActivityRealStart intent:Intent { act=android.intent.action.MAIN cat=[android.intent.category.LAUNCHER] flg=0x10200000 cmp=com.lkl.harmonystudy/EntryAbility bnds=[326,200][614,534] (has extras) }, ai:ActivityInfo{d6f090e EntryAbility}, userId:0, pid:9597, isResume:false, recordId:146094396
12-23 21:58:44.998 2711-7396/? I AbilityManagerClient/: startAbilityWithHostTokenId want: Want{ Operation{ bdn=com.lkl.harmonystudy abn=EntryAbility } params= }, userId:0, requestCode:-1
12-23 21:58:45.002 433-433/? I SurfaceFlinger/: setVsyncEnabled 0
12-23 21:58:45.003 433-433/? I SurfaceFlinger/: setVsyncEnabled 1
12-23 21:58:45.004 8990-9203/? D CAWARENESS_30333_OmReportManager/: mergeKey 7038_200000046_com.huawei.android.launcher_0_0_2023-12-23_21:0-22:0 mergeCount 0
12-23 21:58:45.006 433-640/? I SurfaceFlinger/: HalVsync display 4619827259835644672 period 0
12-23 21:58:44.995 2711-2711/? I Binder/:2711_9: type=1400 audit(0.0:1163): avc: denied { call } for scontext=u:r:system_server:s0 tcontext=u:r:ohco_containerd:s0 tclass=binder permissive=1
12-23 21:58:45.016 9597-9607/? I kl/.harmonystud: jit_compiled:[OK] void java.util.concurrent.ConcurrentHashMap.addCount(long, int) @ /apex/com.android.art/javalib/core-oj.jar
12-23 21:58:45.016 9597-9607/? I kl/.harmonystud: jit_compiled:[OK] int java.lang.String.hashCode() @ /apex/com.android.art/javalib/core-oj.jar
12-23 21:58:45.016 704-704/? E selinux_dmd/: type=1400 audit(0.0:1163): avc: denied { call } for comm="Binder:2711_9" scontext=u:r:system_server:s0 tcontext=u:r:ohco_containerd:s0 tclass=binder permissive=1 find  pid= failed
12-23 21:58:45.016 704-704/? E selinux_dmd/: type=1400 audit(0.0:1163): avc: denied { call } for comm="Binder:2711_9" scontext=u:r:system_server:s0 tcontext=u:r:ohco_containerd:s0 tclass=binder permissive=1 ExtractKeys failed
12-23 21:58:45.018 433-640/? I SurfaceFlinger/: HalVsync display 4619827259835644672 period 0
12-23 21:58:45.007 2711-2711/? I Binder/:2711_9: type=1400 audit(0.0:1164): avc: denied { transfer } for scontext=u:r:system_server:s0 tcontext=u:r:ohco_containerd:s0 tclass=binder permissive=1
12-23 21:58:45.028 2711-7396/? I ComponentInterceptionMgr/: receive component start, want  Want{ Operation{ bdn=com.lkl.harmonystudy abn=EntryAbility } params= } callerAbilityToken null requestCode -1 componentStatus 0
12-23 21:58:45.029 7310-7310/? I HwLauncher/: LocalTaskList getTasks, mMainThreadExecutor finish
12-23 21:58:45.029 2711-7396/? D ProxyComponent/: convertKey
12-23 21:58:45.029 2711-7396/? D ProxyComponent/: convertKey com.lkl.harmonystudy/EntryAbility
12-23 21:58:45.029 2711-7396/? D ComponentInterceptionMgr/: abilityType is 1
12-23 21:58:45.029 2711-7396/? I ComponentInterceptionMgr/: startComponent launchModeObj: 0
12-23 21:58:45.029 2711-7396/? I ComponentInterceptionMgr/: activity already started, activityState 1
12-23 21:58:45.033 704-704/? E selinux_dmd/: type=1400 audit(0.0:1164): avc: denied { transfer } for comm="Binder:2711_9" scontext=u:r:system_server:s0 tcontext=u:r:ohco_containerd:s0 tclass=binder permissive=1 find  pid= failed
12-23 21:58:45.033 704-704/? E selinux_dmd/: type=1400 audit(0.0:1164): avc: denied { transfer } for comm="Binder:2711_9" scontext=u:r:system_server:s0 tcontext=u:r:ohco_containerd:s0 tclass=binder permissive=1 ExtractKeys failed
12-23 21:58:45.034 433-640/? I SurfaceFlinger/: HalVsync display 4619827259835644672 period 0
12-23 21:58:45.007 7850-7850/? I IPC_2_79/: type=1400 audit(0.0:1165): avc: denied { ioctl } for path="/dev/binderfs/binder" dev="binder" ino=4 ioctlcmd=0x621f scontext=u:r:ohco_containerd:s0 tcontext=u:object_r:binder_device:s0 tclass=chr_file permissive=1
12-23 21:58:45.007 7850-7850/? I IPC_2_79/: type=1400 audit(0.0:1166): avc: denied { sendto } for path="/dev/socket/hilogdw" scontext=u:r:ohco_containerd:s0 tcontext=u:r:hilogd:s0 tclass=unix_dgram_socket permissive=1
12-23 21:58:45.038 704-704/? E selinux_dmd/: type=1400 audit(0.0:1165): avc: denied { ioctl } for comm="IPC_2_79" path="/dev/binderfs/binder" dev="binder" ino=4 ioctlcmd=0x621f scontext=u:r:ohco_containerd:s0 tcontext=u:object_r:binder_device:s0 tclass=chr_file permissive=1 find  pid= failed
12-23 21:58:45.038 704-704/? E selinux_dmd/: type=1400 audit(0.0:1165): avc: denied { ioctl } for comm="IPC_2_79" path="/dev/binderfs/binder" dev="binder" ino=4 ioctlcmd=0x621f scontext=u:r:ohco_containerd:s0 tcontext=u:object_r:binder_device:s0 tclass=chr_file permissive=1 ExtractKeys failed
12-23 21:58:45.038 704-704/? E selinux_dmd/: type=1400 audit(0.0:1166): avc: denied { sendto } for comm="IPC_2_79" path="/dev/socket/hilogdw" scontext=u:r:ohco_containerd:s0 tcontext=u:r:hilogd:s0 tclass=unix_dgram_socket permissive=1 find  pid= failed
12-23 21:58:45.038 704-704/? E selinux_dmd/: type=1400 audit(0.0:1166): avc: denied { sendto } for comm="IPC_2_79" path="/dev/socket/hilogdw" scontext=u:r:ohco_containerd:s0 tcontext=u:r:hilogd:s0 tclass=unix_dgram_socket permissive=1 ExtractKeys failed
12-23 21:58:45.053 433-640/? I SurfaceFlinger/: HalVsync display 4619827259835644672 period 0
12-23 21:58:45.067 433-640/? I SurfaceFlinger/: HalVsync display 4619827259835644672 period 0
12-23 21:58:45.077 2711-3425/? I ViewRootImpl/[harmonystudy]: ViewUI reportDrawFinished
12-23 21:58:45.080 2711-7396/? I AbilityCallbackService/: updateAbilityToken, hostTokenId 146094396 token ohos.rpc.RemoteProxy@29
12-23 21:58:45.084 433-640/? I SurfaceFlinger/: HalVsync display 4619827259835644672 period 0
12-23 21:58:45.084 433-433/? I SurfaceFlinger/: setVsyncEnabled 0
12-23 21:58:45.085 433-433/? I BufferStateLayer/: setBuffer: Splash Screen com.lkl.harmonystudy#114: first buffer comes.
12-23 21:58:45.089 433-433/? I SurfaceFlinger/: setVsyncEnabled 1
12-23 21:58:45.101 433-640/? I SurfaceFlinger/: HalVsync display 4619827259835644672 period 0
12-23 21:58:45.109 7586-8075/? I AndroidUtils/: getServiceFromManager: CommunicationManager
12-23 21:58:45.109 7586-8075/? E AndroidUtils/: Can not find CommunicationManager from ServiceManager
12-23 21:58:45.109 7586-8075/? E CoapMonitor/: isConnServiceReady, not bind to ConnService
12-23 21:58:45.110 7586-8075/? E CoapMonitor/: checkConnServiceAndPublish, retry 7 times
12-23 21:58:45.117 433-640/? I SurfaceFlinger/: HalVsync display 4619827259835644672 period 0
12-23 21:58:45.131 7850-79/? I OHOS_LIBC_ADAPTOR/: dlopen libpngplugin.z.so with input flag:1, translated flag:1
12-23 21:58:45.134 433-640/? I SurfaceFlinger/: HalVsync display 4619827259835644672 period 0
12-23 21:58:45.151 433-640/? I SurfaceFlinger/: HalVsync display 4619827259835644672 period 0
12-23 21:58:45.167 433-640/? I SurfaceFlinger/: HalVsync display 4619827259835644672 period 0
12-23 21:58:45.182 2711-7396/? I AbilityManagerClient/: sendRequest status:true, result:0
12-23 21:58:45.182 2711-7396/? I AmGateway_ABY/: notifyActivityRealStart end, hostProcTokenId:42856913, hostRecordTokenId:146094396, error:0
12-23 21:58:45.182 2711-7396/? E system_server/: logPower_buf_write not support
12-23 21:58:45.183 2711-7396/? D HwActivityTaskManagerServiceEx/: to.packageName is not in mRestoreFaList.
12-23 21:58:45.183 2711-7396/? E system_server/: logPower_buf_write not support
12-23 21:58:45.183 2711-7396/? W HwActivityTaskManagerServiceEx/: appSwitch from: com.huawei.android.launcher to: com.lkl.harmonystudy
12-23 21:58:45.183 2711-8531/? I BitmapConvert/: BitmapConvert inner Load libpixelmapconvert_gw.so
12-23 21:58:45.183 2711-3592/? I HwSwingFaceRotationHub/: TopAppCallBack, pkg=com.lkl.harmonystudy, isGameOrNavi:false, isLastGameOrNavi:false
12-23 21:58:45.184 433-640/? I SurfaceFlinger/: HalVsync display 4619827259835644672 period 0
12-23 21:58:45.184 2711-7184/? I DefProcServicePropDataManager/: appSwitch fromPkg:com.huawei.android.launcher,toPkg:com.lkl.harmonystudy
12-23 21:58:45.184 433-433/? I SurfaceFlinger/: setVsyncEnabled 0
12-23 21:58:45.184 2711-7396/? I InputDispatcher/: Focused app:ActivityRecord{779af4b u0 com.lkl.harmonystudy/EntryAbility t82}, displayId=0
12-23 21:58:45.184 2711-7448/? I WMGatewayService/: handleMessage: msg=ON_FOCUSED_APP_CHANGED
12-23 21:58:45.184 2711-7448/? I WMGatewayService/: onFocusedAppChanged: focusedActivityToken=Token{8b5393c ActivityRecord{779af4b u0 com.lkl.harmonystudy/EntryAbility t82}}
12-23 21:58:45.186 2711-7461/? I AbilityCallbackService/: notify start ability result, hostTokenId: 146094396 result: 0
12-23 21:58:45.194 2711-8531/? I system_server/: BitmapConverterGateway___JNI_OnLoad
12-23 21:58:45.195 2711-8531/? E BitmapConvert/: create pixel map from parcel failed.
12-23 21:58:45.195 2711-8531/? I WMSHandler/: startingWindow called. Not Implemented yet.
12-23 21:58:45.196 2711-8531/? I WMSHandler/: notifyWindowTransition called. Not Implemented yet.
12-23 21:58:45.200 9619-107/? I OHOS_LIBC_ADAPTOR/: dlopen /system/lib64/libhidebug.so with input flag:1, translated flag:1
12-23 21:58:45.202 7310-7694/? W HwLauncher/: TrustSpaceAppManager  TrustSpace is not installed.
