12-27 20:12:35.462 30020 30037 E bms_file: file /sys/class/hw_power/charger/direct_charger_sc4/direct_charge_succ is invalid
12-27 20:12:35.462 30020 30037 E bms_file: file /sys/class/hw_power/charger/charge_data/Vbus is invalid
12-27 20:12:35.462 30020 30037 E bms_file: file /sys/devices/virtual/hw_power/bat_heating/heat_up open failed
12-27 20:12:35.464 30020 30037 E bms_behavior: sensor parameter is invalid
12-27 20:12:35.465 30020 30037 E bms_file: file /sys/class/hw_power/charger/direct_charger_sc4/direct_charge_succ is invalid
12-27 20:12:35.465 30020 30037 E bms_file: file /sys/class/hw_power/charger/charge_data/ichg_thermal is invalid
12-27 20:12:35.465 30020 30037 E bms_file: file /sys/class/hw_power/charger/direct_charger_sc4/direct_charge_succ is invalid
12-27 20:12:35.466 30020 30037 E bms_file: file /sys/class/hw_power/charger/direct_charger_sc4/direct_charge_succ is invalid
12-27 20:12:35.466 30020 30037 E bms_file: file /sys/class/hw_power/charger/charge_data/thermal_reason is invalid
12-27 20:12:35.467 30020 30037 I bms_behavior: monitor interval count 95
12-27 20:12:35.491  1251 24119 I vendor.qti.bluetooth@1.0-ibs_handler: ProcessIbsCmd: Received IBS_SLEEP_IND: 0xFE
12-27 20:12:35.648  5761 14142 I NearbyDevicePerceptron: coordinatewakeup process end
12-27 20:12:35.648  5761 14145 I NearbyDevicePerceptron: is missing wake up
12-27 20:12:35.648  5761 14145 E NearbyDevicePerceptron: NearbyDevicePacketProcess exit
12-27 20:12:35.648  5761 14145 E NearbyDevicePerceptron: NearbyPerceptron send sleep!!!!
12-27 20:12:35.649  5761 18082 I NearbyDevicePerceptron: MuticastRecv send sleep!!!!
12-27 20:12:35.652  5761 18083 I NearbyDevicePerceptron: UnicastRecvThreadOnWifiLink send sleep!!!!
12-27 20:12:35.652  5761 18084 I NearbyDevicePerceptron: MulticasePacketSendNum:35
12-27 20:12:35.653  5761 18084 I NearbyDevicePerceptron: SendThreadOnWifiLink send sleep!!!!
12-27 20:12:35.679  5761 14142 I WifiWakeupCoordinate: stopWifiWakeupCoordinate !
12-27 20:12:35.699  2044  3013 I sensors-hal: SLPIMonitor:297, is_active=0, ScreenState=3, tsPre=658c14b2
12-27 20:12:35.699  2044  3013 I sensors-hal: SLPIMonitor:300, no need monitor
12-27 20:12:35.878  2011  2058 E Thermal-daemon:shell: CalcTemp: shelltemp[4] is abnormal, use last temp = 27701
12-27 20:12:35.882  8500 31629 I CAWARENESS_32426_DeviceInfoUtil: isUsbConnected true
12-27 20:12:35.883  8500 31629 I CAWARENESS_32426_MemoryMonitor: release memory
12-27 20:12:35.909  8500 31629 I i.engineservic: Explicit concurrent copying GC freed 86488(4120KB) AllocSpace objects, 0(0B) LOS objects, 50% free, 5917KB/11MB, paused 76us,42us total 26.572ms cpu time 26.379ms DisableRefAccess:3.102ms(3.073ms), NotOnTop
12-27 20:12:35.909  8500 31629 I CAWARENESS_32426_MemoryMonitor: VersionCode: 1000032426 Hiai name: 14.0.6.302 memory(kB) static totalPss: 58581, dalvikPss: 9820, nativePss: 22539, otherPss: 23928, swapPss: 2294
12-27 20:12:35.910  8500 31629 I CAWARENESS_32426_MemoryMonitor: App Summary:summary.code: 11724 kB	summary.stack: 1120 kB	summary.graphics: 0 kB	summary.java-heap: 11252 kB	summary.native-heap: 22404 kB	summary.system: 7453 kB	summary.total-pss: 58581 kB	summary.private-other: 4628 kB	summary.total-swap: 11732 kB	
12-27 20:12:35.975  5306  5399 I OllieMsgCenter: publishEvt=2135097353
12-27 20:12:36.066 31526 31526 I HwVA VaUtils: isPhoneLandscape: false
12-27 20:12:36.067 31526 31526 W HwVA AppShareKvStorage: [Storage] Try to get float_window_show_count without cache
12-27 20:12:36.068 31526 31526 W HwVA AppShareKvStorage: parseInt value is empty
12-27 20:12:36.449  5761 31626 I LooperFactory: releaseLooper:MBcDeliver, other:[]
12-27 20:12:36.450  1251 24125 I vendor.qti.bluetooth@1.0-ibs_handler: DeviceSleep: TX Awake, Sending SLEEP_IND
12-27 20:12:36.451  1251 24125 D vendor.qti.bluetooth@1.0-ibs_handler: SerialClockVote: vote for UART CLK OFF
12-27 20:12:36.550  5761 14146 I NearbyDevicePerceptron: ReportThreadLoop send sleep!!!!
12-27 20:12:36.601  1251 23792 D vendor.qti.bluetooth@1.0-wake_lock: Release wakelock is released 
12-27 20:12:36.619 31526 31562 I HwVA AuthUtils: getPkiCert
12-27 20:12:36.619 31526 31562 I HwVA AuthUtils: cert has exists
12-27 20:12:36.619 31526 31562 I HwVA BootTaskWrapper: BootTask cost: 0ms, taskname: initPkiCert threadName: 62395180
12-27 20:12:36.631 31526 31562 I HwVA VoiceUiUnit: HmsInstance getToken
12-27 20:12:36.642 31526 31562 I HMSSDK_n: The local secret is already in separate file mode.
12-27 20:12:36.657 31526 31562 I HMSSDK_HMSPackageManager: signature V3 check success
12-27 20:12:36.658 31526 31562 I HMSSDK_HMSPackageManager: aidlService pkgName: com.huawei.hwid
12-27 20:12:36.658 31526 31562 I HMSSDK_HMSPackageManager: Enter getHMSPackageNameForMultiService
12-27 20:12:36.660 31526 31562 I HMSSDK_HMSPackageManager: <initHmsPackageInfoForMultiService> Succeed to find HMS apk: com.huawei.hwid version: 61202302
12-27 20:12:36.661 31526 31562 I HMSSDK_HMSPackageManager: Enter getHMSPackageNameForMultiService
12-27 20:12:36.661 31526 31631 I HMSSDK_HMSPackageManager: enter asyncOnceCheckMDMState
12-27 20:12:36.662 31526 31631 I HMSSDK_HMSPackageManager: enter checkHmsIsSpoof
12-27 20:12:36.671  1399  2328 I AudioFlinger: releaseWakeLockAgain_l()  AudioOut_D
12-27 20:12:36.671  1399  2328 I AudioFlinger: releaseWakeLock_l() again filed for no exit lock AudioOut_D
12-27 20:12:36.671  1399  2328 I AudioFlinger: releaseWakeLock_l() AudioOut_D mPowerManager(1) mWakeLockToken 0xb400006f854011b0 
12-27 20:12:36.671  1399  2328 I AudioFlinger: thread 0xb400006f87102c80 type 0 TID 2328 going to sleep
12-27 20:12:36.671  2106  5224 I PowerManagerService: releaseWakeLockAsync into.
12-27 20:12:36.674  1399  2347 I AudioFlinger: releaseWakeLockAgain_l()  AudioOut_15
12-27 20:12:36.674  1399  2347 I AudioFlinger: releaseWakeLock_l() again filed for no exit lock AudioOut_15
12-27 20:12:36.674  1399  2347 I AudioFlinger: releaseWakeLock_l() AudioOut_15 mPowerManager(1) mWakeLockToken 0xb400006f85402c20 
12-27 20:12:36.674  1399  2347 I AudioFlinger: thread 0xb400006f8719de80 type 0 TID 2347 going to sleep
12-27 20:12:36.674  2106  5224 I PowerManagerService: releaseWakeLockAsync into.
12-27 20:12:36.675  2106  5224 W ProcBatteryStats: timer is not running , not stop, name: audioserver, uid: 1041, tag: AudioMix
12-27 20:12:36.679  1399  2460 I AudioFlinger: releaseWakeLockAgain_l()  AudioOut_45
12-27 20:12:36.679  1399  2460 I AudioFlinger: releaseWakeLock_l() again filed for no exit lock AudioOut_45
12-27 20:12:36.679  1399  2460 I AudioFlinger: releaseWakeLock_l() AudioOut_45 mPowerManager(1) mWakeLockToken 0xb400006f870d78b0 
12-27 20:12:36.679  1399  2460 I AudioFlinger: thread 0xb400006f75167b00 type 0 TID 2460 going to sleep
12-27 20:12:36.679  2106  5224 I PowerManagerService: releaseWakeLockAsync into.
12-27 20:12:36.679  2106  5224 W ProcBatteryStats: timer is not running , not stop, name: audioserver, uid: 1041, tag: AudioMix
12-27 20:12:36.681 31526 31631 I HMSSDK_ReadApkFileUtil: verifyMDMSignatureV3 verify successful!
12-27 20:12:36.681  1399  2394 I AudioFlinger: releaseWakeLockAgain_l()  AudioOut_35
12-27 20:12:36.681  1399  2394 I AudioFlinger: releaseWakeLock_l() again filed for no exit lock AudioOut_35
12-27 20:12:36.682  1399  2394 I AudioFlinger: releaseWakeLock_l() AudioOut_35 mPowerManager(1) mWakeLockToken 0xb400006f870d7100 
12-27 20:12:36.682  1399  2394 I AudioFlinger: thread 0xb400006f7506b5c0 type 0 TID 2394 going to sleep
12-27 20:12:36.682  2106  5224 I PowerManagerService: releaseWakeLockAsync into.
12-27 20:12:36.682  2106  5224 W ProcBatteryStats: timer is not running , not stop, name: audioserver, uid: 1041, tag: AudioMix
12-27 20:12:36.690 31526 31562 I HMSSDK_HianalyticsExist: hianalytics exist: false
12-27 20:12:36.690 31526 31562 I HMSSDK_HMSBIInitializer: Builder->biInitFlag :false
12-27 20:12:36.691 31526 31562 I HMSSDK_AnalyticsSwitchHolder: Builder->biSetting :true
12-27 20:12:36.691 31526 31562 I HMSSDK_Util: available exist: true
12-27 20:12:36.692 31526 31562 I HMSSDK_Util: available exist: true
12-27 20:12:36.692 31526 31562 I HMSSDK_AvailableUtil: asyncCheckHmsUpdateInfo, not need to check
12-27 20:12:36.694 31526 31562 I HMSSDK_HMSPackageManager: Enter getHMSPackageNameForMultiService
12-27 20:12:36.698 31526 31631 I HMSSDK_HMSPackageManager: quit checkHmsIsSpoof state: SUCCESS
12-27 20:12:36.698 31526 31631 I HMSSDK_HMSPackageManager: quit asyncOnceCheckMDMState
12-27 20:12:36.699  2044  3013 I sensors-hal: SLPIMonitor:297, is_active=0, ScreenState=3, tsPre=658c14b3
12-27 20:12:36.699  2044  3013 I sensors-hal: SLPIMonitor:300, no need monitor
12-27 20:12:36.720 31526 31562 I HMSSDK_HMSPackageManager: Enter getHMSPackageNameForMultiService
12-27 20:12:36.732 31526 31636 I HMSSDK_HMSPackageManager: Enter getHMSPackageNameForMultiService
12-27 20:12:36.732 31526 31636 I HMSSDK_HuaweiApi: No setInnerHms, hms pkg name is com.huawei.hwid
12-27 20:12:36.733 31526 31636 I HMSSDK_HuaweiApi: sendRequest
12-27 20:12:36.733 31526 31636 I HMSSDK_HMSPackageManager: Enter getHMSPackageName
12-27 20:12:36.735 31526 31636 I HMSSDK_HMSPackageManager: signature V3 check success
12-27 20:12:36.736 31526 31636 I HMSSDK_HMSPackageManager: <initHmsPackageInfo> Succeed to find HMS apk: com.huawei.hwid version: 61202302
12-27 20:12:36.736 31526 31636 I HMSSDK_HuaweiApi: isConnected:false.
12-27 20:12:36.736 31526 31636 I HMSSDK_BaseHmsClient: ====== HMSSDK version: 61100301 ======
12-27 20:12:36.737 31526 31636 I HMSSDK_BaseHmsClient: Enter connect, Connection Status: 1
12-27 20:12:36.737 31526 31636 I HMSSDK_BaseHmsClient: connect minVersion:30000000 packageName:com.huawei.hwid
12-27 20:12:36.738 31526 31636 I HMSSDK_Util: available exist: true
12-27 20:12:36.738 31526 31636 I HMSSDK_HMSPackageManager: enter checkHmsIsSpoof
12-27 20:12:36.738 31526 31636 I HMSSDK_HMSPackageManager: quit checkHmsIsSpoof cached state: SUCCESS
12-27 20:12:36.739 31526 31636 I HMSSDK_HMSPackageManager: Enter getHMSPackageName
12-27 20:12:36.740 31526 31636 I HMSSDK_HMSPackageManager: current versionCode:61202302, minimum version requirements: 30000000
12-27 20:12:36.740 31526 31636 I HMSSDK_HMSPackageManager: Enter getHMSPackageName
12-27 20:12:36.740 31526 31636 I HMSSDK_HMSPackageManager: Enter getHMSPackageName
12-27 20:12:36.741 31526 31636 I HMSSDK_HMSPackageManager: MinApkVersion is disabled.
12-27 20:12:36.741 31526 31636 I HMSSDK_BaseHmsClient: check available result: 0
12-27 20:12:36.741 31526 31636 I HMSSDK_BaseHmsClient: enter bindCoreService, packageName is com.huawei.hwid, serviceAction is com.huawei.hms.core.aidlservice
12-27 20:12:36.742 31526 31636 I HMSSDK_OuterBinderAdapter: OuterBinderAdapter getInstance.
12-27 20:12:36.746  2106  5224 I ActivityManager: power push bindservice callingPkg:com.huawei.vassistant, pkg:com.huawei.hwid, callerApp pid:31526, pid:18939
12-27 20:12:36.747 31526 31526 I HMSSDK_BinderAdapter: BinderAdapter Enter onServiceConnected.
12-27 20:12:36.747 31526 31526 I HMSSDK_BaseHmsClient: Enter onServiceConnected.
12-27 20:12:36.748 31526 31636 I HMSSDK_RequestManager: RequestManager handleMessage.
12-27 20:12:36.748 31526 31636 I HMSSDK_BaseHmsClient: getAdapter:isInner:false, mInnerBinderAdapter:null, mOuterBinderAdapter:com.huawei.hms.adapter.OuterBinderAdapter@b6fc918
12-27 20:12:36.749 31526 31636 I HMSSDK_HuaweiApi: onConnected
12-27 20:12:36.749 31526 31636 I HMSSDK_RequestManager: addToConnectedReqMap
12-27 20:12:36.750 31526 31636 I HMSSDK_HmsClient: post msg api_name:push.gettoken, app_id:100217631|, pkg_name:com.huawei.vassistant, sdk_version:61100301, session_id:*, transaction_id:100217631ttoken20231227201236729302498, kitSdkVersion:61100100, apiLevel:1
12-27 20:12:36.750 31526 31636 I HMSSDK_HmsClient: Activity is null for 100217631
12-27 20:12:36.750 31526 31636 I HMSSDK_BaseAdapter: In constructor, WeakReference is java.lang.ref.WeakReference@e6e1f71
12-27 20:12:36.751 31526 31636 I HMSSDK_BaseAdapter: in baseRequest + uri is :push.gettoken, transactionId is : 100217631ttoken20231227201236729302498
12-27 20:12:36.752 31526 31636 I HMSSDK_PendingResultImpl: init uri:push.gettoken
12-27 20:12:36.755 31526 31636 I HMSSDK_PendingResultImpl: setResultCallback
12-27 20:12:36.756 18939 18954 I AIDLInvoke: [HMSCore AIDLInvoke.java:7] <apirouter>Request, URI: push.gettoken
12-27 20:12:36.757 18939 18954 I PackageUtils: [HMSCore PackageUtils.java:1] uid:10125, packageName:com.huawei.vassistant
12-27 20:12:36.758 18939 31637 I AppScope: [HMSCore AppScope.java:6] permission not exist:100217631/com.huawei.hms.appservice.cps
12-27 20:12:36.758 18939 31637 I fwkit_ApiRuleEngine: [fwkit ApiRuleEngine.java:222] bgRules, apiName: push.gettoken appId: 100217631 permission: null business:Default
12-27 20:12:36.758 18939 31637 W fwkit_coresm: [fwkit CoreServiceManager.java:77] Get vr_system Service !but its binder is null!
12-27 20:12:36.758 18939 31637 E HwVrServiceManagerImpl: client service is not alive.
12-27 20:12:36.758 18939 31637 I fwkit_sdk_apiRouter: newApiName is push.gettoken
12-27 20:12:36.759 18939 31637 I RuleEngineService: [HMSCore RuleEngineService.java:8] AIDLRequest modify route info,oldApiName:push.gettoken, newApiName:push.gettoken
12-27 20:12:36.759 18939 31637 I AIDLInvoke: [HMSCore AIDLInvoke.java:7] push.gettoken->push.gettoken
12-27 20:12:36.759 18939 31637 I AIDLInvoke: [HMSCore AIDLInvoke.java:4] push apiLvl:-1,1
12-27 20:12:36.759 18939 31637 I fwkit_sdk_fd: createRequestFromMessageCenter uri: push.gettoken
12-27 20:12:36.759 18939 31637 I fwkit_kims_apidispatcher_fdi: [fwkit DispatcherImpl.java:112] MessageCenter uri: push.gettoken appId: 100217631 hostAppId: 100217631 apiLevel: 1 runtime api level: 28
12-27 20:12:36.759 18939 31637 W fwkit_kit_breaker: [fwkit KitBreaker.java:343] infos invalid
12-27 20:12:36.760 18939 31637 I fwkit_kims_RequestFactory: [fwkit RequestFactory.java:47] No uri matched, choose proxy request as default.
12-27 20:12:36.760 18939 31637 I KitMessageCenter: [HMSCore KitMessageCenter.java:14] Find makeRequest uri:push.gettoken cost time: 1ms
12-27 20:12:36.760 18939 31637 I AIDLInvoke: [HMSCore AIDLInvoke.java:8] Request, URI: push.gettoken, clientId: {appId: 100217631, hostAppID: 100217631, packageName: com.huawei.vassistant, sdkVersion: 61100301, uid: 10125, transactionId: 100217631ttoken20231227201236729302498, apiLevel: 1, uri: push.gettoken, kitSdkVersion: 61100100}
12-27 20:12:36.761 18939 31637 I fwkit_kims: [fwkit KIMSServiceController.java:725] getKitInfo S: :push
12-27 20:12:36.761 18939 19588 E fwkit_presetUtil: getSystemApp flag error for com.google.android.gms:NameNotFoundException
12-27 20:12:36.761 18939 31637 I fwkit_kams_stubmanager: [fwkit StubManagerService.java:449] getSPNByComponent:com.huawei.hms.push, com.huawei.hms.push, false
12-27 20:12:36.761 18939 19588 I FormalHASDK: HAImpl==> onEvent. tag:HmsProfiler, type:0, eventId:HMS_API_CALLED
12-27 20:12:36.761 18939 31637 I fwkit_kams_scheduler: [fwkit ProcessScheduler.java:411] RC:com.huawei.hwid.core
12-27 20:12:36.762 18939 31637 I fwkit_kams: [fwkit KAMSServiceController.java:1231] Assign com.huawei.hwid.core for push/com.huawei.hms.push/com.huawei.hms.push cost 1ms
12-27 20:12:36.762 18939 31637 I fwkit_kams_stubmanager: [fwkit StubManagerService.java:449] getSPNByComponent:com.huawei.hms.push, com.huawei.hms.push, false
12-27 20:12:36.762 18939 31637 I fwkit_kams_scheduler: [fwkit ProcessScheduler.java:411] RC:com.huawei.hwid.core
12-27 20:12:36.762 18939 31637 I fwkit_msg_request_proxy: [fwkit AIDLRequestLocalProxy.java:171] request:3daf73cc-06e4-4e07-935b-743aa377ffa5/push.gettoken
12-27 20:12:36.763 18939 31639 I fwkit_msg_invoke_remote: [fwkit AIDLInvokeRemote.java:131] execute requestId:3daf73cc-06e4-4e07-935b-743aa377ffa5 uri:push.gettoken transactionId:100217631ttoken20231227201236729302498
12-27 20:12:36.764 18939 31639 I fwkit_msg_fr: [fwkit FinderRemote.java:93] findRequest uri: push.gettoken apiLevel: 1
12-27 20:12:36.764 18939 31639 I fwkit_kac_kitloader: [fwkit KitLoaderManager.java:210] kit loaded push_61200300 already exits, cost :0 ms
12-27 20:12:36.764 18939 31641 I fwkit_CountryCodeBean: [fwkit CountryCodeBean.java:163] countryCode by ro.hw.country is: cn
12-27 20:12:36.764 18939 31639 I fwkit_msg_aidl_request: [fwkit AIDLRequest.java:125] execute:100217631ttoken20231227201236729302498
12-27 20:12:36.765 18939 31641 I fwkit_CountryCodeBean: [fwkit CountryCodeBean.java:112] get issue_country code from VENDOR_COUNTRY
12-27 20:12:36.766 18939 31639 I ScopeManager: [HMSCore ScopeManager.java:1] checkCF 100217631/com.huawei.vassistant
12-27 20:12:36.767 18939 31639 I HC_PackageUtils: [HMSCore PackageUtils.java:6] com.huawei.vassistant is OHOS app: false
12-27 20:12:36.767 18939 31639 I fwkit_scope_mgr: [fwkit ScopeManager.java:157] checkCertFingerprint result: 0
12-27 20:12:36.768 18939 31639 I fwkit_msg_aidl_request: [fwkit AIDLRequest.java:219] permission: com.huawei.android.hms.push.manageToken
12-27 20:12:36.769 18939 31639 I fwkit_scope_mgr: [fwkit ScopeManager.java:203] checkPermission result: 0
12-27 20:12:36.770 18939 31639 D HMSPushLog61200300: [PushKit MultiUserUtil.java:82] get CurUserId:0
12-27 20:12:36.770 18939 31639 I HMSPushLog61200300: [PushKit GetTokenRequest.java:124] TokenReq{ pkgName: com.huawei.vassistant,isFirstTime: false,scope: HCM,appId: 100217631,userId: 0},transactionId:100217631ttoken20231227201236729302498
12-27 20:12:36.770 18939 31639 D HMSPushLog61200300: [PushKit CommFun.java:294] existFrameworkPush:1
12-27 20:12:36.770 18939 31639 D HMSPushLog61200300: [PushKit CommFun.java:294] existFrameworkPush:1
12-27 20:12:36.770 18939 31639 I HMSPushLog61200300: [PushKit PendingResultImpl.java:158] await
12-27 20:12:36.771 18939 31639 I HMSPushLog61200300: [PushKit PendingResultImpl.java:233] awaitOnAnyThread timeout:10 unit:SECONDS
12-27 20:12:36.772 18939 31642 W fwkit_kims: [fwkit KIMSServiceController.java:1141] Can't find the specific package.
12-27 20:12:36.774  7654 31643 I PushLog110120300: [IO-pool-145-1802]TokenReq{ pkgName: com.huawei.vassistant,subjectId: null,userId: 0,isMultiSender: false},transactionId:100217631ttoken20231227201236729302498
12-27 20:12:36.775  7654 31643 I PushLog110120300: [IO-pool-145-1802]send msg to server:0x48, subCmdId:0xFF
12-27 20:12:36.776  7654 31643 I PushLog110120300: [IO-pool-145-1802]enter AlarmTools:setExactAlarm(action:com.huawei.android.push.intent.RESPONSE_FAIL interval:30000ms expectTriggerTime:1703679186775
12-27 20:12:36.776  2106  5224 I AlarmManager: set(PendingIntent{7ea1c04: PendingIntentRecord{73a6628 android broadcastIntent}}) : type=0 triggerAtTime=1703679186775 win=0 tElapsed=1099511974 maxElapsed=1099511974 interval=0 flags=0x9 at=+29999ms uid=1000 count=54 callingClass=<bottom of call stack> 
12-27 20:12:36.777  2106  5224 I HwAlarmManagerService: hwSetRtcAlarm start
12-27 20:12:36.780  2106  5224 I HwConnectivityServiceEx: set 1000, metered: false, value: false
12-27 20:12:36.780  7654 31643 I PushLog110120300: [IO-pool-145-1802]trs ipv6 not enabled or v6 not provisioned
12-27 20:12:36.781  7654 31643 I PushLog110120300: [IO-pool-145-1802]config still valid, need not query TRS
12-27 20:12:36.781  7654 31643 I PushLog110120300: [IO-pool-145-1802]this package have already registered from db
12-27 20:12:36.782 18939 18954 I HMSPushLog61200300: [PushKit PendingResultImpl.java:330] setResult:0
12-27 20:12:36.784 18939 31639 I HMSPushLog61200300: [PushKit HmsTokenHelper.java:542] hms token within 24h, not allowed apply hms token.
12-27 20:12:36.784 18939 31639 I fwkit_msg_aidl_request: [fwkit AIDLRequest.java:144] onRequest push.gettoken/100217631ttoken20231227201236729302498 cost 14ms
12-27 20:12:36.784 18939 31645 I fwkit_msg_request_proxy: [fwkit AIDLRequestLocalProxy.java:248] AidlCallback:3daf73cc-06e4-4e07-935b-743aa377ffa5/push.gettoken
12-27 20:12:36.785 18939 31645 I fwkit_msg_arw: [fwkit AIDLResponseWrapper.java:61] callJson start
12-27 20:12:36.785 18939 31645 E fwkit_msg_arw: [fwkit AIDLResponseWrapper.java:65] intent is null
12-27 20:12:36.786 18939 31646 I fwkit_CountryCodeBean: [fwkit CountryCodeBean.java:163] countryCode by ro.hw.country is: cn
12-27 20:12:36.786 18939 31646 I fwkit_CountryCodeBean: [fwkit CountryCodeBean.java:112] get issue_country code from VENDOR_COUNTRY
12-27 20:12:36.787 18939 31645 I AIDLResponseImpl: [HMSCore AIDLResponseImpl.java:10] Response, uri: push.gettoken, statusCode: 0, errorCode: 0
12-27 20:12:36.789 31526 31621 I HMSSDK_PendingResultImpl: setResult:0
12-27 20:12:36.789 18939 31647 I fwkit_date_utils: [fwkit DateUtil.java:29] init threadLocal
12-27 20:12:36.789 31526 31526 I HMSSDK_BaseAdapter: BaseRequestResultCallback onResult
12-27 20:12:36.789 18939 31647 I fwkit_HmsProfiler: [fwkit HmsProfiler.java:618] traceApiEvent input : com.huawei.vassistant
12-27 20:12:36.790 31526 31526 I HMSSDK_BaseAdapter: api is: push.gettoken, resolution: null, status_code: 0
12-27 20:12:36.790 31526 31526 I HMSSDK_BaseAdapter: baseCallBack.onComplete
12-27 20:12:36.791 31526 31526 I HMSSDK_HmsClient: receive msg status_code:0, error_code:0, api_name:push.gettoken, app_id:100217631|, pkg_name:com.huawei.vassistant, session_id:*, transaction_id:100217631ttoken20231227201236729302498, resolution:null
12-27 20:12:36.792 31526 31526 I HMSSDK_TaskApiCall: doExecute, uri:push.gettoken, errorCode:0, transactionId:100217631ttoken20231227201236729302498
12-27 20:12:36.794 31526 31526 I HMSSDK_HMSPackageManager: Enter getHMSPackageNameForMultiService
12-27 20:12:36.796 31526 31649 I SecurityComp10200303: BaseKeyUtil: exportRootKey: sha256
12-27 20:12:36.820 31526 31526 I HMSSDK_RequestManager: removeReqByTransId
12-27 20:12:36.846  7654  8589 I PushLog110120300: [SocketRead_19:13:24-46]enter cancelAlarm(Action=com.huawei.android.push.intent.RESPONSE_FAIL
12-27 20:12:36.846  2106  5224 I AlarmManager: remove Alarm{eef470 type 0 origWhen 1703679186775 whenElapsed 1099511974 PendingIntent{7ea1c04: PendingIntentRecord{73a6628 android broadcastIntent}} android procName com.huawei.android.pushagent.PushService} according to PendingIntent: a10e6b3 by reason: 1
12-27 20:12:36.847  7654  8589 I PushLog110120300: [SocketRead_19:13:24-46]msg received from server:0x49, subCmdId:0xFF
12-27 20:12:36.850  7654  8140 I PushLog110120300: [ReceiverDispatcher-34]enter AlarmTools:setInexactAlarm(action:com.huawei.action.push.intent.CHECK_CHANNEL_CYCLE interval:1200000ms
12-27 20:12:36.851  2106  5224 I AlarmManager: set(PendingIntent{2d863e9: PendingIntentRecord{28abdc8 android broadcastIntent}}) : type=1 triggerAtTime=1703680356850 win=899999 tElapsed=1100682048 maxElapsed=1101582047 interval=0 flags=0x8 at=+1199999ms uid=1000 count=54 callingClass=<bottom of call stack> 
12-27 20:12:36.852  2106  5224 I AlarmManager: remove Alarm{3c9b86e type 1 origWhen 1703680021160 whenElapsed 1100346358 PendingIntent{9c89f96: PendingIntentRecord{28abdc8 android broadcastIntent}} android procName com.huawei.android.pushagent.PushService} according to PendingIntent: 2d863e9 by reason: 6
12-27 20:12:37.625 31526 31563 I HwVA BootTaskWrapper: BootTask cost: 3ms, taskname: reportInteractorError threadName: 25664452
12-27 20:12:37.701  2044  3013 I sensors-hal: SLPIMonitor:297, is_active=0, ScreenState=3, tsPre=658c14b4
12-27 20:12:37.701  2044  3013 I sensors-hal: SLPIMonitor:300, no need monitor
12-27 20:12:37.982  5306  5399 I OllieMsgCenter: publishEvt=2135097353
12-27 20:12:38.663  2077  2555 D BufferPoolAccessor2.0: bufferpool2 0xb400007df28d9228 : 0(0 size) total buffers - 0(0 size) used buffers - 46/50 (recycle/alloc) - 4/49 (fetch/transfer)
12-27 20:12:38.664 31526 31597 D BufferPoolAccessor2.0: bufferpool2 0x75d412da28 : 0(0 size) total buffers - 0(0 size) used buffers - 2/7 (recycle/alloc) - 5/104 (fetch/transfer)
12-27 20:12:38.664  2077  2555 D BufferPoolAccessor2.0: evictor expired: 1, evicted: 1
12-27 20:12:38.664 31526 31597 D BufferPoolAccessor2.0: evictor expired: 1, evicted: 1
12-27 20:12:38.664  2005  2819 D BufferPoolAccessor2.0: bufferpool2 0xee14cfd8 : 4(131072 size) total buffers - 4(131072 size) used buffers - 33/41 (recycle/alloc) - 8/78 (fetch/transfer)
12-27 20:12:38.664  2005  2819 D BufferPoolAccessor2.0: evictor expired: 2, evicted: 1
12-27 20:12:38.703  2044  3013 I sensors-hal: SLPIMonitor:297, is_active=0, ScreenState=3, tsPre=658c14b5
12-27 20:12:38.703  2044  3013 I sensors-hal: SLPIMonitor:300, no need monitor
12-27 20:12:38.805  2011  2011 I Thermal-daemon:hw_thermal: [ap] tempNew :27  tempOld :26
12-27 20:12:38.809  2011  2011 I Thermal-daemon:hw_thermal: Report temperature: [ap] temp :27  reportThreshold:1
12-27 20:12:38.816 31526 31526 I HwVA FloatViewFactory: release
12-27 20:12:38.817 31526 31526 I HwVA EmuiServiceImpl: JlogEx:app hide
12-27 20:12:38.821 31526 31526 E HwVA TouchUtil: unRegisterOnComputeInternalInsetsListener invocationTargetException error
12-27 20:12:38.825 31526 31526 W Glide   : Failed to find GeneratedAppGlideModule. You should include an annotationProcessor compile dependency on com.github.bumptech.glide:compiler in your application and a @GlideModule annotated AppGlideModule implementation or LibraryGlideModules will be silently ignored
12-27 20:12:38.853  2106  5224 I InputMethodGatewayService_AppInfoStore: onInputMethodClientAdd, client = android.os.BinderProxy@6293b0f, pid = 31526
12-27 20:12:38.853 31526 31526 I InputMethodManager: forContextInternal diaplayId:0,instance=android.view.inputmethod.InputMethodManager@3176c06
12-27 20:12:38.854 31526 31526 E HwVA InputMethodUtil: NoSuchFieldException
12-27 20:12:38.854 31526 31526 E HwVA InputMethodUtil: NoSuchFieldException
12-27 20:12:38.854 31526 31526 E HwVA InputMethodUtil: NoSuchFieldException
12-27 20:12:38.854 31526 31526 W HwVA FloatViewSoftInputChangeManager: childOfContent is null
12-27 20:12:38.854 31526 31526 I HwVA FloatPresenter: removeEventListener
12-27 20:12:38.855 31526 31526 I HwVA IassistantMicManager: resetState
12-27 20:12:38.855 31526 31526 I HwVA IassistantMicManager: update voice ball state: 1, last state: 0
12-27 20:12:38.855 31526 31526 I HwVA VoiceBallAnimationManager: transferToIdle
12-27 20:12:38.855 31526 31526 I Voiceball_VoiceStateManager: transferTo from INPUTTING_DIRECTLY(4) to THINKING(2)
12-27 20:12:38.855 31526 31526 I Voiceball_VoiceStateManager: transferTo from THINKING(2) to PRESENT(3)
12-27 20:12:38.855 31526 31526 I Voiceball_VoiceStateManager: transferTo from PRESENT(3) to WAITING(0)
12-27 20:12:38.864  2106  5224 I HwInnerVibratorService: isSupportHwVibrator, type is haptic.common.long_press1, isSupport is 0
12-27 20:12:38.865  2106  5224 I HwInnerVibratorService: isSupportHwVibrator, type is haptic.slide.type6, isSupport is 0
12-27 20:12:38.868 31526 31526 I InputMethodManager: mCurRootView is null
12-27 20:12:38.868 31526 31526 I InputMethodManager: mCurRootView is null
12-27 20:12:38.869 31526 31526 I InputMethodManager: hideSoftInputFromWindow windowToken=null;flags=0
12-27 20:12:38.869 31526 31526 I InputMethodManager: mCurRootView is null
12-27 20:12:38.869 31526 31526 I InputMethodManager: hideSoftInputFromWindow return: servedView=null
12-27 20:12:38.869 31526 31526 E HwVA InputMethodUtil: NoSuchFieldException
12-27 20:12:38.869 31526 31526 E HwVA InputMethodUtil: NoSuchFieldException
12-27 20:12:38.869 31526 31526 E HwVA InputMethodUtil: NoSuchFieldException
12-27 20:12:38.870  2106  5224 I DeviceIdentifiers: udid has been read success, return!
12-27 20:12:38.874 31526 31526 I HwVA HandlerPool: initHandlers size: 8
12-27 20:12:38.918 31526 31558 W FormalHASDK: HADM==> tag: vassistant not found
12-27 20:12:38.918 31526 31558 I FormalHASDK: HABuilder==> ha sdk init. tag: vassistant. version: 3.2.9.501
12-27 20:12:38.939  2106  5224 I DeviceIdentifiers: udid has been read success, return!
12-27 20:12:38.940 31526 31558 W FormalHASDK: HADM==> tag: ha_default_collection not found
12-27 20:12:38.941 31526 31558 I FormalHASDK: HAImpl==> onEvent. tag:ha_default_collection, type:1, eventId:$ha_collection
12-27 20:12:38.944 31526 31558 I FormalHASDK: HAImpl==> onReport. tag:vassistant, type:0
12-27 20:12:38.944  2106  6656 I BatteryService: Processing new values: info={.chargerAcOnline = false, .chargerUsbOnline = true, .chargerWirelessOnline = false, .maxChargingCurrent = 900000, .maxChargingVoltage = 5000000, .batteryStatus = CHARGING, .batteryHealth = GOOD, .batteryPresent = true, .batteryLevel = 48, .batteryVoltage = 3848, .batteryTemperature = 250, .batteryCurrent = 340, .batteryCycleCount = 9, .batteryFullCharge = 3990000, .batteryChargeCounter = 1875300, .batteryTechnology = Unknown}, mBatteryLevelCritical=false, mPlugType=2, batteryStatus=2
12-27 20:12:38.944  2106  6656 E BatteryService: no autopoweroff in settings
12-27 20:12:38.945  2106  5224 I HwConnectivityServiceEx: set 10125, metered: false, value: false
12-27 20:12:38.947 31526 31664 I SecurityComp10200303: GCMKS: load key
12-27 20:12:38.947   784 17052 I keystore2: keystore2::service: keystore serives get_key_entry caller_uid:10125 
12-27 20:12:38.949 31526 31558 I FormalHASDK: HAImpl==> onReport. tag:vassistant, type:1
12-27 20:12:38.949   784 17052 I keystore2: keystore2::security_level: keystore security_level create_operation caller_uid:10125
12-27 20:12:38.950   784 17052 I keystore2: keystore2::security_level: keystore upgrade_keyblob_if_required_with begin
12-27 20:12:38.950   784 17052 I keystore2: beginkeystore KeyMintDevice begin
12-27 20:12:38.950 31526 31558 I FormalHASDK: HAImpl==> onEvent. tag:vassistant, type:0, eventId:991640532
12-27 20:12:38.954   784 17052 I keystore2: beginkeystore KeyMintDevice begin end
12-27 20:12:38.954   784 17052 I keystore2: updatekeystore KeyMintDevice update
12-27 20:12:38.955   784 17052 I keystore2: updatekeystore KeyMintDevice update end
12-27 20:12:38.955   784 17052 I keystore2: finishkeystore KeyMintDevice finish
12-27 20:12:38.955   784 17052 I keystore2: finishkeystore KeyMintDevice finish end
12-27 20:12:38.957 31526 31667 I SecurityComp10200303: GCMKS: load key
12-27 20:12:38.958   784 17052 I keystore2: keystore2::service: keystore serives get_key_entry caller_uid:10125 
12-27 20:12:38.959   784 17052 I keystore2: keystore2::security_level: keystore security_level create_operation caller_uid:10125
12-27 20:12:38.960   784 17052 I keystore2: keystore2::security_level: keystore upgrade_keyblob_if_required_with begin
12-27 20:12:38.960   784 17052 I keystore2: beginkeystore KeyMintDevice begin
12-27 20:12:38.957  2104  2104 W daily_control: type=1400 audit(0.0:69074): avc: denied { dac_read_search } for capability=2 scontext=u:r:logserver:s0 tcontext=u:r:logserver:s0 tclass=capability permissive=0
12-27 20:12:38.957  2104  2104 W daily_control: type=1400 audit(0.0:69075): avc: denied { dac_override } for capability=1 scontext=u:r:logserver:s0 tcontext=u:r:logserver:s0 tclass=capability permissive=0
12-27 20:12:38.963   784 17052 I keystore2: beginkeystore KeyMintDevice begin end
12-27 20:12:38.963   784 17052 I keystore2: updatekeystore KeyMintDevice update
12-27 20:12:38.961  2104  2104 W event_serialize: type=1400 audit(0.0:69076): avc: denied { dac_read_search } for capability=2 scontext=u:r:logserver:s0 tcontext=u:r:logserver:s0 tclass=capability permissive=0
12-27 20:12:38.961  2104  2104 W event_serialize: type=1400 audit(0.0:69077): avc: denied { dac_override } for capability=1 scontext=u:r:logserver:s0 tcontext=u:r:logserver:s0 tclass=capability permissive=0
12-27 20:12:38.964   784 17052 I keystore2: updatekeystore KeyMintDevice update end
12-27 20:12:38.964   784 17052 I keystore2: finishkeystore KeyMintDevice finish
12-27 20:12:38.965   784 17052 I keystore2: finishkeystore KeyMintDevice finish end
12-27 20:12:38.965 31526 31667 I SecurityComp10200303: GCMKS: load key
12-27 20:12:38.966   784 17052 I keystore2: keystore2::service: keystore serives get_key_entry caller_uid:10125 
12-27 20:12:38.967   784 17052 I keystore2: keystore2::security_level: keystore security_level create_operation caller_uid:10125
12-27 20:12:38.968   784 17052 I keystore2: keystore2::security_level: keystore upgrade_keyblob_if_required_with begin
12-27 20:12:38.968   784 17052 I keystore2: beginkeystore KeyMintDevice begin
12-27 20:12:38.971   784 17052 I keystore2: beginkeystore KeyMintDevice begin end
12-27 20:12:38.971   784 17052 I keystore2: updatekeystore KeyMintDevice update
12-27 20:12:38.972   784 17052 I keystore2: updatekeystore KeyMintDevice update end
12-27 20:12:38.972   784 17052 I keystore2: finishkeystore KeyMintDevice finish
12-27 20:12:38.972   784 17052 I keystore2: finishkeystore KeyMintDevice finish end
12-27 20:12:38.984 31526 31667 I NetworkKit_NetworkKit: HASDK-OnReport-21|null|com.huawei.hms.network.NetworkKit|init|35|init  Version:7.0.1.300  BuildTime:2023-04-14
12-27 20:12:38.987 31526 31668 I NetworkKit_DynamicLoadPermit: HASDK-OnReport-21 -->NetworkKit_NetworkKit_0|null|com.huawei.hms.network.api.a|a|19|is dynamic load: false, advance: true
12-27 20:12:38.987 31526 31668 I NetworkKit_NetworkKit: HASDK-OnReport-21 -->NetworkKit_NetworkKit_0|null|com.huawei.hms.network.NetworkKit|getInstance|21|not dynamic load
12-27 20:12:38.988 31526 31668 I NetworkKit_NetworkKitProvider: HASDK-OnReport-21 -->NetworkKit_NetworkKit_0|null|com.huawei.hms.network.NetworkKitProvider|b|35|load local result is: true
12-27 20:12:38.989 31526 31668 I NetworkKit_NetworkKitProvider: HASDK-OnReport-21 -->NetworkKit_NetworkKit_0|null|com.huawei.hms.network.NetworkKitProvider|b|79|provider client version code: 7.0.1.300, api level: 11
12-27 20:12:38.989 31526 31668 I NetworkKit_NetworkKitProvider: HASDK-OnReport-21 -->NetworkKit_NetworkKit_0|null|com.huawei.hms.network.NetworkKitProvider|b|111|NetworkKitProvider is dynamic provider result : false
12-27 20:12:38.992 31526 31668 I NetworkKit_PackageUtils: HASDK-OnReport-21 -->NetworkKit_NetworkKit_0|PackageManagerCompat.java|com.huawei.hms.framework.common.PackageManagerCompat|getBundleFromKit|61|kitContext: com.huawei.vassistant
12-27 20:12:38.994 31526 31668 I NetworkKit_ConfigManager: HASDK-OnReport-21 -->NetworkKit_NetworkKit_0|null|com.huawei.hms.network.embedded.j|a|50|init :com.huawei.vassistant
12-27 20:12:38.998  2106  5224 I HwActivityManagerServiceEx: provider is prevented for not-prevent
12-27 20:12:39.000  5071  5181 E NumberUtils: Number Format err! str: 
12-27 20:12:39.001  2106  5224 I ContentProviderHelper: Successfully start provider ContentProviderRecord{2db274d u0 com.huawei.hwid/com.huawei.hms.fwkit.kams.provideragent.StubContentProvider} launchingApp=null caller pid= 31526
12-27 20:12:39.002 31526 31668 I NetworkKit_PLSharedPreferences: HASDK-OnReport-21 -->NetworkKit_NetworkKit_0|PLSharedPreferences.java|com.huawei.hms.framework.common.PLSharedPreferences|getAll|39|sp size 2
12-27 20:12:39.002 31526 31668 I NetworkKit_PackageUtils: HASDK-OnReport-21 -->NetworkKit_NetworkKit_0|PackageManagerCompat.java|com.huawei.hms.framework.common.PackageManagerCompat|getBundleFromKit|61|kitContext: com.huawei.vassistant
12-27 20:12:39.003 31526 31672 I NetworkKit_ConfigManager: NetworkKit_NetworkKit_0 -->NetworkKit_ConfigManager_0|null|com.huawei.hms.network.embedded.j|b|10|config is not expired
12-27 20:12:39.004  2106  5224 I HwActivityManagerServiceEx: provider is prevented for not-prevent
12-27 20:12:39.005 18939 31673 W fwkit_kims: [fwkit KIMSServiceController.java:1141] Can't find the specific package.
12-27 20:12:39.006  2106  5224 I ContentProviderHelper: Successfully start provider ContentProviderRecord{8e1b0d6 u0 com.huawei.hwid/com.huawei.hms.runtimekit.kitcontainerservice.KitProcessAgent2Provider} launchingApp=ProcessRecord{97cdcf1 19269:com.huawei.hwid.container2/u0a88} caller pid= 18939
12-27 20:12:39.006 31526 31668 I NetworkKit_AIInterceptorService: HASDK-OnReport-21 -->NetworkKit_NetworkKit_0|null|com.huawei.hms.network.ai.AIPolicyService|onCreate|4|aiServcie onCreate
12-27 20:12:39.007 19269 19289 I fwkit_AbP: [fwkit AbsContentProvider.java:148] cp:com.huawei.hwid;call;content://com.huawei.hms.contentprovider/com.huawei.hms.wireless/qoe
12-27 20:12:39.008 19269 19289 I QoeProvider: [WirelessKit null:27] call: RegisterWeakSignal_Bundle[{}]
12-27 20:12:39.008 19269 19289 I QoeProvider: [WirelessKit null:27] call: Qoe_null
12-27 20:12:39.009 19269 19289 I QoeImpl : [WirelessKit null:39] registerNetQoeCallBack:com.huawei.vassistant
12-27 20:12:39.009 19269 19289 I QoeServiceManager: [WirelessKit null:20] pkgName:com.huawei.vassistant
12-27 20:12:39.009 19269 19289 I QoeServiceManager: [WirelessKit null:5] remove callback
12-27 20:12:39.009 19269 19289 I APKHaUtils: [WirelessKit null:4] reportAfterCall start
12-27 20:12:39.009 31526 31668 I NetworkKit_NetworkKit: HASDK-OnReport-21 -->NetworkKit_NetworkKit_0|null|com.huawei.hms.network.NetworkKit|init|35|init  Version:7.0.1.300  BuildTime:2023-04-14
12-27 20:12:39.010 19269 19289 I HiAnalytics/event: [2023-12-27 20:12:39.009 I/HiAnalytics/HiAnalytics/event 19269:166 null:13] HiAnalyticsInstance.onEvent(int type, String eventId, Map<String, String> mapValue) is execute.TAG: _instance_ex_tag,TYPE: 0
12-27 20:12:39.011 19269 31679 I EventRecordTask: [2023-12-27 20:12:39.010 I/HiAnalytics/EventRecordTask 19269:1233 null:4] event record task running
12-27 20:12:39.011 19269 19289 I HiAnalytics/event: [2023-12-27 20:12:39.010 I/HiAnalytics/HiAnalytics/event 19269:166 null:13] HiAnalyticsInstance.onEvent(int type, String eventId, Map<String, String> mapValue) is execute.TAG: _instance_ex_tag,TYPE: 1
12-27 20:12:39.011 31526 31668 I NetworkKit_NetworkServiceManager: HASDK-OnReport-21 -->NetworkKit_NetworkKit_0|null|com.huawei.hms.network.embedded.h4|a|118|networkServices map is: {netdiag=com.huawei.hms.network.netdiag.NetDiagnosisService@e204dd8, ai=com.huawei.hms.network.ai.AIPolicyService@8892531, dns=com.huawei.hms.network.dns.DNSService@9ff416, config=com.huawei.hms.network.conf.api.ConfigService@f7dd197}
12-27 20:12:39.011 19269 19289 I APKHaUtils: [WirelessKit null:28] reportAfterCall end
12-27 20:12:39.011 19269 31679 I HiAnalyticsSharedPreference: [2023-12-27 20:12:39.011 I/HiAnalytics/HiAnalyticsSharedPreference 19269:1233 null:35] check file size : 0 limitedSize : 5242880
12-27 20:12:39.011 19269 19289 I APKHaUtils: [WirelessKit null:4] reportAfterCall start
12-27 20:12:39.012 19269 19289 I HiAnalytics/event: [2023-12-27 20:12:39.012 I/HiAnalytics/HiAnalytics/event 19269:166 null:13] HiAnalyticsInstance.onEvent(int type, String eventId, Map<String, String> mapValue) is execute.TAG: _instance_ex_tag,TYPE: 0
12-27 20:12:39.012 31526 31668 I NetworkKit_NetworkServiceManager: HASDK-OnReport-21 -->NetworkKit_NetworkKit_0|null|com.huawei.hms.network.embedded.h4|a|50|aiService,setOptions:
12-27 20:12:39.013 19269 19289 I HiAnalytics/event: [2023-12-27 20:12:39.012 I/HiAnalytics/HiAnalytics/event 19269:166 null:13] HiAnalyticsInstance.onEvent(int type, String eventId, Map<String, String> mapValue) is execute.TAG: _instance_ex_tag,TYPE: 1
12-27 20:12:39.013 19269 19289 I APKHaUtils: [WirelessKit null:28] reportAfterCall end
12-27 20:12:39.013 19269 19289 I QoeProvider: [WirelessKit null:137] com.huawei.vassistantqueryRealTimeQoe succeed.
12-27 20:12:39.013 31526 31668 I NetworkKit_NetworkServiceManager: HASDK-OnReport-21 -->NetworkKit_NetworkKit_0|null|com.huawei.hms.network.embedded.h4|a|50|dnsService,setOptions:
12-27 20:12:39.013 31526 31668 I NetworkKit_NetworkServiceManager: HASDK-OnReport-21 -->NetworkKit_NetworkKit_0|null|com.huawei.hms.network.embedded.h4|a|50|netdiagService,setOptions:
12-27 20:12:39.016 31526 31669 I NetworkKit_SceneHelper: NetworkKit_ComposedNetworkKit_initKit|null|com.huawei.hms.network.embedded.p3|registerSceneChangeListener|128|register scene callback success
12-27 20:12:39.017 31526 31675 I NetworkKit_g0: NetworkKit_NetworkKit_0 -->NetworkKit_AIModel_Execute_0|null|com.huawei.hms.network.ai.g0|b|4|Ipsort Model create table
12-27 20:12:39.017 31526 31675 I NetworkKit_g0: NetworkKit_NetworkKit_0 -->NetworkKit_AIModel_Execute_0|null|com.huawei.hms.network.ai.g0|c|4|Ipsort Record create table
12-27 20:12:39.017 31526 31681 I NetworkKit_TaskManager: NetworkKit_NetworkKit_0 -->NetworkKit_DNS_DNManager_0|null|com.huawei.hms.network.embedded.r0|<init>|28|DNS ThreadPool init!
12-27 20:12:39.017 31526 31675 I NetworkKit_e0: NetworkKit_NetworkKit_0 -->NetworkKit_AIModel_Execute_0|null|com.huawei.hms.network.ai.e0|a|4|InitModel create table
12-27 20:12:39.018 31526 31681 I NetworkKit_DNResolverManager: NetworkKit_NetworkKit_0 -->NetworkKit_DNS_DNManager_0|null|com.huawei.hms.network.embedded.g0|a|45|enter Dns lazy update flow, domain: metrics-drcn.dt.dbankcloud.cn, trigger type: dns_init, source: LocalDns
12-27 20:12:39.018 19269 19289 I fwkit_AbP: [fwkit AbsContentProvider.java:148] cp:com.huawei.hwid;call;content://com.huawei.hms.contentprovider/com.huawei.hms.wireless/qoe
12-27 20:12:39.018 31526 31675 I NetworkKit_WebSocketPingModel: NetworkKit_NetworkKit_0 -->NetworkKit_AIModel_Execute_0|null|com.huawei.hms.network.ai.a0|b|4|ping modle create status table
12-27 20:12:39.018 31526 31675 I NetworkKit_ConnectTimeoutModelData: NetworkKit_NetworkKit_0 -->NetworkKit_AIModel_Execute_0|null|com.huawei.hms.network.ai.t|c|4|connectTimeout modle create time table
12-27 20:12:39.018 31526 31675 I NetworkKit_ConnectTimeoutModelData: NetworkKit_NetworkKit_0 -->NetworkKit_AIModel_Execute_0|null|com.huawei.hms.network.ai.t|b|4|connectTimeout modle create status table
12-27 20:12:39.018 19269 19289 I QoeProvider: [WirelessKit null:27] call: QueryMetroInfo_Bundle[{pid=31526, uid=10125, packageName=com.huawei.vassistant}]
12-27 20:12:39.019 31526 31675 I NetworkKit_ConnectTimeoutModelData: NetworkKit_NetworkKit_0 -->NetworkKit_AIModel_Execute_0|null|com.huawei.hms.network.ai.t|d|4|connectTimeout timezone create time table
12-27 20:12:39.019 18939 31673 W fwkit_kims: [fwkit KIMSServiceController.java:1141] Can't find the specific package.
12-27 20:12:39.020 31526 31669 I NetworkKit_SceneHelper: NetworkKit_ComposedNetworkKit_initKit|null|com.huawei.hms.network.embedded.p3|a|9|update scene bundle is null
12-27 20:12:39.020 31526 31675 I NetworkKit_c: NetworkKit_NetworkKit_0 -->NetworkKit_AIModel_Execute_0|null|com.huawei.hms.network.ai.c|a|32|checkDate, old db is not exists
12-27 20:12:39.020 31526 31669 I NetworkKit_SceneHelper: NetworkKit_ComposedNetworkKit_initKit|null|com.huawei.hms.network.embedded.p3|a|96|scene: 
12-27 20:12:39.020 31526 31668 I NetworkKit_NetworkKit: HASDK-OnReport-21 -->NetworkKit_NetworkKit_0|null|com.huawei.hms.network.NetworkKit|a|13|init success
12-27 20:12:39.020  1131 31683 I resolv  : resolv_getaddrinfo: explore_fqdn(): ai_family=0 ai_socktype=1 ai_protocol=6
12-27 20:12:39.020 31526 31668 I NetworkKit_NetworkKit: NetworkKit_NetworkKit_0 -->NetworkKit_NetworkKit_0|null|com.huawei.hms.network.NetworkKit|a|13|init success
12-27 20:12:39.021 31526 31685 I NetworkKit_InitModel: NetworkKit_AIModel_Execute_0 -->NetworkKit_AIModel_Execute_1|null|com.huawei.hms.network.ai.d0|e|4|InitModule start execute
12-27 20:12:39.021 31526 31686 I NetworkKit_c: NetworkKit_AIModel_Execute_0 -->NetworkKit_AIModel_Train_0|null|com.huawei.hms.network.ai.c|a|4|query
12-27 20:12:39.021 31526 31685 I NetworkKit_c: NetworkKit_AIModel_Execute_0 -->NetworkKit_AIModel_Execute_1|null|com.huawei.hms.network.ai.c|a|4|query
12-27 20:12:39.021  1131 31687 I resolv  : doQuery: netid: 240 pid: 31526 uid: 10125 type: A
12-27 20:12:39.021 31526 31667 I NetworkKit_ProcessPolicyNetworkService: HASDK-OnReport-21|null|com.huawei.hms.network.httpclient.excutor.ProcessPolicyNetworkService|setValues|19|options = {"metric_policy":1}
12-27 20:12:39.021  1131 31687 I resolv  : res_stats_usable_server: NS stats: S 63 + E 1 + T 0 + I 0 = 64, rtt = 26, ns = 0
12-27 20:12:39.021 31526 31686 I NetworkKit_o: NetworkKit_AIModel_Execute_0 -->NetworkKit_AIModel_Train_0|null|com.huawei.hms.network.ai.o|c|79|size 0
12-27 20:12:39.022 31526 31685 I NetworkKit_e0: NetworkKit_AIModel_Execute_0 -->NetworkKit_AIModel_Execute_1|null|com.huawei.hms.network.ai.e0|a|81|size 0
12-27 20:12:39.023 31526 31667 I SecurityComp10200303: SX509TM: loadBksCA
12-27 20:12:39.024 31526 31667 I SecurityComp10200303: BksUtil: getFilesBksIS 
12-27 20:12:39.024 31526 31667 I SecurityComp10200303: SX509TM: get bks not from assets
12-27 20:12:39.031 19269 31679 I EventRecordTask: [2023-12-27 20:12:39.030 I/HiAnalytics/EventRecordTask 19269:1233 null:4] event record task running
12-27 20:12:39.031 19269 31679 I HiAnalyticsSharedPreference: [2023-12-27 20:12:39.031 I/HiAnalytics/HiAnalyticsSharedPreference 19269:1233 null:35] check file size : 0 limitedSize : 5242880
12-27 20:12:39.037 31526 31667 I SecurityComp10200303: BksUtil: getFilesBksIS 
12-27 20:12:39.037 31526 31667 I SecurityComp10200303: SecureX509SingleInstance: get files bks
12-27 20:12:39.061 19269 31679 I EventRecordTask: [2023-12-27 20:12:39.060 I/HiAnalytics/EventRecordTask 19269:1233 null:4] event record task running
12-27 20:12:39.061 19269 31679 I HiAnalyticsSharedPreference: [2023-12-27 20:12:39.061 I/HiAnalytics/HiAnalyticsSharedPreference 19269:1233 null:35] check file size : 0 limitedSize : 5242880
12-27 20:12:39.078 19269 31679 I EventRecordTask: [2023-12-27 20:12:39.078 I/HiAnalytics/EventRecordTask 19269:1233 null:4] event record task running
12-27 20:12:39.079 19269 31679 I HiAnalyticsSharedPreference: [2023-12-27 20:12:39.078 I/HiAnalytics/HiAnalyticsSharedPreference 19269:1233 null:35] check file size : 0 limitedSize : 5242880
12-27 20:12:39.084  2106  4646 D HwConnectivityManagerImpl: getNetworkPolicyFlag flagStr null
12-27 20:12:39.087 31526 31667 I NetworkKit_OkRequestTask: HASDK-OnReport-21|null|com.huawei.hms.network.embedded.e3|execute|300|the request has used the okhttp! 
12-27 20:12:39.093 31526 31667 I NetworkKit_DNManager: HASDK-OnReport-21|null|com.huawei.hms.network.embedded.t|c|53|metrics-drcn.dt.dbankcloud.cn dns resolve source is LocalDns first
12-27 20:12:39.093 31526 31667 I NetworkKit_DNManager: HASDK-OnReport-21|null|com.huawei.hms.network.embedded.t|c|114|metrics-drcn.dt.dbankcloud.cn from cache result is: DomainResult{type='A', addressList is not Empty, createTime=1703679159084, source=LocalDns, cache=1}
12-27 20:12:39.246 31526 31667 I SecurityComp10200303: SSLFNew: createSocket
12-27 20:12:39.247 31526 31667 I SecurityComp10200303: SSLFNew: set default protocols
12-27 20:12:39.247 31526 31667 I SecurityComp10200303: SSLFNew: set default cipher
12-27 20:12:39.352 31526 31667 I SecurityComp10200303: SX509TM: checkServerTrusted begin,size=2,authType=ECDHE_RSA
12-27 20:12:39.353 31526 31667 I SecurityComp10200303: SX509TM: check server i=0
12-27 20:12:39.361 31526 31667 I SecurityComp10200303: SX509TM: client root ca size=31
12-27 20:12:39.374 31526 31