12-27 20:12:33.718  2003  2230 I HiEvent : Flatten done: 990942107
12-27 20:12:33.718 31526 31588 D CCodecBufferChannel: [c2.android.vorbis.decoder#389] MediaCodec discarded an unknown buffer
12-27 20:12:33.718 31526 31588 D CCodecBufferChannel: [c2.android.vorbis.decoder#389] MediaCodec discarded an unknown buffer
12-27 20:12:33.718 31526 31588 I MediaCodec: kWhatRelease or kWhatStop processing is complete.
12-27 20:12:33.719 31526 31588 I MediaCodec: CodecCallback onStopCompleted
12-27 20:12:33.719 31526 31588 I MediaCodec: start process kWhatStopCompleted
12-27 20:12:33.719 31526 31572 I MediaCodec: MediaCodec release
12-27 20:12:33.719 31526 31588 I MediaCodec: kWhatRelease or kWhatStop processing is complete.
12-27 20:12:33.720 31526 31561 D CompatibilityChangeReporter: Compat change id reported: 147600208; UID 10125; state: DISABLED
12-27 20:12:33.720 31526 31588 D BufferPoolAccessor2.0: buffer invalidation added bp:0 1
12-27 20:12:33.720  2077 14464 I hw-BpHwBinder: onLastStrongRef automatically unlinking death recipients
12-27 20:12:33.720 31526 31596 D BufferPoolAccessor2.0: buffer invalidation deleted bp:0
12-27 20:12:33.720 31526 31620 I hw-BpHwBinder: onLastStrongRef automatically unlinking death recipients
12-27 20:12:33.720  2077  6654 D BufferPoolAccessor2.0: buffer invalidation added bp:214 1
12-27 20:12:33.720  2077  2554 D BufferPoolAccessor2.0: buffer invalidation deleted bp:214
12-27 20:12:33.721 14030 14303 I VPR IvectorImplement: npu run synchronous normal num is 4215
12-27 20:12:33.721 14030 14303 I VPR IvectorImplement: npu compute asynchronous normal num is 4222
12-27 20:12:33.721  2106  6281 I TelephonyPermissions: recordAppOpsCache:android:read_call_log_31526_10125
12-27 20:12:33.721 31526 31588 I MediaCodec: mediacodec kWhatReleaseCompleted end
12-27 20:12:33.721 14030 31601 I VPR ThresholdManager: threshold is 0.400000
12-27 20:12:33.721 14030 31601 I VPR IAlgLeaf: models average score 0.069428, type: 1
12-27 20:12:33.721 31526 31572 D MediaCodec: flushMediametrics
12-27 20:12:33.722 14030 14304 I VPR GhmmIvectorAlgComposite: Verify result 0, xvector confidence score:0.069428
12-27 20:12:33.722 14030 14304 I VPR VprEngine: confidence score:0.069428
12-27 20:12:33.722 14030 14304 I VPR AlgGroupLearner: Set verification info
12-27 20:12:33.722 14030 14304 I VPR VprEngine: One shot result 0
12-27 20:12:33.722 14030 14235 I VPR VprEngine: Set parameter
12-27 20:12:33.722 14030 14235 I HSW WakeupEngine: is confidence score valid:1, confidence score:0.069428
12-27 20:12:33.722 14030 14235 I HSW WakeupEngine: vpr verify failed
12-27 20:12:33.722 14030 14235 I HSW WakeupEngine: index:0, is score valid:0, final score:0.069428
12-27 20:12:33.722 14030 14304 I VPR VprEngine: proc nnet model, value 1
12-27 20:12:33.722 14030 14235 I VPR VprEngine: Get parameter, key vpr_maintenance_info
12-27 20:12:33.722 14030 14304 I VPR IvectorAlgLeaf: ProcNnetModel: 1
12-27 20:12:33.722 14030 14235 I VPR VprEngine: Get parameter, key autolearn_maintenance_info
12-27 20:12:33.722 31526 31572 I SoundPool::Sound: doLoad: close(116)
12-27 20:12:33.722 14030 14235 I MemoryOpt: force to purge dirty memory
12-27 20:12:33.722 31526 31572 I SoundPool::SoundManager: notify mCallbackLock 0x75d411b000
12-27 20:12:33.722 31526 31572 I SoundPool-JNI: callback: (1, 1, 0, 0x75d411b000, 0x174a)
12-27 20:12:33.722  2002  2639 I OggExtractor: destructor
12-27 20:12:33.723 31526 31559 I HwVA BaseSoundManager: ttsSoundManager onNotifyLoadCompleted
12-27 20:12:33.723 31526 31559 I HwVA BaseSoundManager: ReleaseHandler
12-27 20:12:33.725 14030 14304 I DLLite  : Success to unload model for MSHWHNRT wrapper.
12-27 20:12:33.725 14030 14304 I DLLite  : m_inferWrapper->Unload() [SUCCESS]
12-27 20:12:33.725 14030 14304 I DLLite  : DestroyModelInterpreter11p1 success
12-27 20:12:33.725 14030 14304 I DLLite  : UnregisterFeature success
12-27 20:12:33.727 14030 14235 I Wakeup_HuaweiWakeupEngine: onPhraseDetected:false, asrResult:{"CmdWords" : "","HiEventLearnInfo" : {"AlgType_0" : {"EnrollModelScore" : "-0.77","EnrollPcmOnNewModelScores" : "N/A","LatestLearnResult" : "N/A","LearnModelScore" : "N/A","LearnModelUpdateTimes" : "N/A","LearnTimes" : "N/A","TestPcmNum" : "N/A","TestPcmOnEnrollModelScores" : "N/A","TestPcmOnLearnModelScores" : "N/A","TestPcmOnNewModelScores" : "N/A","TestPcmUpdateTime" : "N/A","TrainHighPcmNum" : "N/A","TrainLowPcmNum" : "N/A","TrainPcmUpdateTime" : "N/A"},"AlgType_1" : {"EnrollModelScore" : "0.02","LatestLearnResult" : "N/A","LearnCacheModelScore" : "N/A","LearnModelScore" : "0.02","LearnModelUpdateTimes" : "N/A","LearnTimes" : "N/A","TrainHighPcmNum" : "N/A","TrainLowPcmNum" : "N/A","TrainPcmUpdateTime" : "N/A"},"HighConfidenceResult" : "0","Snr" : "4.00","TimeStamp" : "20231227201233722276"},"HiEventVprInfo" : {"AlgType_0" : {"EnrollModelScore" : "-0.74","EnrollModelThreshold" : "0.00","LearnCacheModelScore" : "N/A","LearnModelScore" : "N/A","LearnModelScoreList" : "N/A","LearnModelThreshold" : "N/A","ThresholdStrategyType" : "0"},"AlgType_1" : {"EnrollModelScore" : "0.07","EnrollModelThreshold" : "0.40","LearnCacheModelScore" : "N/A","LearnModelScore" : "6.94","LearnModelScoreList" : "N/A","LearnModelThreshold" : "0.40","NpuComputeResult" : "0","NpuErrorTimes" : "N/A","NpuNormalTimes" : "4222","NpuSyncErrorTimes" : "N/A","NpuSyncNormalTimes" : "4215","NpuSyncRet" : "0","NpuSyncRunTimeOut" : "N/A","ThresholdStrategyType" : "0"},"GenderResult" : "1","GenderScore" : "-0.60","GenderThreshold" : "-1.10","StateFrom" : "1-0-1","StateTo" : "1-1-1","TimeStamp" : "20231227201233722276","Version" : "Kirin_VPR_6.0_20230320"},"HiEventWakeupInfo" : {"AsrErrCode" : 7,"AsrScoreInfo" : ["1,8,0.16","469,4,-0.41","275,3,-0.31","131,14,-0.11","475,18,0.17","279,8,0.11","471,27,-0.29","275,4,0.19","131,10,0.31","475,7,0.03","278,4,-0.51","1,20,-0.06"],"BeginFrame" : 87,"CloudCheckLevel" : 0,"CmdWords" : "","DstDevice" : "N/A","DstVersion" : "N/A","E2EScore" : "0.0000","EchoSignalEnergy" : 0,"EndFrame" : 199,"Energy" : "40.35","EnrollWithCloned" : 0,"KeyWords" : "unconfident","Result" : 3,"SNR" : "5.32","Scene" : 0,"SignalAngle" : 0,"SrcDevice" : "N/A","SrcVersion" : "N/A","TimeStamp" : "20231227201233722276","channel" : 0,"score" : "0.00"},"KeyWords" : "unconfident","VprInfo" : {"BeginFrame" : 87,"EndFrame" : 199,"Energy" : "40.35","SNR" : "5.32","VerifyInfo" : {"AlgType_1" : {"LearnModelScore" : "6.94"}},"VprConfidence" : 0}}
12-27 20:12:33.727 14030 14235 I Wakeup_HuaweiWakeupProcessor: onWakeup:false
12-27 20:12:33.727 14030 14235 I Wakeup_BindBigCoreUtil: notifyAppScene false
12-27 20:12:33.727 14030 14235 D IAwareAppSdk: notifyAppScene, json: "IFID":1000,"scene":2,"status":2
12-27 20:12:33.727 14030 14235 D IAwareAppSdkAdapter: reportScene package:com.huawei.vassistant
12-27 20:12:33.728 14030 14235 I Wakeup_WakeupUtils: wakeup dumpDuration: 289
12-27 20:12:33.730 14030 14030 I Wakeup_HuaweiWakeupEngine: stopAudioAndCancelRecognition
12-27 20:12:33.730 14030 14030 I Wakeup_HuaweiEngineWrapper: stopAudio
12-27 20:12:33.730 14030 14030 I WakeupEngine_J: stopAudio begin
12-27 20:12:33.730 14030 14030 I AudioSource: stop false
12-27 20:12:33.730 14030 14030 I WakeupEngine_J: mSource stop
12-27 20:12:33.730 14030 14030 I Wakeup_HuaweiEngineWrapper: cancelRecognition
12-27 20:12:33.730 14030 14030 I HSW WakeupEngine: cancelRecognition enter, 0x75ee2c1e00
12-27 20:12:33.731 31526 31621 I HwVA BaseOneShotMode: process command: cancel, startMode: 4
12-27 20:12:33.731 14030 14030 I HSW WakeupEngine: cancelRecognition exit
12-27 20:12:33.731 14030 14235 I Wakeup_CoordinatorUtil: isCoordinateOn? true, isDriveModeOn? false, isPcMode? false, isCustomType?false, isHiCarRunning? false, is enable? true
12-27 20:12:33.731 14030 14235 W HwVA SysPropUtil: PLATFORM_VERSION is empty.
12-27 20:12:33.731 14030 14235 I HwVA PropertyUtil: isAvailable:false true
12-27 20:12:33.731 14030 14235 I HwVA PropertyUtil: is hardware available? HUAWEI, is protocol device? true, product: false,MANUFACTURER:JAD
12-27 20:12:33.731 14030 14235 I Wakeup Coordination WakeupCoordinatorDetacted: notifyOnWakeupFailed begin.
12-27 20:12:33.732 14030 14235 I Wakeup Coordination WakeupCoordinatorDetacted: begin to stop timer:0
12-27 20:12:33.733 14030 14235 I SceneInfo: lowerPriority :: 1703679153733
12-27 20:12:33.733 14030 14235 I SceneInfo: minWakeupDelay :: 0
12-27 20:12:33.733 14030 14235 I SceneInfo: maxWakeupDelay :: 0
12-27 20:12:33.733 14030 14235 I Wakeup Coordination CoordinatorListenerImpDetacted: doChangeAdvertise to failed package. doStopTimer time=1001
12-27 20:12:33.733 14030 14235 I Wakeup Coordination StateMachine: setState::from 3(STATE_COORDINATOR_START_DETECTED) to 6(STATE_DEVICE_INFO_START_FAILED_PACKAGE)
12-27 20:12:33.733 14030 14235 I Wakeup Coordination CoordinationUtil: getSequenceNumber::1703679153
12-27 20:12:33.733  2106  6281 V HwWifiServiceFactory: get AllImpl object = com.android.server.wifi.HwWifiServiceFactoryImpl@4ae16e9
12-27 20:12:33.734  2106  6281 V HwWifiServiceFactory: get AllImpl object = com.android.server.wifi.HwWifiServiceFactoryImpl@4ae16e9
12-27 20:12:33.736 14030 14235 D Wakeup Coordination CoordinationSecurity: getEncryptData::sec data = [68, -105, -72, -47, -81, 17, -61, -33, 70, 78, -124, 112, -33, 104, 45]; dec data = [2, 50, 101, -116, 20, -79, -55, 107, -107, 72, 0, 0, -46, 31, -88]
12-27 20:12:33.736 14030 14235 I Wakeup Coordination WifiProxyImp--: updateWakeupCoordinate in
12-27 20:12:33.736 14030 14235 I HSW CloudReporter: save report pcm enter
12-27 20:12:33.736  5761 16001 I HwAirLink: WakeupCoordinateService Info: updateCoordinateWakeup
12-27 20:12:33.736  5761 16001 D HwAirLink: WakeupCoordinateService Debug: send message: 3
12-27 20:12:33.737  5761 14142 D HwAirLink: WakeupCoordinateService Debug: MSG UPDATE_COORDINATE_WAKEUP
12-27 20:12:33.737  5761 14142 D HwAirLink: WakeupCoordinateService Debug: updateCoordinateWakeup!
12-27 20:12:33.737  5761 14142 I HwAirLink: WakeupCoordinateManager Info: update 2s time out
12-27 20:12:33.737 14030 14265 I Wakeup Coordination WifiProxyImp--: updateWakeupCoordinate::resultCode::true
12-27 20:12:33.737  5761 14142 I HwAirLink: WakeupCoordinateBluetooth Info:  total data length is 21
12-27 20:12:33.737  5761 14142 I HwAirLink: WakeupCoordinateBluetooth Info:  updata data is AdvertiseData [mServiceUuids=[], mServiceSolicitationUuids=[], mManufacturerSpecificData={637=[16, 17, 1, 1, 76, 59, 27, 113, -117, 68, -105, -72, -47, -81, 17, -61, -33, 70, 78, -124, 112, -33, 104, 45]}, mServiceData={}, mIncludeTxPowerLevel=false, mIncludeDeviceName=false]
12-27 20:12:33.737  5761 14142 I AdvertisingSet: set data and mGatt is: android.bluetooth.IBluetoothGatt$Stub$Proxy@434aa7f
12-27 20:12:33.737   784 17052 I keystore2: keystore2::service: keystore serives get_key_entry caller_uid:10125 
12-27 20:12:33.738   784 17052 I keystore2: keystore2::service: keystore serives get_key_entry caller_uid:10125 
12-27 20:12:33.738  5761 14142 I HwAirLink: WakeupCoordinateBluetooth Info: updateWakeupCoordinate bluetooth Param !
12-27 20:12:33.738  5761 14142 I HwAirLink: WakeupCoordinate Info:  update broadcast param to libwakeupcoordinate!
12-27 20:12:33.738  5761 14142 I WifiWakeupCoordinate: updateWifiWakeupCoordinate start!
12-27 20:12:33.738  5761 14142 E NearbyDevicePerceptron: coordinatewakeup packet input update length:21, send length: 27
12-27 20:12:33.738  5761 14142 I WifiWakeupCoordinate: updateWifiWakeupCoordinate end!
12-27 20:12:33.739 14030 14235 I KeyStoreUtils_J: history wk is generated
12-27 20:12:33.739   784 17052 I keystore2: keystore2::security_level: keystore security_level create_operation caller_uid:10125
12-27 20:12:33.739  1251 24119 I vendor.qti.bluetooth@1.0-ibs_handler: ProcessIbsCmd: Received IBS_WAKE_IND: 0xFD
12-27 20:12:33.739  1251 24119 I vendor.qti.bluetooth@1.0-ibs_handler: ProcessIbsCmd: Writing IBS_WAKE_ACK
12-27 20:12:33.740   784 17052 I keystore2: keystore2::security_level: keystore upgrade_keyblob_if_required_with begin
12-27 20:12:33.740   784 17052 I keystore2: beginkeystore KeyMintDevice begin
12-27 20:12:33.740  5761  5761 I HwAirLink: WakeupCoordinateBluetooth Info: onAdvertisingDataSet status is 0
12-27 20:12:33.744  1247 30818 D sound_trigger_hw: ape_stop_buffering:[1] Enter pcm 0xee387fe0
12-27 20:12:33.744   784 17052 I keystore2: beginkeystore KeyMintDevice begin end
12-27 20:12:33.745 14030 14235 I KeyStoreUtils_J: encrypt start
12-27 20:12:33.745  1247 30818 D sound_trigger_hw: ape_stop_buffering:[1] Exit, status=0
12-27 20:12:33.745  1247  3086 D sound_trigger_hw: buffering_state_fn:[c1] post deferred stop on buffering end
12-27 20:12:33.745  1247  3086 I audio_hw_primary: in_standby: exit:  status(0)
12-27 20:12:33.745   784 17052 I keystore2: updatekeystore KeyMintDevice update
12-27 20:12:33.745  1399 13228 I AF::RecordTrack: stop input session(81) pid(14030) 
12-27 20:12:33.745  1399 15570 D AudioFlinger: setParameters(): io 0, keyvalue debug log is close, calling pid 31526 calling uid 10125
12-27 20:12:33.745  1399 31543 I AudioFlinger: releaseWakeLockAgain_l()  AudioIn_3E
12-27 20:12:33.745  1399 31543 I AudioFlinger: releaseWakeLock_l() again filed for no exit lock AudioIn_3E
12-27 20:12:33.745  1399 31543 I AudioFlinger: releaseWakeLock_l() AudioIn_3E mPowerManager(1) mWakeLockToken 0xb400006f870d6680 
12-27 20:12:33.745  1399 31543 I AudioFlinger: RecordThread: loop stopping
12-27 20:12:33.745  2106  6066 I PowerManagerService: releaseWakeLockAsync into.
12-27 20:12:33.746  1247  3086 I audio_hw_primary: in_set_parameters: enter: kvpairs=closing=true
12-27 20:12:33.746  1247  6909 I audio_hw_primary: adev_set_parameters: enter: multicmd_scene=wakeup
12-27 20:12:33.746  1247  6909 I audio_hw_primary: adev_set_parameters: Exit drivemode scene
12-27 20:12:33.746  1247  6909 D sound_trigger_hw: handle_drivemode_scene_nlpi_enabled: Driver mode only support NLPI 0
12-27 20:12:33.746  1247  6909 D soundtrigger: audio_extn_sound_trigger_update_drivemode_status: update drivemode_status false
12-27 20:12:33.746  1247  6909 D Huawei_audio_cust: huawei_cust_set_parameters:enter  ,1570  
12-27 20:12:33.746  1247  6909 D Huawei_audio_cust: huawei_common_set_parameters:enter  ,4045  
12-27 20:12:33.746  1247  6909 W libc    : Access denied finding property "audio.offload.disable"
12-27 20:12:33.746  1247  6909 D Huawei_audio_cust: huawei_common_set_parameters:exit ,4072  
12-27 20:12:33.746  1247  6909 D Huawei_audio_cust: huawei_cust_set_parameters: exit with code(0)
12-27 20:12:33.746  1247  6909 I voice   : voice_set_parameters: exit with code(0)
12-27 20:12:33.746  1247  6909 V msm8974_platform: platform_set_parameters: enter: multicmd_scene=wakeup
12-27 20:12:33.746  1247  6909 I BTAudioHw: adev_set_parameters: kevpairs=[multicmd_scene=wakeup]
12-27 20:12:33.747 31526 31562 I HwVA FrameworkInteractor: checkNotification - isOn:false  isNotificationExist:false 
12-27 20:12:33.748 31526 31562 I NotificationManager: com.huawei.vassistant: cancel(110)
12-27 20:12:33.748  1399 13228 I APM_AudioPolicyManager: stopInput portId 2525
12-27 20:12:33.748  1399 13228 I APM_AudioPolicyManager: stopInput input:62, session:81, uid:10125
12-27 20:12:33.748 31526 31562 W HwVA FrameworkRegistry: IHwActivityNotifierEx exist!
12-27 20:12:33.748  1399 13228 I APM::AudioInputDescriptor: setClientActive(uid:10125, session:81, state:1, silenced:0 active:0)
12-27 20:12:33.748  1399 13228 V APM::AudioInputDescriptor: updateClientRecordingConfiguration riid 8039 uid 10125 port 2525 session 81 event 1
12-27 20:12:33.748  1399 13228 I APM::AudioInputDescriptor: stop, input handle 62, profile name: primary input, curActiveCount: 0
12-27 20:12:33.749  1399 31543 I AudioFlinger: RecordThread: loop starting
12-27 20:12:33.749  1399 31543 I AudioFlinger: acquireWakeLock_l() AudioIn_3E status 0 mWakeLockToken 0xb400006f870d6710
12-27 20:12:33.749  2106  6281 I PowerManagerService: acquireWakeLockAsync into.
12-27 20:12:33.749  1247  6909 D audio_hw_primary: adev_release_audio_patch: Remove patch with handle 739
12-27 20:12:33.750  1399 31543 I AudioFlinger: releaseWakeLockAgain_l()  AudioIn_3E
12-27 20:12:33.750  1399 31543 I AudioFlinger: releaseWakeLock_l() again filed for no exit lock AudioIn_3E
12-27 20:12:33.750  1399 31543 I AudioFlinger: releaseWakeLock_l() AudioIn_3E mPowerManager(1) mWakeLockToken 0xb400006f870d6710 
12-27 20:12:33.750  1399 31543 I AudioFlinger: RecordThread: loop stopping
12-27 20:12:33.750  1247  6909 I audio_hw_primary: in_set_parameters: enter: kvpairs=closing=true
12-27 20:12:33.750  2106  6066 I PowerManagerService: releaseWakeLockAsync into.
12-27 20:12:33.750  1399 13228 V APM_AudioPolicyManager: resetInputDevice() releaseAudioPatch returned 0
12-27 20:12:33.751  2106 22843 I HwActivityTaskManagerServiceEx: unregisterHwActivityNotifier notifier: android.app.IHwActivityNotifier$Stub$Proxy@6ce5a1a, callingUid: 10125 callingPid: 31526
12-27 20:12:33.752 31526 31562 I HwVA DriveModeManager: end to init
12-27 20:12:33.752 31526 31562 I HwVA BootTaskWrapper: BootTask cost: 123ms, taskname: initDriveModeManager threadName: 75276124
12-27 20:12:33.752 31526 31562 I HwVA FloatViewFactory: create start: true
12-27 20:12:33.753  2106 22843 I SoundTriggerMiddlewareLogging: onRecognitionAvailabilityChange[this=android.hardware.soundtrigger.SoundTriggerModule$EventHandlerDelegate@7962d1, client={ attributionTag: null, packageName: "android", pid: 2106, uid: 1000 }](true)
12-27 20:12:33.753  2106 22843 I SoundTriggerMiddlewareLogging: setCaptureState[this=com.android.server.soundtrigger_middleware.SoundTriggerMiddlewareImpl@7e7ce09, client=null](false)
12-27 20:12:33.754  1247  6909 D soundtrigger: audio_extn_sound_trigger_get_parameters input string<removeKaraokeWhiteUID=>
12-27 20:12:33.754  1247  6909 D soundtrigger: extract_sm_handle input string <removeKaraokeWhiteUID=> param string <removeKaraokeWhiteUID=>
12-27 20:12:33.754  1247  6909 D audio_hw_extn: audio_extn_get_parameters: returns 
12-27 20:12:33.754  1247  6909 V msm8974_platform: platform_get_parameters: exit: returns - 
12-27 20:12:33.756  1399  1557 D AudioFlinger: setParameters(): io 0, keyvalue debug log is close, calling pid 1399 calling uid 1041
12-27 20:12:33.756  1247  3086 I audio_hw_primary: adev_set_parameters: enter: combine_record=off
12-27 20:12:33.756  1247  3086 D Huawei_audio_cust: huawei_cust_set_parameters:enter  ,1570  
12-27 20:12:33.756  1247  3086 D Huawei_audio_cust: huawei_common_set_parameters:enter  ,4045  
12-27 20:12:33.757  1247  3086 W libc    : Access denied finding property "audio.offload.disable"
12-27 20:12:33.757  1247  3086 D Huawei_audio_cust: huawei_common_set_parameters:exit ,4072  
12-27 20:12:33.757  1247  3086 D Huawei_audio_cust: huawei_cust_set_parameters: exit with code(0)
12-27 20:12:33.757  1247  3086 I voice   : voice_set_parameters: exit with code(0)
12-27 20:12:33.757  1247  3086 V msm8974_platform: platform_set_parameters: enter: combine_record=off
12-27 20:12:33.757  1247  6909 I BTAudioHw: adev_set_parameters: kevpairs=[combine_record=off]
12-27 20:12:33.757 31526 31562 I HwVA BaseFloatWindowView: new FloatWindowView before
12-27 20:12:33.758 31526 31562 I HwVA EmuiServiceImpl: JlogEx:app show
12-27 20:12:33.758  1399 13228 I HiView  : Begin report 992719546
12-27 20:12:33.758  1399 13228 I HiEvent : Flatten done: 992719546
12-27 20:12:33.758 31526 31562 I HwVA BaseFloatWindowView: initView isEnterInputStateDirectly is true
12-27 20:12:33.759  1399  1580 V APM_AudioPolicyManager: listAudioPorts() role 0 type 0 num_ports 0 ports 0xb400006f870092f8
12-27 20:12:33.759  1399  1580 V APM_AudioPolicyManager: listAudioPorts() got 0 ports needed 13
12-27 20:12:33.759  1399  1580 V APM_AudioPolicyManager: listAudioPorts() role 0 type 0 num_ports 13 ports 0xb400006f6e27fec0
12-27 20:12:33.759  1399  1580 V APM_AudioPolicyManager: listAudioPorts() got 13 ports needed 13
12-27 20:12:33.759 14030 27290 I HwAudioRecordImpl: sendStateChangedIntent, state=1
12-27 20:12:33.759  1399 20712 V APM_AudioPolicyManager: listAudioPorts() role 0 type 0 num_ports 0 ports 0xb400006f8540f0e0
12-27 20:12:33.759  1399 20712 V APM_AudioPolicyManager: listAudioPorts() got 0 ports needed 13
12-27 20:12:33.760  1399  7369 V APM_AudioPolicyManager: listAudioPorts() role 0 type 0 num_ports 0 ports 0xb400006f870093c0
12-27 20:12:33.760  1399  7369 V APM_AudioPolicyManager: listAudioPorts() got 0 ports needed 13
12-27 20:12:33.760  1399 16468 V APM_AudioPolicyManager: listAudioPorts() role 0 type 0 num_ports 0 ports 0xb400006f87009410
12-27 20:12:33.760  1399 16468 V APM_AudioPolicyManager: listAudioPorts() got 0 ports needed 13
12-27 20:12:33.760  1399 15570 V APM_AudioPolicyManager: listAudioPorts() role 0 type 0 num_ports 0 ports 0xb400006f87009180
12-27 20:12:33.760  1399 15570 V APM_AudioPolicyManager: listAudioPorts() got 0 ports needed 13
12-27 20:12:33.760  1399  7235 V APM_AudioPolicyManager: listAudioPorts() role 0 type 0 num_ports 0 ports 0xb400006f870093f8
12-27 20:12:33.760  1399  7235 V APM_AudioPolicyManager: listAudioPorts() got 0 ports needed 13
12-27 20:12:33.760  1399  1580 V APM_AudioPolicyManager: listAudioPorts() role 0 type 0 num_ports 13 ports 0xb400006f6e27f780
12-27 20:12:33.760  1399  1580 V APM_AudioPolicyManager: listAudioPorts() got 13 ports needed 13
12-27 20:12:33.760  1399 16468 V APM_AudioPolicyManager: listAudioPorts() role 0 type 0 num_ports 13 ports 0xb400006f6e348cc0
12-27 20:12:33.760  1399 16468 V APM_AudioPolicyManager: listAudioPorts() got 13 ports needed 13
12-27 20:12:33.761  1399  7235 V APM_AudioPolicyManager: listAudioPorts() role 0 type 0 num_ports 13 ports 0xb400006f6e2cd140
12-27 20:12:33.761  1399  7235 V APM_AudioPolicyManager: listAudioPorts() got 13 ports needed 13
12-27 20:12:33.761  1399  7369 V APM_AudioPolicyManager: listAudioPorts() role 0 type 0 num_ports 13 ports 0xb400006f6e31fcc0
12-27 20:12:33.761  1399  7369 V APM_AudioPolicyManager: listAudioPorts() got 13 ports needed 13
12-27 20:12:33.761  5306  5399 I OllieMsgCenter: publishEvt=2130903190
12-27 20:12:33.762  1399 15570 V APM_AudioPolicyManager: listAudioPorts() role 0 type 0 num_ports 13 ports 0xb400006f6e2f6840
12-27 20:12:33.762  1399 15570 V APM_AudioPolicyManager: listAudioPorts() got 13 ports needed 13
12-27 20:12:33.762   784 17052 I keystore2: updatekeystore KeyMintDevice update end
12-27 20:12:33.762   784 17052 I keystore2: updatekeystore KeyMintDevice update
12-27 20:12:33.768  4841  6624 I CommunicationRouteChangedCallback: onAudioPatchListUpdate
12-27 20:12:33.768  4841  6624 I AudioManager: getMode
12-27 20:12:33.768  4841  6624 V AudioManager: getMode...
12-27 20:12:33.768  1399  7235 V APM_AudioPolicyManager: AudioPolicyManager: Bluetooth device
12-27 20:12:33.768  1399  7235 V APM_AudioPolicyManager: AudioPolicyManager: Bluetooth device
12-27 20:12:33.768 14030 27290 I HwAudioRecordImpl: sendStateChangedIntent, state=1
12-27 20:12:33.768  1399  7235 V APM_AudioPolicyManager: AudioPolicyManager: Bluetooth device
12-27 20:12:33.769  2106  4670 W HwAudioService: a2dp not active or sco not on 
12-27 20:12:33.769  1399  7235 V APM_AudioPolicyManager: AudioPolicyManager: Bluetooth device
12-27 20:12:33.769  1399  1580 I AF::RecordHandle: ~RecordHandle()
12-27 20:12:33.769  1399  1580 I AF::RecordHandle: stop_nonvirtual()
12-27 20:12:33.769  1399  7235 V APM_AudioPolicyManager: AudioPolicyManager: Bluetooth device
12-27 20:12:33.769  1399  1580 E AudioPolicyIntefaceImpl: release_Input mAudioRecordClients.valueAt(index) is nullptr start
12-27 20:12:33.769  1399  1580 E AudioPolicyIntefaceImpl: release_Input mAudioRecordClients.valueAt(index) is nullptr end
12-27 20:12:33.769  1399  1580 E AudioPolicyIntefaceImpl: release_Input client->active start
12-27 20:12:33.769  1399  1580 E AudioPolicyIntefaceImpl: release_Input isMsdp is false
12-27 20:12:33.769  1399  1580 E AudioPolicyIntefaceImpl: release_Input client == 0 start
12-27 20:12:33.769  1399  1580 E AudioPolicyIntefaceImpl: release_Input client == 0 end
12-27 20:12:33.769  1399  1580 E AudioPolicyIntefaceImpl: release_Input audioPolicyEffects != 0
12-27 20:12:33.769  1399  1580 I AudioPolicyEffects: checkEffectRefCount(): removed session don not check
12-27 20:12:33.769  1399  7235 V APM_AudioPolicyManager: AudioPolicyManager: Bluetooth device
12-27 20:12:33.769  1399  1580 I EffectHvsController: Hvs effect disconnectEffect 0
12-27 20:12:33.769  2106  4670 W HwAudioService: a2dp not active or sco not on 
12-27 20:12:33.769  1247  3086 D audio_hw_primary: in_remove_audio_effect: effect 0xee4fd6f0
12-27 20:12:33.770  1247  3086 I audio_hw_primary: find fx at index is 0
12-27 20:12:33.770  1247  3086 I audio_hw_primary: now effect num is 0
12-27 20:12:33.770  4841  6624 I AudioManager: getMode end
12-27 20:12:33.770  4841  6624 I CommunicationRouteChangedCallback: isInCommunication, audioMode: 0
12-27 20:12:33.770  1247  3086 I sre_car_imedia: ProcessingLibRelease: release effect lib enter
12-27 20:12:33.770  1247  3086 I sre_car_imedia: ProcessingLibRelease: release effect lib exit
12-27 20:12:33.771  1399  1580 I AudioFlinger: removeEffectChain_l() 0xb400006f75146420 from thread 0xb400006f6e21ce40
12-27 20:12:33.771  1399  1580 I AudioFlinger: disconnectEffectHandle remove 1
12-27 20:12:33.771  1399  1580 V APM_AudioPolicyManager: releaseInput portId 2525
12-27 20:12:33.771  1399  1580 V APM_AudioPolicyManager: releaseInput 62
12-27 20:12:33.771  1399  1580 I APM_AudioPolicyManager: closeInput(62)
12-27 20:12:33.771  1399  1580 I AudioFlinger: closeInput() 62
12-27 20:12:33.774  1399  1580 I AudioFlinger: ThreadBase::exit
12-27 20:12:33.774  1399 31543 I AudioFlinger: RecordThread: loop starting
12-27 20:12:33.774  1399 15570 I AudioPolicyEffects: checkEffectRefCount(): removed session don not check
12-27 20:12:33.774  1399 31543 I AudioFlinger: acquireWakeLock_l() AudioIn_3E status 0 mWakeLockToken 0xb400006f6e15b3f0
12-27 20:12:33.774  1399 31543 I AudioFlinger: releaseWakeLockAgain_l()  AudioIn_3E
12-27 20:12:33.774  1399 31543 I AudioFlinger: releaseWakeLock_l() again filed for no exit lock AudioIn_3E
12-27 20:12:33.774  1399 31543 I AudioFlinger: releaseWakeLock_l() AudioIn_3E mPowerManager(1) mWakeLockToken 0xb400006f6e15b3f0 
12-27 20:12:33.774  1399 31543 I AudioFlinger: RecordThread 0xb400006f6e21ce40 exiting
12-27 20:12:33.774  2106  6281 I PowerManagerService: acquireWakeLockAsync into.
12-27 20:12:33.774 14030 27290 I AudioSource: readNum end
12-27 20:12:33.774 14030 27290 I WakeupEngine_J: audio stream stopped
12-27 20:12:33.775  1399  1580 I HiView  : Begin report 992719573
12-27 20:12:33.775  1399  1580 I HiEvent : Flatten done: 992719573
12-27 20:12:33.775  1399  1580 I APM::AudioInputDescriptor: close(2524): mIoHandle 62, mProfile->curOpenCount 0, mProfile->curActiveCount 0.
12-27 20:12:33.775  2106  6281 I PowerManagerService: releaseWakeLockAsync into.
12-27 20:12:33.776  2106  5224 I SoundTriggerMiddlewareLogging: onRecognitionAvailabilityChange[this=android.hardware.soundtrigger.SoundTriggerModule$EventHandlerDelegate@7962d1, client={ attributionTag: null, packageName: "android", pid: 2106, uid: 1000 }](true)
12-27 20:12:33.776  2106  5224 I SoundTriggerMiddlewareLogging: setCaptureState[this=com.android.server.soundtrigger_middleware.SoundTriggerMiddlewareImpl@7e7ce09, client=null](false)
12-27 20:12:33.778  1399  1580 V APM_AudioPolicyManager: releaseInput exit
12-27 20:12:33.778  1399 15570 V APM_AudioPolicyManager: listAudioPorts() role 0 type 0 num_ports 0 ports 0xb400006f87009220
12-27 20:12:33.778  1399 15570 V APM_AudioPolicyManager: listAudioPorts() got 0 ports needed 12
12-27 20:12:33.778 31526 31562 D CompatibilityChangeReporter: Compat change id reported: 171228096; UID 10125; state: ENABLED
12-27 20:12:33.779   784 17052 I keystore2: updatekeystore KeyMintDevice update end
12-27 20:12:33.779  1399 15570 V APM_AudioPolicyManager: listAudioPorts() role 0 type 0 num_ports 0 ports 0xb400006f87009220
12-27 20:12:33.779  1399 15570 V APM_AudioPolicyManager: listAudioPorts() got 0 ports needed 12
12-27 20:12:33.779  1399  7235 V APM_AudioPolicyManager: listAudioPorts() role 0 type 0 num_ports 0 ports 0xb400006f87009300
12-27 20:12:33.779  1399  7235 V APM_AudioPolicyManager: listAudioPorts() got 0 ports needed 12
12-27 20:12:33.779  1247  3086 I audio_hw_primary: adev_close_input_stream: enter:stream_handle(0xee330300)
12-27 20:12:33.779  1247  3086 D soundtrigger: audio_extn_sound_trigger_check_ec_ref_enable: EC Reference is disabled
12-27 20:12:33.779   784 17052 I keystore2: finishkeystore KeyMintDevice finish
12-27 20:12:33.779  1247  3086 D sound_trigger_hw: handle_audio_ec_ref_enabled: Enter
12-27 20:12:33.779  1247  3086 D sound_trigger_hw: handle_audio_ec_ref_enabled: Exit audio ec ref=0
12-27 20:12:33.779  1247  3086 D soundtrigger: audio_extn_sound_trigger_update_ec_ref_status: update audio echo ref status false
12-27 20:12:33.779  1247  3086 I audio_hw_primary: in_standby: enter: stream (0xee330300) usecase(34: audio-record-voip)
12-27 20:12:33.779  1247  3086 I audio_hw_primary: in_standby: exit:  status(0)
12-27 20:12:33.779  1247  3086 V Huawei_audio_cust: is_huawei_cust_in_voip_sence source:1999, mode:0, flags 0
12-27 20:12:33.779  1399  7235 V APM_AudioPolicyManager: listAudioPorts() role 0 type 0 num_ports 12 ports 0xb400006f6e27f3c0
12-27 20:12:33.779  1399  7235 V APM_AudioPolicyManager: listAudioPorts() got 12 ports needed 12
12-27 20:12:33.779  1399  1580 I AudioFlinger: releaseWakeLockAgain_l()  AudioIn_3E
12-27 20:12:33.779  1399  1580 I AudioFlinger: releaseWakeLock_l() again filed for no exit lock AudioIn_3E
12-27 20:12:33.779  1399  1580 I AudioFlinger: releaseWakeLock_l() filed for no exit lock AudioIn_3E
12-27 20:12:33.780  1399  7369 V APM_AudioPolicyManager: listAudioPorts() role 0 type 0 num_ports 12 ports 0xb400006f6e2cd000
12-27 20:12:33.780  1399  7369 V APM_AudioPolicyManager: listAudioPorts() got 12 ports needed 12
12-27 20:12:33.780   784 17052 I keystore2: finishkeystore KeyMintDevice finish end
12-27 20:12:33.780  1399 20712 V APM_AudioPolicyManager: listAudioPorts() role 0 type 0 num_ports 0 ports 0xb400006f8540f0e0
12-27 20:12:33.780  1399 20712 V APM_AudioPolicyManager: listAudioPorts() got 0 ports needed 12
12-27 20:12:33.780  1251 24119 I vendor.qti.bluetooth@1.0-ibs_handler: ProcessIbsCmd: Received IBS_SLEEP_IND: 0xFE
12-27 20:12:33.780  1399 16468 V APM_AudioPolicyManager: listAudioPorts() role 0 type 0 num_ports 12 ports 0xb400006f6e2f6300
12-27 20:12:33.780  1399 16468 V APM_AudioPolicyManager: listAudioPorts() got 12 ports needed 12
12-27 20:12:33.780 31526 31562 I SmartSlideOverScroller: start init SmartSlideOverScroller and get the overscroller config
12-27 20:12:33.780 31526 31562 I SmartSlideOverScrollerConfig: get the overscroller config
12-27 20:12:33.780  1399 15570 V APM_AudioPolicyManager: listAudioPorts() role 0 type 0 num_ports 0 ports 0xb400006f87009220
12-27 20:12:33.781  1399 15570 V APM_AudioPolicyManager: listAudioPorts() got 0 ports needed 12
12-27 20:12:33.781  1990 11759 I AGPService: Bn-> get whiteBlock params appName - com.huawei.vassistant, appVersion - 11.1.8.310
12-27 20:12:33.781  1399 20712 V APM_AudioPolicyManager: listAudioPorts() role 0 type 0 num_ports 12 ports 0xb400006f855a3a80
12-27 20:12:33.781  1990 11759 I AGPService: SoraManager: valid slide state: [0]
12-27 20:12:33.781  1990 11759 I AGPService: Bn<- get whiteBlock params viewNameWhiteList - , adjustStateSwitch - 0
12-27 20:12:33.781  1990 11759 I AGPService: Bn<- SORA: activity white list - , view white list - , version - , valid slide - 0
12-27 20:12:33.781 14030 14235 I KeyStoreUtils_J: encrypt succ
12-27 20:12:33.781  1399 20712 V APM_AudioPolicyManager: listAudioPorts() got 12 ports needed 12
12-27 20:12:33.781 14030 14235 I HSW CloudReporter: report pcm: save: 0
12-27 20:12:33.781 14030 27290 W HSW WakeupEngine: end of pcm, engine state(100)
12-27 20:12:33.781 14030 27290 I AudioSource: stop false
12-27 20:12:33.782 14030 27290 I Wakeup_HuaweiWakeupEngine: onStopAudio
12-27 20:12:33.782 14030 27290 I Wakeup_HuaweiWakeupProcessor: onStopAudio
12-27 20:12:33.782 14030 27290 I HwVA OneShotUnlockImpl: isCustomWakeup:false IS_VOICE_UNLOCK_ENABLE:false IS_SUPPORT_BY_CHINA:true isDriveModeOn:false isHuaweiBrand:true
12-27 20:12:33.782 14030 27290 W Wakeup_OneShotUnlockImpl: stop isVoiceUnlockEnable: false
12-27 20:12:33.782  1399  1580 V APM_AudioPolicyManager: listAudioPorts() role 0 type 0 num_ports 0 ports 0xb400006f87009178
12-27 20:12:33.782 31526 31562 D HwAdaptiveFrameManager: transmitPackageInfo sHardVelocity=40=711
12-27 20:12:33.783  1399  1580 V APM_AudioPolicyManager: listAudioPorts() got 0 ports needed 12
12-27 20:12:33.783  1399  1580 V APM_AudioPolicyManager: listAudioPorts() role 0 type 0 num_ports 12 ports 0xb400006f6e21c7c0
12-27 20:12:33.783  1399  1580 V APM_AudioPolicyManager: listAudioPorts() got 12 ports needed 12
12-27 20:12:33.783  1247  3086 I audio_hw_primary: adev_get_parameters: soundtrigger exit: returns - audio_capability#soundtrigger_version=2.0
12-27 20:12:33.785  2106  5224 I HwSoundTrigger: wakeupV2 : 2.0
12-27 20:12:33.785  2106  5224 I HwSoundTrigger: isSoundTriggerOn : true isUserUnlocked : true
12-27 20:12:33.785  2106  5224 I SoundTriggerService: getSoundModel(): id = 7dc67ab3-eab6-4e34-b62a-f4fa3788092a
12-27 20:12:33.786 31526 31562 I HwVA FloatAnimationView: initView
12-27 20:12:33.788 31526 31562 I HwMediaViewLayoutChangeHandler: attachLayoutChangeListener: attached listener to view=com.huawei.voiceball.VoiceAnimatorView{1f773d2 V.E...... ......I. 0,0-0,0 #7f0a10fa app:id/voice_view}
12-27 20:12:33.789 31526 31562 I Voiceball_VoiceAnimatorView: init end
12-27 20:12:33.789 31526 31624 I GLThread: noticed surfaceView surface lost tid=266
12-27 20:12:33.790  1399 20712 V APM_AudioPolicyManager: listAudioPorts() role 0 type 0 num_ports 12 ports 0xb400006f855a3a00
12-27 20:12:33.790  1399 20712 V APM_AudioPolicyManager: listAudioPorts() got 12 ports needed 12
12-27 20:12:33.794  2106  5224 I HwSoundTrigger: startSoundTriggerDetector model : android.media.soundtrigger.SoundTriggerManager$Model@dcb95d4
12-27 20:12:33.794  2106  5224 I SoundTriggerService: startRecognition(): Uuid : 7dc67ab3-eab6-4e34-b62a-f4fa3788092a
12-27 20:12:33.794  2106  5224 I SoundTriggerService: getSoundModel(): id = 7dc67ab3-eab6-4e34-b62a-f4fa3788092a
12-27 20:12:33.808 31526 31562 E ThemeUtils: View class com.airbnb.lottie.LottieAnimationView is an AppCompat widget that can only be used with a Theme.AppCompat theme (or descendant).
12-27 20:12:33.810 31526 31562 I HwVA BaseFloatWindowView: inflate end
12-27 20:12:33.810  1247  3086 D sound_trigger_hw: stdev_start_recognition:[1] Enter
12-27 20:12:33.810 31526 31562 I HwVA BaseFloatWindowView: add view end
12-27 20:12:33.810  1247  3086 D sound_trigger_hw: buffering_state_fn:[c1-1] handle event START/RESTART
12-27 20:12:33.810  1247  3086 D sound_trigger_hw: route_restart_ape:[1] Enter
12-27 20:12:33.810  1247  3086 D sound_trigger_hw: session[1]: buffering_state_fn ---> active_state_fn
12-27 20:12:33.810  1247  3086 D sound_trigger_hw: stdev_start_recognition:[1] Exit
12-27 20:12:33.810 31526 31562 I HwVA BaseFloatWindowView: init mic begin
12-27 20:12:33.810 31526 31562 I HwVA IassistantMicManager: update voice ball state: 101, last state: 0
12-27 20:12:33.810 31526 31562 I Voiceball_VoiceStateManager: transferTo from NONE(-1) to INPUTTING_DIRECTLY(4)
12-27 20:12:33.811 31526 31562 I HwVA BaseFloatWindowView: init mic end
12-27 20:12:33.811  2106  5224 I SoundTriggerMiddlewareLogging: startRecognition[this=com.android.server.soundtrigger_middleware.SoundTriggerModule$Session@e70f136, client={ attributionTag: null, packageName: "android", pid: 2106, uid: 1000 }](1, { audioCapabilities: 0, captureRequested: true, data: [  ], phraseRecognitionExtras: [  ] })
12-27 20:12:33.811  2106  5224 I SoundTriggerHelper: startRecognition successful.
12-27 20:12:33.811 31526 31558 I HwVA ReportFactory: createReport type= 3
12-27 20:12:33.811 31526 31558 I HwVA HiAnalyticsReport: report switch is disabled
12-27 20:12:33.811 31526 31558 I HwVA ReportFactory: createReport type= 2
12-27 20:12:33.811 31526 31558 I HwVA ReportFactory: createReport type= 4
12-27 20:12:33.811 31526 31558 I HwVA HiAnalyticsReport: report switch is disabled
12-27 20:12:33.811  2106  5224 W SoundTriggerService: error onStart(): Model 7dc67ab3-eab6-4e34-b62a-f4fa3788092a already started
12-27 20:12:33.811  2106  5224 I HwSoundTrigger: start recognition successfully!
12-27 20:12:33.811 14030 27290 I Wakeup_WakeupUtils: activateSoundTrigger: true, result: true
12-27 20:12:33.812 31526 31562 I HwVA VaUtils: [isVassistantFsActivityRunTop] isTopActivity=false,isShowOnKeyguard=false
12-27 20:12:33.813 31526 31562 I HwVA VaUtils: isResumed: false, isPcCastModeSet: false
12-27 20:12:33.814 31526 31562 I HwVA BaseFloatWindowView: initView end
12-27 20:12:33.814 31526 31562 I HwVA FloatPresenter: start remove float window timer in 5s
12-27 20:12:33.815 31526 31562 I HwVA BaseFloatWindowView: new FloatWindowView end
12-27 20:12:33.815 31526 31562 I HwVA FloatViewFactory: create end
12-27 20:12:33.815 31526 31584 I HwVA FloatViewBean: create screenHeight
12-27 20:12:33.816 31526 31585 I HwVA KeyguardUtil: isLocked = true
12-27 20:12:33.819 31526 31585 I HwVA FloatViewBean: create params
12-27 20:12:33.822 31526 31567 I HwVA FloatViewBean: create Background
12-27 20:12:33.830  2106  3141 W SettingsState: writeSingleSetting() get invalid item. version: 205, id: 11476, name: wifi_ap_maxscb
12-27 20:12:33.970  5306  5399 I OllieMsgCenter: publishEvt=2135097353
12-27 20:12:34.495  5761 31544 I LooperFactory: releaseLooper:MBcDeliver, other:[]
12-27 20:12:34.512  5306  5399 I HwPacketFilterBypass: isBypassAllowed not allowed reason: SCREEN_OFF DATA_OFF SCREEN_LOCKED
12-27 20:12:34.512  5306  5399 I HwPacketFilterBypass: kernelAddTrackUid uid:10125 allowed:false
12-27 20:12:34.698  2044  3013 I sensors-hal: SLPIMonitor:297, is_active=0, ScreenState=3, tsPre=658c14b1
12-27 20:12:34.699  2044  3013 I sensors-hal: SLPIMonitor:300, no need monitor
12-27 20:12:34.723 31526 31572 I SoundPool::SoundDecoder: run(1): exiting
12-27 20:12:34.723 14030 14030 I Wakeup Coordination CoordinatorListenerImp: handleMessage::msg type = 4
12-27 20:12:34.723 14030 14030 I Wakeup Coordination CoordinatorListenerImp: handleMessageFirstBatch:: has wait softBus 1000ms.
12-27 20:12:34.723 14030 14030 I Wakeup Coordination CoordinatorListenerImp: coordinateLatestTime: Coordination package count = 0
12-27 20:12:34.723 14030 14030 I Wakeup Coordination CoordinatorListenerImp: coordinateLatestTime:: coordination in advance or wakeup fail.
12-27 20:12:34.739  1251 24125 I vendor.qti.bluetooth@1.0-ibs_handler: DeviceSleep: TX Awake, Sending SLEEP_IND
12-27 20:12:34.739  1251 24125 D vendor.qti.bluetooth@1.0-ibs_handler: SerialClockVote: vote for UART CLK OFF
12-27 20:12:34.890  1251 23792 D vendor.qti.bluetooth@1.0-wake_lock: Release wakelock is released 
12-27 20:12:35.147  1283  1324 I android.hardware.thermal@2.0-service.qti: Sensor Name:shell. Temperature:25.706
12-27 20:12:35.424 14030 14030 I Wakeup Coordination CoordinatorListenerImp: handleMessage::msg type = 1
12-27 20:12:35.425 14030 14030 I Wakeup Coordination CoordinatorListenerImp: stopNearby::com.huawei.wakeup.coordination.nearby.NearbyProxyImp@b5d3ecc
12-27 20:12:35.425 14030 14030 I Wakeup Coordination CoordinatorListenerImp: isNearbyNull::com.huawei.wakeup.coordination.nearby.NearbyProxyImp@b5d3ecc
12-27 20:12:35.425 14030 14030 I Wakeup Coordination NearbyProxyImp: stopCoordinateAdvertise:coordination 2.0 version ,no need to handle
12-27 20:12:35.425 14030 14030 I Wakeup Coordination NearbyProxyImp: stopCoordinateScan:coordination 2.0 version ,no need to handle
12-27 20:12:35.425 14030 14030 I Wakeup Coordination WifiProxyImp--: begin stopScanAndAdvertise
12-27 20:12:35.425 14030 14030 W Wakeup Coordination WifiProxyImp--: startLowPowerScan::it's a private device, return.
12-27 20:12:35.425 14030 14030 I Wakeup Coordination DeviceUtil: reportId ::212, reportJsonObject value::{"recCoorData":"[]","wuid":1312252532}
12-27 20:12:35.425 14030 14030 I Wakeup Coordination DeviceUtil: get ver is EmotionUI_14.0.0
12-27 20:12:35.425 14030 14030 I Wakeup Coordination DeviceUtil: Is emui version valid? true
12-27 20:12:35.425  5761 16001 I HwAirLink: WakeupCoordinateService Info: stop CoordinateWakeup
12-27 20:12:35.425  5761 16001 D HwAirLink: WakeupCoordinateService Debug: send message: 5
12-27 20:12:35.426 14030 14030 I Wakeup Coordination DeviceUtil: reportId ::454, reportJsonObject value::{"recOtherData":"[]","wuid":1312252532}
12-27 20:12:35.426 14030 14030 I Wakeup Coordination DeviceUtil: get ver is EmotionUI_14.0.0
12-27 20:12:35.426 14030 14030 I Wakeup Coordination DeviceUtil: Is emui version valid? true
12-27 20:12:35.426 14030 14030 I Wakeup Coordination DeviceUtil: reportId ::211, reportJsonObject value::{"sendData":"[{\"mId\":1,\"dt\":50,\"uid\":-615402,\"ts\":1703679153}, {\"mId\":2,\"dt\":50,\"uid\":-615402,\"ts\":1703679153}]","wuid":1312252532}
12-27 20:12:35.426 14030 14030 I Wakeup Coordination DeviceUtil: get ver is EmotionUI_14.0.0
12-27 20:12:35.426 14030 14030 I Wakeup Coordination DeviceUtil: Is emui version valid? true
12-27 20:12:35.426 14030 14030 E Wakeup Coordination CoordinatorListenerImp: doReportWork:: coordinateResult is null
12-27 20:12:35.426 14030 14030 I Wakeup Coordination ReportUtil: Device data list is null or empty!
12-27 20:12:35.426 14030 14030 W Wakeup Coordination ReportUtil: Device data to report is null or device count is invalid.
12-27 20:12:35.427 14030 14030 I Wakeup Coordination DeviceUtil: reportId ::991640608, reportJsonObject value::{"startTime":"1703679153418","deviceType":"50","wuid":"1312252532","app":"f37c6901-bf48-4a26-8fb5-6ab76d7e5d8d","channel":"0","deviceId":"D94**3B01D","deviceNum":"0"}
12-27 20:12:35.427 14030 14030 I Wakeup Coordination DeviceUtil: get ver is EmotionUI_14.0.0
12-27 20:12:35.427 14030 14030 I Wakeup Coordination DeviceUtil: Is emui version valid? true
12-27 20:12:35.427 14030 14030 I Wakeup Coordination CommonUtil: getDeviceNameByDeviceType::deviceType = 50, deviceName = phone
12-27 20:12:35.427 14030 14030 W Wakeup Coordination TuneBaseReportManager: total num of coordination devices is less than 2, no need to report.
12-27 20:12:35.428 14030 14030 D Wakeup Coordination ReportUtil: reportId ::991670685, reportJsonObject value::{deviceType=phone, coordinationDeviceTotal=0, isEscape=0, coordinationSwitch=1, coordinationDeviceNum=, ruleVer=0, uuid=f37c6901-bf48-4a26-8fb5-6ab76d7e5d8d, wifiAPId=, answerDeviceNum=0, isSingle=0, sdkVer=2023-10-10 13.10.10.300, isFalseWakeup=1, startTime=1703679153434, model=JAD-AL80, decisionType=100, hwid=, udid=-915696312, deviceLocation=}
12-27 20:12:35.428 14030 14030 I Wakeup Coordination CommonUtil: Voice assistant will handle report task
12-27 20:12:35.428 14030 14030 I Wakeup Coordination ReportUtil: Current coordinate wakeup failed, will not report!
12-27 20:12:35.428 14030 14030 D Wakeup Coordination CoordinatorListenerImp: It's a private device, state -> STANDBY
12-27 20:12:35.428 14030 14030 D Wakeup Coordination CoordinatorListenerImp: resetCoordinationStatus end
12-27 20:12:35.428  5761 14142 D HwAirLink: WakeupCoordinateService Debug: MSG STOP_COORDINATE_WAKEUP
12-27 20:12:35.428  5761 14142 D HwAirLink: WakeupCoordinateService Debug: stopCoordinateWakeup! is Fake Wakeup: false
12-27 20:12:35.428  5761 14142 I HwAirLink: WakeupCoordinateManager Info: stopCoordinateWakeup, isFakeWakeup is false
12-27 20:12:35.428  5761 14142 I HwAirLink: WakeupCoordinateManager Info: TIME OUT -> ENFORCE STOP COORD WAKEUP
12-27 20:12:35.428  5761 14142 I HwAirLink: WakeupCoordinateManager Info: isBlueProcessOpened is true , isWifiProcessOpend is true
12-27 20:12:35.428  5761 14142 D HwAirLink: WakeupCoordinateBluetooth Debug:  stop le scan
12-27 20:12:35.428  5761 14142 I BluetoothAdapter: isLeEnabled(): ON
12-27 20:12:35.432 14030 27770 D Wakeup Coordination DeviceListUtil: save successful
12-27 20:12:35.434  5071  5181 I PGServer: report state:8 event type:2 pid:0 uid:5525 pkg:null to pid: 2106
12-27 20:12:35.435  5071  5181 I BluetoothState: inactive bluetooth uid: 5525, pid:5761, reason:BLE_SCAN
12-27 20:12:35.435  5071  5181 D BluetoothState: stop bt uid:5525 state:BLE_SCAN total(ms):6532078
12-27 20:12:35.435  4728  4780 D BtDft_NcBtDftManager: handleBtParam id = EVENT_BT_BEHAVIOR
12-27 20:12:35.436  4728  4780 E BtDft_NcBtDftManager: unhandled id
12-27 20:12:35.436  5761 31525 I LooperFactory: releaseLooper:DfxReporterAsyncMsg, other:[]
12-27 20:12:35.437 23691 24122 I bt_btm  : BTM_BleAdvFilterParamSetup filt_index=53 action=1
12-27 20:12:35.437  1251  1251 D vendor.qti.bluetooth@1.0-ibs_handler: SerialClockVote: vote for UART CLK ON
12-27 20:12:35.438  1251  1251 D vendor.qti.bluetooth@1.0-wake_lock: Acquire wakelock is acquired 
12-27 20:12:35.438  1251  1251 I vendor.qti.bluetooth@1.0-ibs_handler: DeviceWakeUp: Writing IBS_WAKE_IND
12-27 20:12:35.438  1251 24119 I vendor.qti.bluetooth@1.0-ibs_handler: ProcessIbsCmd: Received IBS_WAKE_ACK: 0xFC
12-27 20:12:35.438  1251 24119 I vendor.qti.bluetooth@1.0-ibs_handler: ProcessIbsCmd: Signal wack_cond_
12-27 20:12:35.439  1251  1251 D vendor.qti.bluetooth@1.0-ibs_handler: DeviceWakeUp: Unblocked from waiting for FC, pthread_cond_timedwait ret = 0
12-27 20:12:35.433  2104  2104 W daily_control: type=1400 audit(0.0:69062): avc: denied { dac_read_search } for capability=2 scontext=u:r:logserver:s0 tcontext=u:r:logserver:s0 tclass=capability permissive=0
12-27 20:12:35.433  2104  2104 W daily_control: type=1400 audit(0.0:69063): avc: denied { dac_override } for capability=1 scontext=u:r:logserver:s0 tcontext=u:r:logserver:s0 tclass=capability permissive=0
12-27 20:12:35.437  2104  2104 W event_serialize: type=1400 audit(0.0:69064): avc: denied { dac_read_search } for capability=2 scontext=u:r:logserver:s0 tcontext=u:r:logserver:s0 tclass=capability permissive=0
12-27 20:12:35.437  2104  2104 W event_serialize: type=1400 audit(0.0:69065): avc: denied { dac_override } for capability=1 scontext=u:r:logserver:s0 tcontext=u:r:logserver:s0 tclass=capability permissive=0
12-27 20:12:35.439 23691 24122 I bt_stack: [INFO:bta_gattc_api.cc(103)] BTA_GATTC_AppDeregister client_if = 10
12-27 20:12:35.439  5761 14142 I HwAirLink: WakeupCoordinateBluetooth Info:  stop le scan data
12-27 20:12:35.439  5761 14142 D HwAirLink: WakeupCoordinateBluetooth Debug: Stopping Advertising
12-27 20:12:35.440  5761 14142 I BluetoothLeAdvertiser: stopAdvertisingSet, calling package name = com.huawei.nearby callback = com.huawei.airlink.wakeupcoordinate.WakeupCoordBluetooth$WakeupAdvertiseSetCallback@d373f23
12-27 20:12:35.440 23691 24122 I bt_stack: [INFO:bta_gattc_api.cc(87)] app_deregister_impl client_if = 10
12-27 20:12:35.440 23691 24122 E bt_stack: [ERROR:bta_gattc_act.cc(254)] bta_gattc_deregister p_clreg->num_clcb is 0
12-27 20:12:35.440 23691 24122 I bt_stack: [INFO:bta_gattc_act.cc(1108)] bta_gattc_deregister_cmpl client_if is 10
12-27 20:12:35.440 23691 24122 I bt_stack: [INFO:gatt_api.cc(1081)] GATT_Deregister gatt_if=10
12-27 20:12:35.440  1251 24119 I vendor.qti.bluetooth@1.0-ibs_handler: ProcessIbsCmd: Received IBS_WAKE_IND: 0xFD
12-27 20:12:35.440  1251 24119 I vendor.qti.bluetooth@1.0-ibs_handler: ProcessIbsCmd: Writing IBS_WAKE_ACK
12-27 20:12:35.442 23691 24122 I bt_btm  : unregister  disable adv inst_id 1
12-27 20:12:35.443 23691 24122 I bt_btm  : remove adv inst_id 1
12-27 20:12:35.443  4728  4780 D BtDft_NcBtDftManager: handleBtParam id = EVENT_BT_BEHAVIOR
12-27 20:12:35.443  4728  4780 E BtDft_NcBtDftManager: unhandled id
12-27 20:12:35.444 23691 24122 I bt_btm  : BTM_BleSetScanParams: 4800, 96
12-27 20:12:35.445 23691 24122 I bt_btif : BTA_DmBleObserve:start = 0 
12-27 20:12:35.445 23691 24122 I bt_btif : BTA_DmBleObserve:start = 1 
12-27 20:12:35.445 23691 24122 I bt_btm  : BTM_BleObserve : scan_type:1, 4800, 96, 0
12-27 20:12:35.445 23691 24122 I bt_btm  : btm_ble_stop_scan 
12-27 20:12:35.445 23691 24122 I bt_btm  : btm_update_scanner_filter_policy
12-27 20:12:35.445 23691 24122 I bt_btm  : btm_send_hci_set_scan_params scan_type=1 scan_int=4800 scan_win=96
12-27 20:12:35.445 23691 24122 I bt_btm  : BTM_BleObserve : scan_type:1, 4800, 96, 0
12-27 20:12:35.445  5761  6591 I MonitorBroadcastReceiver: onReceive, action:com.android.bluetooth.HW_SCAN_PARAMETER_CHANGE
12-27 20:12:35.445 23691 24122 I bt_btm  : btm_send_hci_set_scan_params scan_type=1 scan_int=4800 scan_win=96
12-27 20:12:35.446  5761  6591 I LooperFactory: buildLooper:MBcDeliver
12-27 20:12:35.447  5761  5761 I HwAirLink: WakeupCoordinateBluetooth Info: onAdvertisingSetStopped 
12-27 20:12:35.447  5761  5761 I BluetoothLeAdvertiser: advertise stopped and remove callback: com.huawei.airlink.wakeupcoordinate.WakeupCoordBluetooth$WakeupAdvertiseSetCallback@d373f23
12-27 20:12:35.447  5761 31626 I Softbus : [EnvironmentManager]: onReceive --> [com.android.bluetooth.HW_SCAN_PARAMETER_CHANGE]
12-27 20:12:35.448  5761 14142 I HwAirLink: WakeupCoordinateBluetooth Info:  stopAdvertising data
12-27 20:12:35.448  5761 14142 E NearbyDevicePerceptron: coordinatewakeup WakeUp end!!! status:0
12-27 20:12:35.448  5761 31545 D Softbus : [CloseRangeReportManager]: ScanParameterStateEvent{window=60, interval=3000}
12-27 20:12:35.448  5761 31545 D Softbus : [CloseRangeReportManager]: watchdog timeout to 50000
12-27 20:12:35.445  2104  2104 W daily_control: type=1400 audit(0.0:69066): avc: denied { dac_read_search } for capability=2 scontext=u:r:logserver:s0 tcontext=u:r:logserver:s0 tclass=capability permissive=0
12-27 20:12:35.458 30020 30037 I bms_behavior: runState = 1, cvStatus = 1 
12-27 20:12:35.462 30020 30037 E bms_file: file /sys/class/hw_power/charger/direct_charger_sc4/direct_charge_succ is invalid
