12-27 20:12:33.589 31526 31559 I SoundPool-JNI: android_media_SoundPool_native_setup
12-27 20:12:33.589 31526 31559 I SoundPool::SoundDecoder: SoundDecoder(0x75d411b000, 2)
12-27 20:12:33.590 31526 31559 I SoundPool::SoundManager: setCallback mCallbackLock 0x75d411b000
12-27 20:12:33.591 31526 31561 I HwVA ChatRecordManager: onCreate
12-27 20:12:33.591  2106  2836 I AudioService.PlaybackActivityMonitor: trackPlayer() new piid=8047
12-27 20:12:33.592 31526 31561 I HwVA ChatRecordManager: onChatRecordStart
12-27 20:12:33.592 31526 31561 I HwVA RecordModelImpl: onChatRecordStart : 0
12-27 20:12:33.592 31526 31561 I HwVA RecordModelImpl: onChatRecordEnd
12-27 20:12:33.592 31526 31559 I SoundPool-JNI: android_media_SoundPool_load_FD
12-27 20:12:33.592 31526 31562 I HwVA ChatRecordDbManager: doCreate
12-27 20:12:33.592 31526 31559 I SoundPool::SoundManager: load(fd=115, offset=54021924, length=9681, priority=1)
12-27 20:12:33.592 31526 31559 I SoundPool::SoundDecoder: loadSound(1)
12-27 20:12:33.592 31526 31559 I SoundPool::SoundDecoder: loadSound get mlock for loadSound(0x75d40b61d0)
12-27 20:12:33.592 31526 31567 I HwVA AuthUtils: getPkiCert
12-27 20:12:33.592 31526 31572 I SoundPool::SoundDecoder: run(1): entering, mLock(0x75d40b61d0)
12-27 20:12:33.592 31526 31559 I SoundPool-JNI: android_media_SoundPool_native_setup
12-27 20:12:33.592 31526 31559 I SoundPool::SoundDecoder: SoundDecoder(0x75d411b300, 2)
12-27 20:12:33.592 31526 31572 I SoundPool::Sound: doLoad: start decode
12-27 20:12:33.592 31526 31559 I SoundPool::SoundManager: setCallback mCallbackLock 0x75d411b300
12-27 20:12:33.593  2106  6066 I AudioService.PlaybackActivityMonitor: trackPlayer() new piid=8055
12-27 20:12:33.593 31526 31559 I SoundPool-JNI: android_media_SoundPool_native_setup
12-27 20:12:33.593 31526 31559 I SoundPool::SoundDecoder: SoundDecoder(0x75d411b600, 2)
12-27 20:12:33.594 31526 31559 I SoundPool::SoundManager: setCallback mCallbackLock 0x75d411b600
12-27 20:12:33.594 31526 31547 I AwareBitmapCacher: init processName:com.huawei.vassistant pid=31526 uid=10125
12-27 20:12:33.594  2106  6066 I AudioService.PlaybackActivityMonitor: trackPlayer() new piid=8063
12-27 20:12:33.595 14030 31555 I Nnet2PostProcessor: [0 : (xiao3)^(yi4)^(xiao3)^(yi4)]
12-27 20:12:33.595 14030 31555 I KaldiScoreMatcher: short span mismatch
12-27 20:12:33.595 14030 31555 I KaldiScoreMatcher: JudgeWithReportParams, enter
12-27 20:12:33.595 14030 31555 I TdnnDecoder: buffer end
12-27 20:12:33.595 14030 31555 I TdnnDecoder: decode remain chunk
12-27 20:12:33.595 31526 31526 I com.huawei.agc.apms: begin to register native anr methods.
12-27 20:12:33.595 31526 31526 I com.huawei.agc.apms: create an anr event notifier: 119.
12-27 20:12:33.595 31526 31526 I com.huawei.agc.apms: register own signal(sigquit) handler: 0
12-27 20:12:33.595 31526 31567 I HwVA AuthUtils: cert has exists
12-27 20:12:33.595 31526 31575 I com.huawei.agc.apms: waiting for anr happen, block here...
12-27 20:12:33.596 31526 31567 W HwVA AppShareKvStorage: [Storage] Try to get voice_privacy_stop without cache
12-27 20:12:33.597  2002 11888 I MediaExtractorFactory: MediaExtractorFactory::CreateFromService (null), uid = 10125
12-27 20:12:33.597 31526 31526 I com.huawei.agc.apms: APMS v1.4.3.504
12-27 20:12:33.598 31526 31526 I HwVA SettingsProvider: [Storage] onCreate
12-27 20:12:33.598 31526 31579 I com.huawei.hms.qoes: init hms qoes api successful.
12-27 20:12:33.600  2002 11888 I OggExtractor: constructor
12-27 20:12:33.601 14030 31555 I Nnet2PostProcessor: [0 : (xiao3)^(yi4)^(xiao3)^(yi4)]
12-27 20:12:33.601 14030 31555 I KaldiScoreMatcher: short span mismatch
12-27 20:12:33.601 14030 31555 I KaldiScoreMatcher: JudgeWithReportParams, enter
12-27 20:12:33.601 14030 31555 I TdnnDecoder: decode final chunk
12-27 20:12:33.601 31526 31567 W HwVA AppShareKvStorage: [Storage] getBoolean voice_privacy_stop fail with empty value
12-27 20:12:33.601 31526 31562 I HwVA ChatRecordDbManager: getTotalRecordsNum count : 0
12-27 20:12:33.601 31526 31567 I HwVA PrivacyHelper: FusionPrivacy: true, StopAiVoice:false
12-27 20:12:33.602 31526 31526 I IDS_SystemPropertiesUtil: debugOnFlag is:0
12-27 20:12:33.602 31526 31526 I IDS_IdsProvider: onCreate
12-27 20:12:33.602 31526 31526 I HwVA AppServiceAutoInit: init voice router
12-27 20:12:33.602 31526 31567 I HwVA AiProviderProxy: Start initKitFrame sync
12-27 20:12:33.603  2002 11888 I MediaExtractorFactory: Created an extractor 'OggExtractor' with confidence 0.50
12-27 20:12:33.603  2002 11888 E Utils   : did not find channel-count and/or sample-rate
12-27 20:12:33.603 31526 31567 I VK VoiceKitSdk: kitonCreate
12-27 20:12:33.603 14030 31555 I Nnet2PostProcessor: [0 : (xiao3)^(yi4)^(xiao3)^(yi4)]
12-27 20:12:33.603 31526 31526 I AGConnectProvider: AGConnectInitializeProvider#onCreate
12-27 20:12:33.603 31526 31526 I AGConnectInstance: AGConnectInstance#initialize
12-27 20:12:33.603 14030 31555 I KaldiScoreMatcher: Calc Matched Words:unconf num:0, conf thres:-0.990000
12-27 20:12:33.603 14030 31555 I KaldiScoreMatcher: matched tgt words num 1
12-27 20:12:33.603 14030 31555 I KaldiScoreMatcher: MatchTargetWords:catchedWordsNum:1
12-27 20:12:33.603 14030 31555 I KaldiScoreMatcher: JudgeWithReportParams, enter
12-27 20:12:33.603 14030 31555 I Nnet2PostProcessor: [0 : (xiao3)^(yi4)^(xiao3)^(yi4)]
12-27 20:12:33.603 31526 31526 I ServiceRegistrarParser: getServices
12-27 20:12:33.604 14030 31555 I TdnnDecoder: exit nnet2 decode thread
12-27 20:12:33.604 31526 31526 I ServiceRegistrarParser: services:0
12-27 20:12:33.604 14030 14235 I HSW WakeupEngine: kws2 success
12-27 20:12:33.604 14030 14235 I VPR VprEngine: Get parameter, key alg_type
12-27 20:12:33.604 14030 14235 I VPR VprEngine: Get parameter, key alg_type
12-27 20:12:33.604 31526 31572 I ServiceUtilities: GetPackageNameByUid packages size is 1, packages[0] com.huawei.vassistant, uid(10125)
12-27 20:12:33.604 14030 14235 I HSW Snr : noise energy is 2461.469482, noise len is 13920, 1
12-27 20:12:33.604 31526 31526 W InputStreamReader: JSONException when reading 'path': /code/code1
12-27 20:12:33.604 14030 14235 I HSW Snr : energyValue is 40.351250, SNR is 5.320968, exit
12-27 20:12:33.604 31526 31526 W InputStreamReader: JSONException when reading 'path': /code/code2
12-27 20:12:33.604 31526 31526 W InputStreamReader: JSONException when reading 'path': /code/code3
12-27 20:12:33.604 31526 31526 W InputStreamReader: JSONException when reading 'path': /code/code4
12-27 20:12:33.604 14030 14235 I HSW Snr : noise energy is 2461.469482, noise len is 13920, 1
12-27 20:12:33.604 31526 31526 I AGC_Instance: AGC SDK initialize end, default route:CN
12-27 20:12:33.604 14030 14235 I HSW Snr : energyValue is 40.351250, SNR is 5.320968, exit
12-27 20:12:33.604 14030 14235 I VPR VprEngine: Set parameter
12-27 20:12:33.604 14030 14235 I VPR VprEngine: Get parameter, key alg_type
12-27 20:12:33.604 14030 14235 I HSW WakeupEngine: home, change to high level
12-27 20:12:33.604 14030 14235 I VPR VprEngine: Set parameter
12-27 20:12:33.604 14030 14235 I VPR VprEngine: Verify
12-27 20:12:33.604 14030 14235 I AsrDecoder: autoQuit flag 1
12-27 20:12:33.604 14030 14235 I AsrDecoder: autoQuit flag 1
12-27 20:12:33.604 14030 14235 I AsrDecoder: autoQuit flag 1
12-27 20:12:33.604 14030 14235 I AsrDecoder: is skip frame 1
12-27 20:12:33.604 14030 14235 I AsrDecoder: is skip frame 1
12-27 20:12:33.604 14030 14235 I AsrDecoder: is skip frame 1
12-27 20:12:33.604 14030 14235 I LocalAsrEngine: set skip frame:1
12-27 20:12:33.604 14030 14235 I LocalAsrEngine: no kws2 run param
12-27 20:12:33.604 14030 14235 I HSW WakeupKws2Manager: HandleGetBorder, update 0, 8
12-27 20:12:33.604 14030 14235 I HSW WakeupKws2Manager: update kws2 params, mScene:0, index:8, 1
12-27 20:12:33.604 14030 14235 I AsrDecoder: autoQuit flag 1
12-27 20:12:33.604 14030 14235 I AsrDecoder: autoQuit flag 1
12-27 20:12:33.604 14030 14235 I AsrDecoder: autoQuit flag 1
12-27 20:12:33.605 14030 14304 I VPR VprEngine: Set engine bypass 0
12-27 20:12:33.605 14030 14304 I VPR VprEngine: Set engine sensibility 3
12-27 20:12:33.605 14030 14235 I LocalAsrEngineParams: graph cost config enable: 0
12-27 20:12:33.605 14030 14304 I VPR HistoryInfoMgr: Load history info file succ
12-27 20:12:33.605 14030 14235 I AsrDecoder: autoQuit flag 1
12-27 20:12:33.605 14030 14235 I AsrDecoder: autoQuit flag 1
12-27 20:12:33.605 14030 14235 I AsrDecoder: autoQuit flag 1
12-27 20:12:33.605 14030 14235 I LocalAsrEngine: reload lexicon
12-27 20:12:33.605 14030 14235 I LocalAsrEngine: no kws2 run param
12-27 20:12:33.606 14030 14235 I AsrDecoder: autoQuit flag 1
12-27 20:12:33.606 14030 14235 I AsrDecoder: autoQuit flag 1
12-27 20:12:33.606 14030 14235 I AsrDecoder: autoQuit flag 1
12-27 20:12:33.606 14030 14235 I LocalAsrEngine: no kws2 run param
12-27 20:12:33.606 14030 14235 I HSW WakeupKws2Manager: HandleGetBorder, 80, 199, 38400, 25600
12-27 20:12:33.606 14030 14235 I AsrDecoder: Do db norm while buffer end is set
12-27 20:12:33.606 14030 14235 W AsrDecoder: no valid data to buffer, set buffer end flag
12-27 20:12:33.606 14030 14235 I AsrDecoder: autoQuit flag 1
12-27 20:12:33.606 14030 14235 I AsrDecoder: autoQuit flag 1
12-27 20:12:33.606 14030 14235 I AsrDecoder: autoQuit flag 1
12-27 20:12:33.606 14030 14235 I LocalAsrEngine: no kws2 run param
12-27 20:12:33.606 14030 14235 I AsrDecoder: Do db norm while buffer end is set
12-27 20:12:33.606 14030 14235 W AsrDecoder: no valid data to buffer, set buffer end flag
12-27 20:12:33.606 14030 14235 I AsrDecoder: autoQuit flag 1
12-27 20:12:33.606 14030 14235 I AsrDecoder: autoQuit flag 1
12-27 20:12:33.606 14030 14235 I AsrDecoder: autoQuit flag 1
12-27 20:12:33.606 14030 14235 I LocalAsrEngine: no kws2 run param
12-27 20:12:33.606 14030 14304 I VPR VprStateInfo: vpr handle event 1, info1 is -1, info2 is -1, state from 1-1-1 to 1-1-1
12-27 20:12:33.607 31526 31567 I com.huawei.agc.apms: APMS: enable collection by user.
12-27 20:12:33.607 31526 31526 I HwApiCacheMangerEx: apicache path=/storage/emulated/0 state=mounted key=com.huawei.vassistant#10125#256
12-27 20:12:33.607 31526 31526 I HwApiCacheMangerEx: need clear apicache,because volumes changed,oldCnt=1 newCnt=1
12-27 20:12:33.607 14030 14304 I VPR GenderRecognition: Recognize gender begin
12-27 20:12:33.608  2003  2230 D iMonitor: create: 990942102
12-27 20:12:33.608 31526 31567 I com.huawei.agc.apms: APMS v1.4.3.504
12-27 20:12:33.608 31526 31567 I VK VoiceKitSdk: VoiceKit sdk version= 11.2.8.308
12-27 20:12:33.609 14030 31553 I KaldiDecoderResource: unload ext Res enter
12-27 20:12:33.609  2003  2230 I iMonitor: send: 990942102
12-27 20:12:33.609  2106  2836 I ContentProviderHelper: publishContentProviders app: ProcessRecord{f3a927c 31526:com.huawei.vassistant/u0a125}, providers.size: 26
12-27 20:12:33.609 14030 31553 I KaldiDecoderResource: vocab start id is 1, vocab_size is 14
12-27 20:12:33.609 14030 31553 I TdnnDecoderResource: reload backup fst resource, fstIndex:0
12-27 20:12:33.610 31526 31526 I HwVA ChinaVassistantApp: onCreate ChinaVassistantApp begin
12-27 20:12:33.610 31526 31526 I HwVA VassistantApp: onCreate VassistantApp
12-27 20:12:33.610 14030 31553 I TdnnDecoder: create kaldi nnet2 decoder
12-27 20:12:33.610 14030 31553 I SilenceBuf: write chunk buf, invalid params
12-27 20:12:33.610 31526 31526 I HwVA SecureIntentUtil: setShouldDefuse
12-27 20:12:33.611 31526 31526 I HwVA BaseProcessColdStart: Process Code Start
12-27 20:12:33.611 31526 31526 I HwVA PowerKitService: BasePowerKitServiceImpl
12-27 20:12:33.613 31526 31526 I HwVA DriveModeInfo: loadDriveModeInfo null
12-27 20:12:33.613 31526 31567 I VK VoiceKitSdkContext: clear all
12-27 20:12:33.613 31526 31526 W HwVA AppShareKvStorage: [Storage] Try to get voice_privacy_stop without cache
12-27 20:12:33.614 31526 31526 W HwVA AppShareKvStorage: [Storage] getBoolean voice_privacy_stop fail with empty value
12-27 20:12:33.614 31526 31526 I HwVA PrivacyHelper: FusionPrivacy: true, StopAiVoice:false
12-27 20:12:33.614 31526 31526 I HwVA ProcessColdStart: addPrivacyTask
12-27 20:12:33.614 31526 31526 I HwVA PrivacyUtil: updateToVersion11
12-27 20:12:33.614 31526 31526 I HwVA PrivacyUtil: updatePrivacySetting --> fusion not update history
12-27 20:12:33.615 31526 31526 W HwVA SecureKvStorage: [Storage] get fusion_assistant_privacy_uuid value is empty 
12-27 20:12:33.615 31526 31526 I HwVA BootTaskWrapper: BootTask cost: 1ms, taskname:  threadName: main
12-27 20:12:33.615 31526 31526 I HwVA StorageManager: [Storage] init by com.huawei.vassistant
12-27 20:12:33.615 31526 31526 I HwVA BootTaskWrapper: BootTask cost: 0ms, taskname:  threadName: main
12-27 20:12:33.616 31526 31526 I HwVA ChinaVassistantApp: onCreate ChinaVassistantApp end
12-27 20:12:33.616 31526 31563 I HwVA FloatViewFactory: asyncCreate
12-27 20:12:33.616 31526 31584 I HwVA SettingsProviderHelper: [Storage] load table begin isShareStorage=true
12-27 20:12:33.616 31526 31563 I HwVA BootTaskWrapper: BootTask cost: 0ms, taskname: FloatViewAsyncCreate threadName: 196266045
12-27 20:12:33.616 31526 31526 W HwVA AppShareKvStorage: [Storage] Try to get app_privacy_uuid without cache
12-27 20:12:33.616 31526 31563 I HwVA BootTaskWrapper: BootTask cost: 0ms, taskname: customReponse threadName: 188727797
12-27 20:12:33.616 31526 31585 W HwVA AppShareKvStorage: [Storage] Try to get voice_privacy_stop without cache
12-27 20:12:33.616 31526 31563 W HwVA AppShareKvStorage: [Storage] Try to get oneshot_user_defined_trigger_word without cache
12-27 20:12:33.616 31526 31560 I HwVA SettingInteractor: current com.huawei.vassistant/.voiceui.service.FakeVoiceInteractionService restore interactor settings to: com.huawei.vassistant/.voiceui.service.FakeVoiceInteractionService
12-27 20:12:33.617 31526 31584 I HwVA SettingsProviderHelper: [Storage] load table begin isShareStorage=false
12-27 20:12:33.617 31526 31526 I HwTypeface: updateFont: scale=1.0
12-27 20:12:33.618 31526 31526 I HwTypeface: size is 0, use default font family
12-27 20:12:33.618 31526 31560 I HwVA BootTaskWrapper: BootTask cost: 2ms, taskname: checkInteractorSettings threadName: 5244978
12-27 20:12:33.618 31526 31560 I HwVA PowerKitService: init
12-27 20:12:33.618 31526 31526 I ActivityThread: finishPreloaded preloadStatus 0
12-27 20:12:33.618 31526 31526 I HwViewRootImpl: Add sceneId 1 topId: 0
12-27 20:12:33.618 31526 31526 I ActivityThread: handleBindApplication cost: 100
12-27 20:12:33.619 31526 31526 I HwVA OneShotService: onCreate
12-27 20:12:33.620 31526 31526 I HwVA OneShotService: onBinder
12-27 20:12:33.620 31526 31526 I HwVA BaseOneShotMode: process command: wakeup, startMode: 4
12-27 20:12:33.620 31526 31526 W HwVA VoicePrintUnlock: voice co auth disable!
12-27 20:12:33.621 31526 31526 W HwVA DelayReporter: state type is now need update time
12-27 20:12:33.621 31526 31526 W HwVA DelayReporter: state type is now need update time
12-27 20:12:33.622  2106  2910 D ActivityManager: setPrivilegeType serviceRecord: ServiceRecord{e0e0e80 u0 com.huawei.vassistant/.phoneaction.oneshot.OneShotService}, interfaceDescriptor : com.huawei.ziri.service.IWakeupInterfacePool
12-27 20:12:33.622 31526 31526 I HwVA VoiceUiUnit: requestPushToken
12-27 20:12:33.622 31526 31526 W HwVA AppShareKvStorage: [Storage] Try to get voice_privacy_stop without cache
12-27 20:12:33.622 14030 32197 I Wakeup_AssistantConnection: onServiceConnected
12-27 20:12:33.622  5071 26107 I KStateManager: send binder call message, called pid:31526, calling pid:[2106]
12-27 20:12:33.623 14030 31553 I Nnet2PostProcessor: [0 : ]
12-27 20:12:33.623 14030 32197 I Wakeup_OneShotUnlockImpl: onConnected
12-27 20:12:33.623 14030 32197 I Wakeup_OneShotWakeupImpl: startOneShot
12-27 20:12:33.623 14030 32197 I Wakeup_AssistantConnection: notify wakeup cache commands:0
12-27 20:12:33.624  2106  2836 I ActivityManager: power push bindservice callingPkg:com.huawei.vassistant, pkg:com.huawei.powergenie, callerApp pid:31526, pid:5071
12-27 20:12:33.624  1247 31551 D sound_trigger_hw: buffering_state_fn:kws read cost time is:81797604 ns 3840 bytes
12-27 20:12:33.624  1399 31543 E AudioFlinger: During normal recording,Calling hal read is blocked: 82ms
12-27 20:12:33.624 14030 31554 I E2EDecoder: buffer end
12-27 20:12:33.624 14030 31554 I E2EDecoder: result is null
12-27 20:12:33.624 31526 31560 V PowerKitApi: bind power kit service, state: true
12-27 20:12:33.625 31526 31560 I HwVA BootTaskWrapper: BootTask cost: 7ms, taskname: initPowerKitService threadName: 101231417
12-27 20:12:33.625 14030 31552 I PhoneDecoderComposite: couple result:fail, resultCnt:1, channel:1, wakeup type:0
12-27 20:12:33.625 14030 31554 I Wakeup_BindBigCoreUtil: start cancelVipThreads.
12-27 20:12:33.625 14030 31554 D IAwareAppSdk: cancel vipThreads, json: "IFID":1002,"vipThreads":[31554]
12-27 20:12:33.625 14030 31554 D IAwareAppSdkAdapter: reportVip package:com.huawei.vassistant
12-27 20:12:33.625  2106  6066 D BatteryStatsService: begin noteStopAudio
12-27 20:12:33.625 14030 31554 I E2EDecoder: exit E2E decode thread
12-27 20:12:33.625  2106  6066 D BatteryStatsService: end noteStopAudio
12-27 20:12:33.626  1247  3086 I audio_hw_primary: in_standby: enter: stream (0xee330300) usecase(34: audio-record-voip)
12-27 20:12:33.626  1247  3086 D audio_hw_primary: in_standby: sound trigger pcm stop lab
12-27 20:12:33.626 31526 31572 I MediaCodecList: MediaCodecList::findMatchingCodecs start
12-27 20:12:33.626  2029  2049 I AwareLog: iawared: iaware client connected
12-27 20:12:33.627 31526 31589 I VK AssistantCommander: init start
12-27 20:12:33.627  2005  6923 I MediaCodecList: Time check for MediaCodecList_getLocalInstance stuck issue mediaserver
12-27 20:12:33.627  5071  5181 I PGAudioState: AUDIO_REMOVE_ACTIVE_TRACK, trackId : 1084
12-27 20:12:33.627  5071  5181 I PGAudioState: remove from mTrackMap, 1084
12-27 20:12:33.627 31526 31572 D MediaCodecList: codecHandlesFormat: no format, so no extra checks
12-27 20:12:33.627  5071  5181 I PGServer: report state:1 event type:2 pid:14030 uid:10125 pkg:null to pid: 5071
12-27 20:12:33.627 31526 31572 I MediaCodecList: matching 'c2.android.vorbis.decoder'
12-27 20:12:33.627  5071  5181 I PGServer: report state:1 event type:2 pid:14030 uid:10125 pkg:null to pid: 2106
12-27 20:12:33.627 31526 31572 D MediaCodecList: codecHandlesFormat: no format, so no extra checks
12-27 20:12:33.627 31526 31572 I MediaCodecList: matching 'OMX.google.vorbis.decoder'
12-27 20:12:33.627 31526 31572 I MediaCodecList: MediaCodecList findMatchingCodecs  for loop end
12-27 20:12:33.628  5071  5181 I PGServer: report state:1 event type:2 pid:14030 uid:10125 pkg:null to pid: 5306
12-27 20:12:33.628 31526 31572 I MediaCodec: MediaCodec init
12-27 20:12:33.628 31526 31562 I HwVA BootTaskWrapper: BootTask cost: 1ms, taskname: setPowStartTime threadName: 36255256
12-27 20:12:33.628 31526 31562 I HwVA AccessibilityUtils: closeAccess setting=, service=com.huawei.vassistant/com.huawei.vassistant.phoneservice.impl.accessibility.VoiceAccessibilityService
12-27 20:12:33.628 31526 31562 I HwVA AccessibilityUtils: closeAccess last setting=
12-27 20:12:33.628 31526 31588 I MediaCodec: kWhatInit processing is complete
12-27 20:12:33.628  2106  6281 I [SPMN]  : insert SECURE -- name = accessibility_enabled, package = com.huawei.vassistant, user = 0, value = 0
12-27 20:12:33.629 31526 31588 D CCodec  : allocate(c2.android.vorbis.decoder)
12-27 20:12:33.629  5071  5181 I PGAudioState: audio type:in state:stop pid:14030 uid:10125
12-27 20:12:33.629 31526 31562 I HwVA BootTaskWrapper: BootTask cost: 1ms, taskname:  threadName: 194578135
12-27 20:12:33.629 31526 31562 I HwVA MessageChannelManager: init HapChannelManager
12-27 20:12:33.629 31526 31562 I HwVA BootTaskWrapper: BootTask cost: 0ms, taskname: initMessageChannel threadName: 16595315
12-27 20:12:33.629 31526 31562 I HwVA DriveModeManager: initDriveModeManager 
12-27 20:12:33.629  5071  5181 I DeviceMonitor: Remove AudioIn uid:10125
12-27 20:12:33.629 31526 31562 W HwVA SysPropUtil: PLATFORM_VERSION is empty.
12-27 20:12:33.629  5071  5181 I DeviceMonitor: last release audio in uid:10125 pid:-2
12-27 20:12:33.629  5306  5399 I OllieMsgCenter: publishEvt=2130771989
12-27 20:12:33.629  5306  5399 I HwPacketFilterBypass: handlePowerKitStateChange eventType:2 pid:14030 uid:10125
12-27 20:12:33.629  5306  5399 I HwPacketFilterBypass: handlePowerKitStateChange BACKGROUND
12-27 20:12:33.629  5306  5399 I HwPacketFilterBypass: handleActivityUidStateChanged uid:10125 -1 foreground:0
12-27 20:12:33.629  5306  5399 I HwPacketFilterBypass: isAllowSendSmartCureToChr false, no exceptions occur, dropCnt:0
12-27 20:12:33.629  5306  5399 I HwPacketFilterBypass: no exceptions occur, dropCnt:0
12-27 20:12:33.629  5306  5399 I HwPacketFilterBypass: isAllowSendDataDropChr false, no exceptions occur
12-27 20:12:33.629 31526 31526 W HwVA AppShareKvStorage: [Storage] getBoolean voice_privacy_stop fail with empty value
12-27 20:12:33.629 31526 31526 I HwVA PrivacyHelper: FusionPrivacy: true, StopAiVoice:false
12-27 20:12:33.629  2029  2049 I AwareLog: iawared: Closing iaware client data connection dfd=32
12-27 20:12:33.629 31526 31526 I HwVA VoiceUiUnit: forceRequest false
12-27 20:12:33.630 31526 31585 W HwVA AppShareKvStorage: [Storage] getBoolean voice_privacy_stop fail with empty value
12-27 20:12:33.630 31526 31585 I HwVA PrivacyHelper: FusionPrivacy: true, StopAiVoice:false
12-27 20:12:33.630 31526 31585 W HwVA SysPropUtil: PLATFORM_VERSION is empty.
12-27 20:12:33.630 31526 31585 W HwVA ResponseProcessorManager: privacy or aec not support!
12-27 20:12:33.630 31526 31526 V PowerKitApi: Power kit service connected
12-27 20:12:33.630 31526 31526 I HwVA PowerKitService: Huawei PowerKit service connected
12-27 20:12:33.631 31526 31567 W VK BusinessFlowId: sessionId is empty, try to regenerate.
12-27 20:12:33.631 31526 31562 W HwVA PropertyUtil: support drive mode? true
12-27 20:12:33.631 31526 31562 I HwVA DriveModeManager: begin to init
12-27 20:12:33.631 31526 31562 I HwVA DriveModeInfo: loadDriveModeInfo null
12-27 20:12:33.631 31526 31588 I Codec2Client: Available Codec2 services: "default" "software"
12-27 20:12:33.631 31526 31588 I Codec2Client: Creating a Codec2 client to service "default"
12-27 20:12:33.631 31526 31583 I VK AssistantController: pcsMsg:name->NORTH_INTERFACE_START_PLATFORM_MODULES
12-27 20:12:33.631 31526 31560 I HwVA BootTaskWrapper: BootTask cost: 6ms, taskname: initHeadsetManager threadName: 45745659
12-27 20:12:33.632 31526 31583 I VK BusinessFlowFlagManager: resetAllFlags
12-27 20:12:33.632 31526 31560 W Settings: Setting device_provisioned has moved from android.provider.Settings.Secure to android.provider.Settings.Global.
12-27 20:12:33.632 31526 31583 I VK BusinessFlowStateManager: resetState
12-27 20:12:33.632 31526 31583 I VK FullDuplexStateManager: resetState
12-27 20:12:33.632 31526 31583 I VK FullDuplexStateManager: resetTimeoutState
12-27 20:12:33.632 31526 31583 I VK CommonRejectionStateManager: resetState
12-27 20:12:33.633 31526 31588 I Codec2Client: Client to Codec2 service "default" created
12-27 20:12:33.633 31526 31592 W VK OkClientMgr: not init as privacy nopass
12-27 20:12:33.634 31526 31588 I CCodec  : setting up 'default' as default (vendor) store
12-27 20:12:33.634 31526 31588 I Codec2Client: Creating a Codec2 client to service "default"
12-27 20:12:33.635 31526 31563 I HwVA BootTaskWrapper: BootTask cost: 19ms, taskname: setWakeupWordAsync threadName: 188727797
12-27 20:12:33.635 31526 31563 I HwVA IaUtils: checkBroadcastSwitch
12-27 20:12:33.635 31526 31563 I HwVA BootTaskWrapper: BootTask cost: 0ms, taskname: checkBroadcastSwitch threadName: 88387632
12-27 20:12:33.635 31526 31583 I VK AccessTokenManager: init
12-27 20:12:33.636 31526 31588 I Codec2Client: Client to Codec2 service "default" created
12-27 20:12:33.638 31526 31588 I Codec2Client: Creating a Codec2 client to service "software"
12-27 20:12:33.640 31526 31588 I Codec2Client: Client to Codec2 service "software" created
12-27 20:12:33.640 31526 31563 I HwVA ChildServiceImpl: registerChildListener:1
12-27 20:12:33.640 31526 31563 I HwVA ChildServiceImpl: registerReceiver: isRegister=false
12-27 20:12:33.640 31526 31583 I VK WakeupAbilityProxy: WakeupAbilityProxy
12-27 20:12:33.641 31526 31563 I HwVA ChildServiceImpl: registerSettingObserver: isRegister=false
12-27 20:12:33.641 31526 31563 I HwVA ChildServiceImpl: registerReceiver: isRegister=true
12-27 20:12:33.641 31526 31563 I HwVA ChildServiceImpl: registerSettingObserver: isRegister=true
12-27 20:12:33.641 31526 31563 I HwVA SecurityComponentUtils: isValid : true
12-27 20:12:33.642 31526 31583 I VK VisibleAbilityProxy: VisibleAbilityProxy create
12-27 20:12:33.643 31526 31588 I CCodec  : Created component [c2.android.vorbis.decoder]
12-27 20:12:33.643 31526 31588 D CCodecConfig: read media type: audio/vorbis
12-27 20:12:33.644 14030 14304 I VPR GenderRecognition: Recognize gender end, score is -0.603887, threshold is -1.100000
12-27 20:12:33.644 31526 31583 I VK DecisionServiceAbilityProxy: decision registerIfNeed
12-27 20:12:33.644 31526 31563 I StubController: system app validUid:10125, isFriend:false
12-27 20:12:33.645 31526 31583 I VK DisServiceAbilityProxy: DisServiceAbilityProxy
12-27 20:12:33.645  2106  2836 I HwActivityManagerServiceEx: provider is prevented for not-prevent
12-27 20:12:33.645 14030 31601 W VPR IvectorImplement: npu load timeout is not configed
12-27 20:12:33.645  2106  2836 I ContentProviderHelper: Successfully start provider ContentProviderRecord{fbd0fee u0 com.huawei.hwid/com.huawei.hms.runtimekit.stubexplicit.HwIDProvider} launchingApp=null caller pid= 31526
12-27 20:12:33.646 14030 31553 I Nnet2PostProcessor: [0 : (xiao3)^(yi4)^(xiao3)^(yi4)]
12-27 20:12:33.646 14030 31553 I KaldiScoreMatcher: short span mismatch
12-27 20:12:33.646 14030 31553 I KaldiScoreMatcher: short span mismatch
12-27 20:12:33.646 14030 31553 I KaldiScoreMatcher: short span mismatch
12-27 20:12:33.646 14030 31553 I KaldiScoreMatcher: JudgeWithReportParams, enter
12-27 20:12:33.646  5071  5181 E NumberUtils: Number Format err! str: 
12-27 20:12:33.646 14030 31553 I TdnnDecoder: buffer end
12-27 20:12:33.646 14030 31553 I TdnnDecoder: decode remain chunk
12-27 20:12:33.646 31526 31588 D ReflectedParamUpdater: extent() != 1 for single value type: algo.buffers.max-count.values
12-27 20:12:33.646 18939 18954 I fwkit_AbP: [fwkit AbsContentProvider.java:86] cp:com.huawei.vassistant;query;content://com.huawei.hwid.api.provider/child_mode_on
12-27 20:12:33.647 18939 18954 I ProviderUtil: [HwID_APK_log[6.12.2.302|6.12.0.301]core ProviderUtil.java:49] Calling package:com.huawei.vassistant
12-27 20:12:33.647 18939 18954 I HwIDProvider: [HwID_APK_log[6.12.2.302|6.12.0.301]core HwIDProvider.java:231] match:11
12-27 20:12:33.647 31526 31588 D ReflectedParamUpdater: extent() != 1 for single value type: output.subscribed-indices.values
12-27 20:12:33.647 18939 18954 I HwIDProvider: [HwID_APK_log[6.12.2.302|6.12.0.301]core HwIDProvider.java:362] dealUriChildMode.
12-27 20:12:33.647 31526 31588 D ReflectedParamUpdater: extent() != 1 for single value type: input.buffers.allocator-ids.values
12-27 20:12:33.647 31526 31588 D ReflectedParamUpdater: extent() != 1 for single value type: output.buffers.allocator-ids.values
12-27 20:12:33.647 31526 31588 D ReflectedParamUpdater: extent() != 1 for single value type: algo.buffers.allocator-ids.values
12-27 20:12:33.647 31526 31588 D ReflectedParamUpdater: extent() != 1 for single value type: output.buffers.pool-ids.values
12-27 20:12:33.648 31526 31588 D ReflectedParamUpdater: extent() != 1 for single value type: algo.buffers.pool-ids.values
12-27 20:12:33.648 18939 19492 I ThreadPool: [HwID_APK_log[6.12.2.302|6.12.0.301]core CustomThreadPoolExecutor.java:140] thread dump:poolName:Hwid-Core-Pool activeCount:1 completedTaskCount:254 taskCount:255 corePoolSize:14 largestPoolSize:14 maxPoolSize:14 queueSize:0 
12-27 20:12:33.648 18939 19492 I AuthBySign: [HwID_APK_log[6.12.2.302|6.12.0.301]core AuthBySign.java:380] get*i*gn*ales
12-27 20:12:33.648  2106  6281 D CompatibilityChangeReporter: Compat change id reported: 157233955; UID 10125; state: DISABLED
12-27 20:12:33.648 14030 14303 D DLLite  : INPUT  SIZE :64800
12-27 20:12:33.648 14030 14303 D DLLite  : inputTensors  SIZE :64800
12-27 20:12:33.649 18939 19492 E AuthBySign: [HwID_APK_log[6.12.2.302|6.12.0.301]core AuthBySign.java:289] check rawS = 9c
12-27 20:12:33.649 18939 19492 E AuthBySign: [HwID_APK_log[6.12.2.302|6.12.0.301]core AuthBySign.java:293] check ele = 9c
12-27 20:12:33.649 18939 19492 I AuthBySign: [HwID_APK_log[6.12.2.302|6.12.0.301]core AuthBySign.java:295] isContainPackage is true.
12-27 20:12:33.649 18939 19492 I AuthBySign: [HwID_APK_log[6.12.2.302|6.12.0.301]core AuthBySign.java:300] isContainPackage is false.
12-27 20:12:33.649 18939 19492 I AuthBySign: [HwID_APK_log[6.12.2.302|6.12.0.301]core AuthBySign.java:401] LocalCheckThread onSignMatched 
12-27 20:12:33.649 18939 19492 I HwIDProvider: [HwID_APK_log[6.12.2.302|6.12.0.301]core HwIDProvider.java:498] Sign match
12-27 20:12:33.649 18939 18954 I HwIDProvider: [HwID_APK_log[6.12.2.302|6.12.0.301]core HwIDProvider.java:391] checkPermission awaitValue:true
12-27 20:12:33.649 31526 31588 I CCodecConfig: query failed after returning 7 values (BAD_INDEX)
12-27 20:12:33.650 31526 31588 D CCodecConfig: c2 config diff is Dict {
12-27 20:12:33.650 31526 31588 D CCodecConfig:   c2::u32 coded.bitrate.value = 64000
12-27 20:12:33.650 31526 31588 D CCodecConfig:   c2::u32 input.buffers.max-size.value = 32768
12-27 20:12:33.650 31526 31588 D CCodecConfig:   c2::u32 input.delay.value = 0
12-27 20:12:33.650 31526 31588 D CCodecConfig:   string input.media-type.value = "audio/vorbis"
12-27 20:12:33.650 31526 31588 D CCodecConfig:   string output.media-type.value = "audio/raw"
12-27 20:12:33.650 31526 31588 D CCodecConfig:   c2::u32 raw.channel-count.value = 1
12-27 20:12:33.650 31526 31588 D CCodecConfig:   c2::u32 raw.sample-rate.value = 48000
12-27 20:12:33.650 31526 31588 D CCodecConfig: }
12-27 20:12:33.650 18939 18954 I HwIDProvider: [HwID_APK_log[6.12.2.302|6.12.0.301]core HwIDProvider.java:521] Sign check success!
12-27 20:12:33.650 31526 31588 I DE N DECC: D InitLogSwitch:94: isProductDebuggable=0, isDebugLogOn=0
12-27 20:12:33.651 31526 31607 I VK AudioRecordImpl: init
12-27 20:12:33.651 31526 31588 W DE N VideoEngine: IsAisrProcessorSupported:174: Failed to getEffectEx(DE_FEATURE_AISR,{DE_EFFECT_TYPE_ENABLE,com.huawei.vassistant},&status(.size()=1)) ret=-1
12-27 20:12:33.652 18939 18954 E APKAccountManager: [HwID_APK_log[6.12.2.302|6.12.0.301]core APKAccountManager.java:374] getUserData data is empty
12-27 20:12:33.652 18939 18954 I HwIDCommonUtils: [HwID_APK_log[6.12.2.302|6.12.0.301]core HwIDCommonUtils.java:60] isAsciiString empty string
12-27 20:12:33.653 18939 18954 E APKAccountManager: [HwID_APK_log[6.12.2.302|6.12.0.301]core APKAccountManager.java:1566] rsp childMode Exception
12-27 20:12:33.653 18939 18954 I HwIDProvider: [HwID_APK_log[6.12.2.302|6.12.0.301]core HwIDProvider.java:525] IsChildMode is 0
12-27 20:12:33.653 18939 18954 I SyscUserInfo: [HwID_APK_log[6.12.2.302|6.12.0.301]core SyscUserInfo.java:46] startCheck syscUserInfo
12-27 20:12:33.654 18939 18954 I SyscUserInfoPreferences: [HwID_APK_log[6.12.2.302|6.12.0.301]core SyscUserInfoPreferences.java:94] result is false
12-27 20:12:33.654 31526 31611 I VK NorthInterface: handMsg:name->COMMANDER_SDK_INIT_COMPLETE
12-27 20:12:33.655 31526 31612 E VK Utils: IOException
12-27 20:12:33.655 31526 31611 I HwVA AiProviderProxy: Voicekit frame created success
12-27 20:12:33.655 31526 31567 I HwVA AiProviderProxy: End initKitFrame: true
12-27 20:12:33.655 31526 31572 I ServiceUtilities: GetPackageNameByUid packages size is 1, packages[0] com.huawei.vassistant, uid(10125)
12-27 20:12:33.655 31526 31611 I VK VoiceKitSdkImpl: registerUiListener
12-27 20:12:33.655 31526 31611 I HwVA PhoneAiProvider: KitFrame init Success
12-27 20:12:33.656 31526 31588 D MediaCodec: flushMediametrics
12-27 20:12:33.656  2003  2230 D iMonitor: create: 990942101
12-27 20:12:33.657 31526 31588 D CCodec  : [c2.android.vorbis.decoder] buffers are bound to CCodec for this session
12-27 20:12:33.657 31526 31588 D CCodecConfig: no c2 equivalents for durationUs
12-27 20:12:33.657 31526 31588 D CCodecConfig: no c2 equivalents for track-id
12-27 20:12:33.657 31526 31588 D CCodecConfig: no c2 equivalents for csd-1
12-27 20:12:33.657 31526 31588 D CCodecConfig: no c2 equivalents for channel-mask
12-27 20:12:33.657 31526 31588 D CCodecConfig: no c2 equivalents for flags
12-27 20:12:33.658  2003  2230 I iMonitor: send: 990942101
12-27 20:12:33.658 31526 31588 D CCodecConfig: c2 config diff is   c2::u32 coded.bitrate.value = 80000
12-27 20:12:33.659 31526 31588 W Codec2Client: query -- param skipped: index = 1107298332.
12-27 20:12:33.659 31526 31588 D CCodec  : setup formats input: AMessage(what = 0x00000000) = {
12-27 20:12:33.659 31526 31588 D CCodec  :   int32_t bitrate = 80000
12-27 20:12:33.659 31526 31588 D CCodec  :   int32_t channel-count = 1
12-27 20:12:33.659 31526 31588 D CCodec  :   int32_t max-input-size = 32768
12-27 20:12:33.659 31526 31588 D CCodec  :   string mime = "audio/vorbis"
12-27 20:12:33.659 31526 31588 D CCodec  :   int32_t sample-rate = 48000
12-27 20:12:33.659 31526 31588 D CCodec  : }
12-27 20:12:33.659 31526 31588 D CCodec  : setup formats output: AMessage(what = 0x00000000) = {
12-27 20:12:33.659 31526 31588 D CCodec  :   int32_t channel-count = 1
12-27 20:12:33.659 31526 31588 D CCodec  :   string mime = "audio/raw"
12-27 20:12:33.659 31526 31588 D CCodec  :   int32_t sample-rate = 48000
12-27 20:12:33.659 31526 31588 D CCodec  :   int32_t channel-mask = 1
12-27 20:12:33.659 31526 31588 D CCodec  : }
12-27 20:12:33.659 31526 31588 I CCodecConfig: query failed after returning 7 values (BAD_INDEX)
12-27 20:12:33.659 31526 31572 I MediaCodec: MediaCodec start
12-27 20:12:33.660 31526 31588 W Codec2Client: query -- param skipped: index = 1342179345.
12-27 20:12:33.660 31526 31588 W Codec2Client: query -- param skipped: index = 2415921170.
12-27 20:12:33.660 31526 31588 D C2Store : Using ION
12-27 20:12:33.660  2106  2836 I AudioService.RecordingActivityMonitor: getActiveRecordingConfigurations calling pkgName: com.huawei.vassistant, calling uid: 10125, calling pid: 31526
12-27 20:12:33.660  2106  2836 I AudioService.RecordingActivityMonitor: getActiveRecordingConfigurations callerMicType: 80000004
12-27 20:12:33.661 31526 31588 D BufferPoolManager: # of cleaned connections: 0
12-27 20:12:33.661 31526 31588 D BufferPoolManager: create new connection 135404841553413
12-27 20:12:33.661 31526 31588 D CCodecBufferChannel: [c2.android.vorbis.decoder#389] Created input block pool with allocatorID 16 => poolID 17 - OK (0)
12-27 20:12:33.661 31526 31560 I HwVA BootTaskWrapper: BootTask cost: 30ms, taskname: getStateAsync threadName: 144148593
12-27 20:12:33.661 31526 31563 I HwVA ProcessColdStart: onChildModeChange
12-27 20:12:33.661 31526 31563 W Settings: Setting device_provisioned has moved from android.provider.Settings.Secure to android.provider.Settings.Global.
12-27 20:12:33.661 31526 31560 I HwVA BootTaskWrapper: BootTask cost: 0ms, taskname: registerPcCastReceiver threadName: 97204909
12-27 20:12:33.661  2077 14464 D BufferPoolAccessor2.0: bufferpool2 0xb400007d65430228 : 0(0 size) total buffers - 0(0 size) used buffers - 34/37 (recycle/alloc) - 3/36 (fetch/transfer)
12-27 20:12:33.661 31526 31612 E VK VoiceServiceLoader: ClassNotFoundException, cant create class com.huawei.vassistant.xiaoyiapp.actiongroup.XiaoyiAppActionManager
12-27 20:12:33.661  2077 14464 D BufferPoolManager: # of cleaned connections: 2
12-27 20:12:33.661  2077 14464 D BufferPoolManager: create new connection 8922349653937
12-27 20:12:33.661 31526 31560 I HwVA BootTaskWrapper: BootTask cost: 0ms, taskname: checkAiCaptionState threadName: 17683625
12-27 20:12:33.661  2005 14443 D BufferPoolAccessor2.0: bufferpool2 0xee14cfd8 : 4(131072 size) total buffers - 4(131072 size) used buffers - 33/41 (recycle/alloc) - 8/78 (fetch/transfer)
12-27 20:12:33.661 31526 31588 I CCodecBufferChannel: [c2.android.vorbis.decoder#389] Created output block pool with allocatorID 16 => poolID 231 - OK
12-27 20:12:33.662 31526 31563 I HwVA BootTaskWrapper: BootTask cost: 26ms, taskname: refreshChild threadName: 247861861
12-27 20:12:33.662 31526 31588 D CCodecBufferChannel: [c2.android.vorbis.decoder#389] Configured output block pool ids 231 => OK
12-27 20:12:33.662 31526 31560 I HwVA BootTaskWrapper: BootTask cost: 1ms, taskname: updateToneToSecureSetting threadName: 52967961
12-27 20:12:33.662  2005  3087 D BufferPoolAccessor2.0: bufferpool2 0xee259bd8 : 0(0 size) total buffers - 0(0 size) used buffers - 80/88 (recycle/alloc) - 8/168 (fetch/transfer)
12-27 20:12:33.662  2005  3087 D BufferPoolAccessor2.0: Destruction - bufferpool2 0xee259bd8 cached: 0/0M, 0/0% in use; allocs: 88, 91% recycled; transfers: 168, 95% unfetched
12-27 20:12:33.662 31526 31588 E ion     : ioctl c0044901 failed with code -1: Inappropriate ioctl for device
12-27 20:12:33.662   784 17052 I keystore2: keystore2::service: keystore serives get_key_entry caller_uid:10125 
12-27 20:12:33.662  2077 31600 D SimpleC2Component: Using output block pool with poolID 231 => got 231 - 0
12-27 20:12:33.663  2077  6654 D BufferPoolManager: register new connection 135404841553414
12-27 20:12:33.663 31526 31588 D BufferPoolManager: client death recipient registered 135404841553414
12-27 20:12:33.664 14030 14048 I HwVA SettingsMemCache: [Storage] onChange start isSelfChange=false
12-27 20:12:33.664 14030 14048 I HwVA SettingsProviderHelper: [Storage] load table begin isShareStorage=true
12-27 20:12:33.664 31526 31550 D CompatibilityChangeReporter: Compat change id reported: 150939131; UID 10125; state: DISABLED
12-27 20:12:33.664 31526 31550 I HwVA SettingsMemCache: [Storage] onChange start isSelfChange=false
12-27 20:12:33.664 31526 31550 I HwVA SettingsProviderHelper: [Storage] load table begin isShareStorage=true
12-27 20:12:33.665 31526 31562 I HwVA FrameworkInteractor: checkDriveModeState isOn false
12-27 20:12:33.665  2106  2912 W BroadcastQueue: Permission Denial: broadcasting Intent { act=android.media.RINGER_MODE_CHANGED flg=0x34000010 hwFlg=0x80000000 (has extras) } from null (pid=-1, uid=-1) requires com.huawei.vassistant.permission.VASSISTANT_BROADCAST due to registered receiver BroadcastFilter{b58826a 10125/u0 ReceiverList{b46855 31526 com.huawei.vassistant/10125/u0 remote:ad7d70c}}
12-27 20:12:33.665 31526 31562 I HwVA FrameworkInteractor: startWakeUpService
12-27 20:12:33.665 31526 31612 I HwVA CommonActionManager: start init CommonActionManager
12-27 20:12:33.666  5071  5181 I DeviceStateService: app: com.huawei.vassistant pid: 31526 start mediacodec.
12-27 20:12:33.667 14030 14030 I Wakeup_WakeupService: onStartCommand() called
12-27 20:12:33.667 31526 31598 D BufferPoolManager: register new connection 8922349653938
12-27 20:12:33.667  2077 31600 D BufferPoolManager: client death recipient registered 8922349653938
12-27 20:12:33.669  2106 31616 I HwActivityManagerServiceEx: provider is prevented for not-prevent
12-27 20:12:33.669 31526 31562 I HwVA WakeupUtils: isPcMode: false, isDriveMode: false, scene: multicmd_scene=wakeup
12-27 20:12:33.670  1399  2328 I AudioFlinger: thread 0xb400006f87102c80 type 0 TID 2328 waking up
12-27 20:12:33.670  1399  2347 I AudioFlinger: thread 0xb400006f8719de80 type 0 TID 2347 waking up
12-27 20:12:33.670  1399  2394 I AudioFlinger: thread 0xb400006f7506b5c0 type 0 TID 2394 waking up
12-27 20:12:33.670  1399  2460 I AudioFlinger: thread 0xb400006f75167b00 type 0 TID 2460 waking up
12-27 20:12:33.670  1399  2460 I AudioFlinger: acquireWakeLock_l() AudioOut_45 status 0 mWakeLockToken 0xb400006f870d78b0
12-27 20:12:33.670  1399  2394 I AudioFlinger: acquireWakeLock_l() AudioOut_35 status 0 mWakeLockToken 0xb400006f870d7100
12-27 20:12:33.670  1399  2328 I AudioFlinger: acquireWakeLock_l() AudioOut_D status 0 mWakeLockToken 0xb400006f854011b0
12-27 20:12:33.670  1399  2347 I AudioFlinger: acquireWakeLock_l() AudioOut_15 status 0 mWakeLockToken 0xb400006f85402c20
12-27 20:12:33.670  2106  2836 I PowerManagerService: acquireWakeLockAsync into.
12-27 20:12:33.670  2106  2836 I PowerManagerService: acquireWakeLockAsync into.
12-27 20:12:33.671  2106  2836 W ProcBatteryStats: timer is running , not start, name: audioserver, uid: 1041, tag: AudioMix
12-27 20:12:33.672  5071  5181 E NumberUtils: Number Format err! str: 
12-27 20:12:33.672  2106  2836 I PowerManagerService: acquireWakeLockAsync into.
12-27 20:12:33.672   784 17052 I keystore2: keystore2::security_level: keystore security_level create_operation caller_uid:10125
12-27 20:12:33.672   784 17052 I keystore2: keystore2::security_level: keystore upgrade_keyblob_if_required_with begin
12-27 20:12:33.672   784 17052 I keystore2: beginkeystore KeyMintDevice begin
12-27 20:12:33.672  2106  2836 W ProcBatteryStats: timer is running , not start, name: audioserver, uid: 1041, tag: AudioMix
12-27 20:12:33.672  2106  2836 I PowerManagerService: acquireWakeLockAsync into.
12-27 20:12:33.672  2106  2836 W ProcBatteryStats: timer is running , not start, name: audioserver, uid: 1041, tag: AudioMix
12-27 20:12:33.674  2106 31616 I ContentProviderHelper: Successfully start provider ContentProviderRecord{9197a37 u0 com.huawei.vassistant/.phonebase.provider.SettingsProvider} launchingApp=null caller pid= 2106
12-27 20:12:33.675   784 17052 I keystore2: beginkeystore KeyMintDevice begin end
12-27 20:12:33.676 14030 31602 I VPR GhmmAlgorithm: Verify score: -0.735819
12-27 20:12:33.676 14030 31602 I VPR ThresholdManager: threshold is 0.000000
12-27 20:12:33.676 14030 31602 I VPR IAlgLeaf: models average score -0.735819, type: 0
12-27 20:12:33.676 14030 31602 I VPR IAlgLeaf: there is no model, type: 0
12-27 20:12:33.676 14030 31602 I VPR GhmmAlgLeaf: Verify strategy 0
12-27 20:12:33.676   784 17052 I keystore2: updatekeystore KeyMintDevice update
12-27 20:12:33.679 14030 31553 I Nnet2PostProcessor: [0 : (xiao3)^(yi4)^(xiao3)^(yi4)]
12-27 20:12:33.679 14030 31553 I KaldiScoreMatcher: unconfident phoneme(469) mismatch
12-27 20:12:33.679 14030 31553 I KaldiScoreMatcher: unconfident phoneme(275) mismatch
12-27 20:12:33.679 14030 31553 I KaldiScoreMatcher: unconfident phoneme(469) mismatch
12-27 20:12:33.679 14030 31553 I KaldiScoreMatcher: unconfident phoneme(275) mismatch
12-27 20:12:33.679 14030 31553 I KaldiScoreMatcher: unconfident phoneme(469) mismatch
12-27 20:12:33.679 14030 31553 I KaldiScoreMatcher: unconfident phoneme(275) mismatch
12-27 20:12:33.679 14030 31553 I KaldiScoreMatcher: JudgeWithReportParams, enter
12-27 20:12:33.679 14030 31553 I TdnnDecoder: decode final chunk
12-27 20:12:33.680  2106 31616 W Binder  : Outgoing transactions from this process must be FLAG_ONEWAY
12-27 20:12:33.680  2106 31616 W Binder  : java.lang.Throwable
12-27 20:12:33.680  2106 31616 W Binder  : 	at android.os.BinderProxy.transact(BinderProxy.java:558)
12-27 20:12:33.680  2106 31616 W Binder  : 	at android.content.ContentProviderProxy.query(ContentProviderNative.java:479)
12-27 20:12:33.680  2106 31616 W Binder  : 	at android.content.ContentResolver.query(ContentResolver.java:1291)
12-27 20:12:33.680  2106 31616 W Binder  : 	at android.content.ContentResolver.query(ContentResolver.java:1223)
12-27 20:12:33.680  2106 31616 W Binder  : 	at android.content.ContentResolver.query(ContentResolver.java:1172)
12-27 20:12:33.680  2106 31616 W Binder  : 	at com.huawei.ziri.provider.VASettings$Settings.getString(VASettings.java:4)
12-27 20:12:33.680  2106 31616 W Binder  : 	at com.huawei.ziri.provider.VASettings$Settings.getInt(VASettings.java:1)
12-27 20:12:33.680  2106 31616 W Binder  : 	at com.android.server.telecom.callvasisstant.CallVAsisstantManager$3.run(CallVAsisstantManager.java:5)
12-27 20:12:33.681 14030 31553 I Nnet2PostProcessor: [0 : (xiao3)^(yi4)^(xiao3)^(yi4)]
12-27 20:12:33.681 14030 31553 I KaldiScoreMatcher: unconfident phoneme(469) mismatch
12-27 20:12:33.681 14030 31553 I KaldiScoreMatcher: unconfident phoneme(275) mismatch
12-27 20:12:33.681 14030 31553 I KaldiScoreMatcher: unconfident phoneme(469) mismatch
12-27 20:12:33.681 14030 31553 I KaldiScoreMatcher: unconfident phoneme(275) mismatch
12-27 20:12:33.681 14030 31553 I KaldiScoreMatcher: unconfident phoneme(469) mismatch
12-27 20:12:33.681 14030 31553 I KaldiScoreMatcher: unconfident phoneme(275) mismatch
12-27 20:12:33.681 14030 31553 I KaldiScoreMatcher: JudgeWithReportParams, enter
12-27 20:12:33.681 14030 31553 I Nnet2PostProcessor: [0 : (xiao3)^(yi4)^(xiao3)^(yi4)]
12-27 20:12:33.681 14030 31553 I TdnnDecoder: exit nnet2 decode thread
12-27 20:12:33.681 14030 31552 I PhoneDecoderComposite: couple result:fail, resultCnt:2, channel:0, wakeup type:0
12-27 20:12:33.681 14030 14235 I HSW WakeupEngine: kws2 failed: unconfident
12-27 20:12:33.681 14030 14235 I HSW WakeupEngine: kws2 recognize fail, channel:0, score:0.000000
12-27 20:12:33.681   784 17052 I keystore2: updatekeystore KeyMintDevice update end
12-27 20:12:33.682 14030 14235 I LocalAsrEngine: StopRecognize, 0x75d40dfa18
12-27 20:12:33.682 14030 14235 I TdnnDecoder: stop mDecoderThread join 0
12-27 20:12:33.682 14030 14235 I E2EDecoder: stop mDecoderThread join 0
12-27 20:12:33.682 14030 14235 I TdnnDecoder: stop mDecoderThread join 0
12-27 20:12:33.682 14030 31552 I PhoneDecoderComposite: composite thread exit
12-27 20:12:33.682 14030 14235 I AsrDecoder: clear buffer queue
12-27 20:12:33.683   784 17052 I keystore2: finishkeystore KeyMintDevice finish
12-27 20:12:33.684   740   740 E KeymasterUtils: rsp_header->status: -30
12-27 20:12:33.684   784 17052 I keystore2: finishkeystore KeyMintDevice finish end
12-27 20:12:33.685   784 17052 E keystore2: keystore2::error: In KeystoreOperation::finish
12-27 20:12:33.685   784 17052 E keystore2: 
12-27 20:12:33.685   784 17052 E keystore2: Caused by:
12-27 20:12:33.685   784 17052 E keystore2:     0: In finish: KeyMint::finish failed.
12-27 20:12:33.685   784 17052 E keystore2:     1: Error::Km(ErrorCode(-30))
12-27 20:12:33.685 31526 31595 E VK AesGcmAlg: decrypt,BadPaddingException
12-27 20:12:33.685 31526 31595 I VK AccessTokenManager: decryptPersistent isEmpty
12-27 20:12:33.685 31526 31595 I VK AccessTokenManager: init end, size = 0
12-27 20:12:33.689 14030 14235 I AsrDecoder: clear buffer queue
12-27 20:12:33.689 14030 14235 I GruCpuComputer: GruCpuComputer exit
12-27 20:12:33.689 14030 14235 I AsrDecoder: clear buffer queue
12-27 20:12:33.690 31526 31612 I HwVA FusionActionsManager: init
12-27 20:12:33.698 14030 14235 I KaldiDecoderResource: unload ext Res enter
12-27 20:12:33.698 14030 14235 I KaldiDecoderResource: unload ext Res enter
12-27 20:12:33.698  2044  3013 I sensors-hal: SLPIMonitor:297, is_active=0, ScreenState=3, tsPre=658c14b0
12-27 20:12:33.698  2044  3013 I sensors-hal: SLPIMonitor:300, no need monitor
12-27 20:12:33.698 14030 14235 I KaldiDecoderResource: unload ext Res enter
12-27 20:12:33.698 14030 14235 I KaldiDecoderResource: unload ext Res enter
12-27 20:12:33.698 14030 14235 I MemoryOpt: force to purge dirty memory
12-27 20:12:33.709 14030 14235 I AsrDecoder: clear buffer queue
12-27 20:12:33.709 14030 14235 E FileUtil: real path error: 2
12-27 20:12:33.709 14030 14235 I AsrDecoder: autoQuit flag 1
12-27 20:12:33.709 14030 14235 I AsrDecoder: autoQuit flag 1
12-27 20:12:33.709 14030 14235 I AsrDecoder: autoQuit flag 1
12-27 20:12:33.709 14030 14235 I AsrDecoder: is skip frame 0
12-27 20:12:33.709 14030 14235 I AsrDecoder: is skip frame 0
12-27 20:12:33.709 14030 14235 I AsrDecoder: is skip frame 0
12-27 20:12:33.709 14030 14235 I LocalAsrEngine: set skip frame:0
12-27 20:12:33.709 14030 14235 I LocalAsrEngine: no kws2 run param
12-27 20:12:33.710 31526 31561 I HwVA BootTaskWrapper: BootTask cost: 0ms, taskname: loadVoiceBall threadName: 217216382
12-27 20:12:33.710 31526 31561 W HwVA AppShareKvStorage: [Storage] Try to get allscene.switchdevice without cache
12-27 20:12:33.711 31526 31561 W HwVA AppShareKvStorage: parseLong value is empty
12-27 20:12:33.711 31526 31561 W HwVA AppShareKvStorage: [Storage] Try to get allscene.lowerPriority without cache
12-27 20:12:33.711 31526 31561 W HwVA AppShareKvStorage: parseLong value is empty
12-27 20:12:33.711 31526 31561 I HwVA BootTaskWrapper: BootTask cost: 1ms, taskname: updateDbSettings threadName: 217216382
12-27 20:12:33.712 31526 31619 D HwGalleryCacheManagerImpl: mIsEffect:false
12-27 20:12:33.714 31526 31561 I HwVA BootTaskWrapper: BootTask cost: 3ms, taskname: VoiceTelephoneManagerInit threadName: 209565270
12-27 20:12:33.715 31526 31561 I HwVA BootTaskWrapper: BootTask cost: 1ms, taskname: registerHiCarReceiver threadName: 37151202
12-27 20:12:33.715 31526 31561 I HwVA IaUtils: serviceState:0
12-27 20:12:33.716 31526 31561 I HwVA IaUtils: callAssistantState:0
12-27 20:12:33.716 31526 31561 I HwVA BootTaskWrapper: BootTask cost: 1ms, taskname: checkCallAssistantState threadName: 224737838
12-27 20:12:33.716 31526 31561 I HwVA BootTaskWrapper: BootTask cost: 0ms, taskname: initTipCfg threadName: 36342494
12-27 20:12:33.716 31526 31572 I MediaCodec: MediaCodec stop
12-27 20:12:33.717  5071  5181 I DeviceStateService: event is too short, not process app: com.huawei.vassistant mediacodec action.
12-27 20:12:33.718 31526 31588 I ServiceUtilities: GetPackageNameByUid packages size is 1, packages[0] com.huawei.vassistant, uid(10125)
12-27 20:12:33.718  2003  2230 I Hwmedia_monitor_bigdata: WriteBigData eventId(990942107), mediaCodecId(8550319376646577998), pkgName(com.huawei.vassistant), mime(audio/raw), sampleRate(48000)
12-27 20:12:33.718  2003  2230 I HiView  : Begin report 990942107
12-27 20:12:33.718 31526 31588 D CCodecBufferChannel: [c2.android.vorbis.decoder#389] MediaCodec discarded an unknown buffer
