12-27 20:06:39.812  2106 14218 V BroadcastQueue: Finished with ordered broadcast BroadcastRecord{1210910 u0 com.tencent.mm.TrafficStatsReceiver}
12-27 20:06:39.817  2106 14218 I AlarmManager: set(listener: 2d7502f) : type=3 triggerAtTime=1099560000 win=326238 tElapsed=1099560000 maxElapsed=1099886238 interval=0 flags=0x8 at=+434985ms uid=1000 count=48 callingClass=<bottom of call stack> 
12-27 20:06:39.817  2106  4633 I NetworkStatsCollection: getSummary, uid = 1000stats size = 8
12-27 20:06:39.817  2106  4633 I NetworkStatsCollection: getSummary, uid = 1000stats size = 8
12-27 20:06:39.817  2106  4633 I NetworkStatsCollection: getSummary, uid = 1000stats size = 252
12-27 20:06:39.818  2106 12853 I NetworkStats: openSessionForUsageStats, pid = 14856, pkg = com.tencent.mm
12-27 20:06:39.818  2106 12853 I NetworkStats: openSessionInternal, pid = 14856 pkg = com.tencent.mm
12-27 20:06:39.818  2106  4633 I NetworkStatsCollection: getSummary, uid = 1000stats size = 8
12-27 20:06:39.818  2106  4633 I NetworkStatsCollection: getSummary, uid = 1000stats size = 8
12-27 20:06:39.819  2106  4633 I NetworkStatsCollection: getSummary, uid = 1000stats size = 252
12-27 20:06:39.822  2106  4633 I NetworkStats: callingPid is system 2106
12-27 20:06:39.823  2106 12853 I NetworkStats: performPollLocked, pid = 14856
12-27 20:06:39.824  2106  4633 V BroadcastQueue: Finished with ordered broadcast BroadcastRecord{e3897c2 u0 com.android.server.action.NETWORK_STATS_POLL}
12-27 20:06:39.829  2106 12853 I NetworkStatsCollection: getSummary, uid = 1000stats size = 8
12-27 20:06:39.829  2106 12853 I NetworkStatsCollection: getSummary, uid = 1000stats size = 8
12-27 20:06:39.830  2106 12853 I NetworkStatsCollection: getSummary, uid = 1000stats size = 252
12-27 20:06:39.830  2106 12853 I NetworkStatsCollection: getSummary, uid = 1000stats size = 8
12-27 20:06:39.831  2106 12853 I NetworkStatsCollection: getSummary, uid = 1000stats size = 8
12-27 20:06:39.831  2106 12853 I NetworkStatsCollection: getSummary, uid = 1000stats size = 252
12-27 20:06:39.834  2106  4635 I NetworkStats: History for network, uid = 1000
12-27 20:06:39.835  2106  4635 I NetworkStats: Summary for network, uid = 1000
12-27 20:06:39.838  2106 14218 I NetworkStats: getSummaryForAllUid, uid = 10241
12-27 20:06:39.838  2106 14218 I NetworkStatsCollection: getSummary, uid = 10241stats size = 469
12-27 20:06:39.839  2106 14218 I NetworkStats: openSessionForUsageStats, pid = 14856, pkg = com.tencent.mm
12-27 20:06:39.840  2106 14218 I NetworkStats: getSummaryForAllUid, uid = 10241
12-27 20:06:39.840  2106 14218 I NetworkStatsCollection: getSummary, uid = 10241stats size = 469
12-27 20:06:42.098  5306  5399 I TrafficStatisticsBoosterPlugin: handleMessage, msg = 2
12-27 20:06:45.101  5306  5399 I TrafficStatisticsBoosterPlugin: handleMessage, msg = 2
12-27 20:06:48.101  5306  5399 I TrafficStatisticsBoosterPlugin: handleMessage, msg = 2
12-27 20:06:49.762  2008  3057 I storaged: storaged_t::event: storage_info refreshed.
12-27 20:06:50.701  5306  5306 E BoosterTelephonyCollector: onReceive, event is not valid:2
12-27 20:06:51.103  5306  5399 I TrafficStatisticsBoosterPlugin: handleMessage, msg = 2
12-27 20:06:54.105  5306  5399 I TrafficStatisticsBoosterPlugin: handleMessage, msg = 2
12-27 20:06:55.435  2106 16600 I HwDFRServicesFactory: getZrHungServicesFactory
12-27 20:06:55.435  2106 16600 I ZrHungServicesFactoryImpl: getZRHungService
12-27 20:06:55.444  2106 30516 I DropBoxManagerService: add tag=system_app_wtf isTagEnabled=true flags=0x2
12-27 20:06:55.448  2106 30516 I ActivityManager: before write dropbox time 1703678815444 eventType is wtf dataFile is false
12-27 20:06:57.106  5306  5399 I TrafficStatisticsBoosterPlugin: handleMessage, msg = 2
12-27 20:06:58.987  2106 16600 I NetworkStats: openSessionForUsageStats, pid = 15232, pkg = com.tencent.mm
12-27 20:06:58.987  2106 16600 I NetworkStats: openSessionInternal, pid = 15232 pkg = com.tencent.mm
12-27 20:06:58.989  2106 16600 I NetworkStats: performPollLocked, pid = 15232
12-27 20:06:58.995  2106 16600 I NetworkStatsCollection: getSummary, uid = 1000stats size = 8
12-27 20:06:58.995  2106 16600 I NetworkStatsCollection: getSummary, uid = 1000stats size = 8
12-27 20:06:58.996  2106 16600 I NetworkStatsCollection: getSummary, uid = 1000stats size = 252
12-27 20:06:58.997  2106 16600 I NetworkStatsCollection: getSummary, uid = 1000stats size = 8
12-27 20:06:58.997  2106 16600 I NetworkStatsCollection: getSummary, uid = 1000stats size = 8
12-27 20:06:58.997  2106 16600 I NetworkStatsCollection: getSummary, uid = 1000stats size = 252
12-27 20:06:59.004  2106 16600 I NetworkStats: getSummaryForAllUid, uid = 10241
12-27 20:06:59.004  2106 16600 I NetworkStatsCollection: getSummary, uid = 10241stats size = 469
12-27 20:06:59.006  2106 16600 I NetworkStats: openSessionForUsageStats, pid = 15232, pkg = com.tencent.mm
12-27 20:06:59.007  2106 16600 I NetworkStats: getSummaryForAllUid, uid = 10241
12-27 20:06:59.007  2106 16600 I NetworkStatsCollection: getSummary, uid = 10241stats size = 469
12-27 20:06:59.087  2106 16600 I NetworkStats: openSessionForUsageStats, pid = 15232, pkg = com.tencent.mm
12-27 20:06:59.089  2106 16600 I NetworkStats: getSummaryForAllUid, uid = 10241
12-27 20:06:59.089  2106 16600 I NetworkStatsCollection: getSummary, uid = 10241stats size = 469
12-27 20:06:59.091  2106 16600 I NetworkStats: openSessionForUsageStats, pid = 15232, pkg = com.tencent.mm
12-27 20:06:59.092  2106 16600 I NetworkStats: getSummaryForAllUid, uid = 10241
12-27 20:06:59.092  2106 16600 I NetworkStatsCollection: getSummary, uid = 10241stats size = 469
12-27 20:06:59.176  2106 14218 I NetworkStats: openSessionForUsageStats, pid = 14856, pkg = com.tencent.mm
12-27 20:06:59.182  2106 14218 I NetworkStats: getSummaryForAllUid, uid = 10241
12-27 20:06:59.182  2106 14218 I NetworkStatsCollection: getSummary, uid = 10241stats size = 469
12-27 20:06:59.188  2106 14218 I NetworkStats: openSessionForUsageStats, pid = 14856, pkg = com.tencent.mm
12-27 20:06:59.191  2106 14218 I NetworkStats: getSummaryForAllUid, uid = 10241
12-27 20:06:59.191  2106 14218 I NetworkStatsCollection: getSummary, uid = 10241stats size = 469
12-27 20:06:59.956  2106 14218 I PowerManagerService: getPowerHidlValue scene: vbat
12-27 20:06:59.963  2106 14218 I PowerManagerService: nativeRtGetPowerHidlValue: 3839000
12-27 20:07:00.003  2106  3146 I AlarmManager: set(listener: 1a26859) : type=3 triggerAtTime=1099205199 win=0 tElapsed=1099205199 maxElapsed=1099205199 interval=0 flags=0x9 at=+59998ms uid=1000 count=49 callingClass=com.android.server.alarm.AlarmManagerService$AlarmThread.run:4854 
12-27 20:07:00.107  5306  5399 I TrafficStatisticsBoosterPlugin: handleMessage, msg = 2
12-27 20:07:01.090  2106 14218 I AlarmManager: set(PendingIntent{f8523b: PendingIntentRecord{73a6628 android broadcastIntent}}) : type=0 triggerAtTime=1703678851089 win=0 tElapsed=1099176288 maxElapsed=1099176288 interval=0 flags=0x9 at=+29999ms uid=1000 count=49 callingClass=<bottom of call stack> 
12-27 20:07:01.092  2106 14218 I HwAlarmManagerService: hwSetRtcAlarm start
12-27 20:07:01.156  2106 20475 I AlarmManager: remove Alarm{a834eb1 type 0 origWhen 1703678851089 whenElapsed 1099176288 PendingIntent{f8523b: PendingIntentRecord{73a6628 android broadcastIntent}} android procName com.huawei.android.pushagent.PushService} according to PendingIntent: 76b2d58 by reason: 1
12-27 20:07:01.161  2106 20475 I AlarmManager: set(PendingIntent{9c89f96: PendingIntentRecord{28abdc8 android broadcastIntent}}) : type=1 triggerAtTime=1703680021160 win=899999 tElapsed=1100346358 maxElapsed=1101246357 interval=0 flags=0x8 at=+1199999ms uid=1000 count=49 callingClass=<bottom of call stack> 
12-27 20:07:01.162  2106 20475 I AlarmManager: remove Alarm{f0fd717 type 1 origWhen 1703679659685 whenElapsed 1099984883 PendingIntent{1bb2f07: PendingIntentRecord{28abdc8 android broadcastIntent}} android procName com.huawei.android.pushagent.PushService} according to PendingIntent: 9c89f96 by reason: 6
12-27 20:07:03.108  5306  5399 I TrafficStatisticsBoosterPlugin: handleMessage, msg = 2
12-27 20:07:03.944  2106 20475 I NetworkStats: openSessionForUsageStats, pid = 15232, pkg = com.tencent.mm
12-27 20:07:03.944  2106 14218 I NetworkStats: openSessionForUsageStats, pid = 15232, pkg = com.tencent.mm
12-27 20:07:03.949  2106 20475 I NetworkStats: getSummaryForAllUid, uid = 10241
12-27 20:07:03.963  2106 14218 I NetworkStats: getSummaryForAllUid, uid = 10241
12-27 20:07:03.990  2106 20475 I NetworkStatsCollection: getSummary, uid = 10241stats size = 469
12-27 20:07:03.990  2106 14218 I NetworkStatsCollection: getSummary, uid = 10241stats size = 469
12-27 20:07:03.992  2106 14218 I NetworkStats: openSessionForUsageStats, pid = 15232, pkg = com.tencent.mm
12-27 20:07:03.994  2106 20475 I NetworkStats: openSessionForUsageStats, pid = 15232, pkg = com.tencent.mm
12-27 20:07:03.994  2106 14218 I NetworkStats: getSummaryForAllUid, uid = 10241
12-27 20:07:03.994  2106 14218 I NetworkStatsCollection: getSummary, uid = 10241stats size = 469
12-27 20:07:03.996  2106 14218 I NetworkStats: getSummaryForAllUid, uid = 10241
12-27 20:07:03.996  2106 14218 I NetworkStatsCollection: getSummary, uid = 10241stats size = 469
12-27 20:07:04.182  2106 20475 I HwActivityManagerServiceEx: provider is prevented for not-prevent
12-27 20:07:04.182  2106 20475 I ContentProviderHelper: Need to start process com.huawei.hiskytone for provider ContentProviderInfo{name=com.huawei.hiskytone.provider.DataProvider className=com.huawei.hiskytone.provider.DataProvider}, callerApp: ProcessRecord{3922f9a 20606:com.huawei.skytone/1001}
12-27 20:07:04.182  2106 20475 V ActivityManager: startProcess: name=com.huawei.hiskytone app=null knownToBeDead=false thread=null pid=-1 preloadStatus=-1
12-27 20:07:04.182  2106  2905 I UsageStatsService: Time changed in by -33 seconds
12-27 20:07:04.183  2106 20475 I ActivityManager: com.huawei.hiskytone is exempt from freezer
12-27 20:07:04.183  2106 20475 D CompatibilityChangeReporter: Compat change id reported: 135634846; UID 10176; state: DISABLED
12-27 20:07:04.184  2106 20475 D CompatibilityChangeReporter: Compat change id reported: 177438394; UID 10176; state: DISABLED
12-27 20:07:04.184  2106 20475 D CompatibilityChangeReporter: Compat change id reported: 135772972; UID 10176; state: DISABLED
12-27 20:07:04.184  2106 20475 D CompatibilityChangeReporter: Compat change id reported: 135754954; UID 10176; state: ENABLED
12-27 20:07:04.184  2106 20475 I ContentProviderHelper: Successfully start provider ContentProviderRecord{a8889a3 u0 com.huawei.hiskytone/.provider.DataProvider} launchingApp=ProcessRecord{260920f 0:com.huawei.hiskytone/u0a176} caller pid= 20606
12-27 20:07:04.184  2106  2913 D CompatibilityChangeReporter: Compat change id reported: 143937733; UID 10176; state: ENABLED
12-27 20:07:04.184  2106  2913 W ActivityManager: Unknown package:com.google.android.gms
12-27 20:07:04.184  2106  2913 W ActivityManager: Unknown package:com.huawei.hwid.tv
12-27 20:07:04.184  2106  2913 W ActivityManager: Unknown package:com.huawei.hms
12-27 20:07:04.198  2106  2913 I ActivityManager: Start proc 30532:com.huawei.hiskytone/u0a176 for content provider {com.huawei.hiskytone/com.huawei.hiskytone.provider.DataProvider}
12-27 20:07:04.233 30532 30532 I AndroidRuntime: RuntimeInit: Starting application from zygote
12-27 20:07:04.233 30532 30532 D AndroidRuntime: Entered RuntimeInit!
12-27 20:07:04.236 30532 30532 I AndroidRuntime: MethodAndArgsCaller run()
12-27 20:07:04.240 30532 30532 D ActivityThread: Attach thread to application
12-27 20:07:04.242  2106 15980 D CompatibilityChangeReporter: Compat change id reported: 168419799; UID 10176; state: DISABLED
12-27 20:07:04.260 30532 30532 I LoadedApk: makePaths: outLibPaths=[/data/app/~~jjV-lqJd7GH-OTA3bw8Pcw==/com.huawei.hiskytone-VvBKMcGAY0JJ2jTl6O7D2Q==/lib/arm64, /data/app/~~jjV-lqJd7GH-OTA3bw8Pcw==/com.huawei.hiskytone-VvBKMcGAY0JJ2jTl6O7D2Q==/base.apk!/lib/arm64-v8a, /system/lib64:/system/system_ext/lib64:/hw_product/lib64:/system/lib64/module/multimedia]
12-27 20:07:04.261 30532 30532 I LoadedApk: createSharedLibrariesLoaders::sharedLibraries is [SharedLibraryInfo{name:org.apache.http.legacy, type:builtin, version:-1}]
12-27 20:07:04.261 30532 30532 I LoadedApk: createSharedLibrariesLoaders::sharedLibraries is null
12-27 20:07:04.280 30532 30547 I ActivityThread: Init compatible state: false
12-27 20:07:04.469  2106 20475 I ContentProviderHelper: publishContentProviders app: ProcessRecord{260920f 30532:com.huawei.hiskytone/u0a176}, providers.size: 11
12-27 20:07:04.559  2106 20475 I HwActivityManagerServiceEx: provider is prevented for not-prevent
12-27 20:07:04.562  2106 20475 I ContentProviderHelper: Successfully start provider ContentProviderRecord{5d9eefc u0 com.huawei.skytone/com.huawei.android.vsim.cache.database.ProductProvider} launchingApp=null caller pid= 30532
12-27 20:07:04.562  2106 14218 I HwActivityManagerServiceEx: provider is prevented for not-prevent
12-27 20:07:04.564  2106 14218 I ContentProviderHelper: Successfully start provider ContentProviderRecord{97ae04 u0 com.huawei.hwid/com.huawei.hms.dynamic.module.manager.query.ModuleQueryProvider} launchingApp=null caller pid= 30532
12-27 20:07:04.564  2106 20475 I HwActivityManagerServiceEx: provider is prevented for not-prevent
12-27 20:07:04.564  2106 20475 I ContentProviderHelper: Successfully start provider ContentProviderRecord{5d9eefc u0 com.huawei.skytone/com.huawei.android.vsim.cache.database.ProductProvider} launchingApp=null caller pid= 30532
12-27 20:07:04.574  2106 20475 I HwActivityManagerServiceEx: provider is prevented for not-prevent
12-27 20:07:04.576  2106 20475 I ContentProviderHelper: Successfully start provider ContentProviderRecord{a8c7fc5 u0 com.huawei.skytone/com.huawei.android.vsim.hive.provider.ProcessMainProvider} launchingApp=null caller pid= 30387
12-27 20:07:04.582  2106 14218 E PackageDexUsage: Unsupported context?
12-27 20:07:04.608  2106  2912 W BroadcastQueue: Permission Denial: broadcasting Intent { act=android.intent.action.SIM_STATE_CHANGED flg=0x5000010 hwFlg=0x80000000 (has extras) } from null (pid=-1, uid=-1) requires com.huawei.skytone.permission.VSIM_BUSSINESS due to registered receiver BroadcastFilter{166c300 10176/u0 ReceiverList{a039583 30532 com.huawei.hiskytone/10176/u0 remote:fcbe432}}
12-27 20:07:04.634 30532 30574 I PackageParsing: com.huawei.hms.networkkit, target sdk: 33
12-27 20:07:04.640 30532 30574 I PackageImpl: toAppInfoWithoutStateWithoutFlags storageUuid is null for com.huawei.hms.networkkit
12-27 20:07:04.664 30532 30532 I ActivityThread: finishPreloaded preloadStatus 0
12-27 20:07:04.668  2106 14218 E PackageDexUsage: Unsupported context?
12-27 20:07:04.691  2106 14218 I HwActivityManagerServiceEx: provider is prevented for not-prevent
12-27 20:07:04.692  2106 14218 I ContentProviderHelper: Successfully start provider ContentProviderRecord{89d0af0 u0 com.android.providers.settings/.hwext.HwSettingsProvider} launchingApp=null caller pid= 30532
12-27 20:07:05.708  5306  5306 E BoosterTelephonyCollector: onReceive, event is not valid:2
12-27 20:07:05.790  2106 20475 I HwActivityManagerServiceEx: provider is prevented for not-prevent
12-27 20:07:05.793  2106 20475 I ContentProviderHelper: Successfully start provider ContentProviderRecord{c24adce u0 com.huawei.skytone/com.huawei.android.vsim.hive.provider.ProcessServiceProvider} launchingApp=ProcessRecord{5a52c9 30387:com.huawei.skytone:service/1001} caller pid= 20606
12-27 20:07:06.109  5306  5399 I TrafficStatisticsBoosterPlugin: handleMessage, msg = 2
12-27 20:07:06.109  2106 20475 I HwActivityManagerServiceEx: provider is prevented for not-prevent
12-27 20:07:06.114  2106 20475 I ContentProviderHelper: Successfully start provider ContentProviderRecord{a8c7fc5 u0 com.huawei.skytone/com.huawei.android.vsim.hive.provider.ProcessMainProvider} launchingApp=null caller pid= 30387
12-27 20:07:09.112  5306  5399 I TrafficStatisticsBoosterPlugin: handleMessage, msg = 2
12-27 20:07:12.114  5306  5399 I TrafficStatisticsBoosterPlugin: handleMessage, msg = 2
12-27 20:07:14.297  2106 14218 V BroadcastQueue: Finished with ordered broadcast BroadcastRecord{be817c4 u0 com.tencent.mm.plugin.report.service.KVCommCrossProcessReceiver}
12-27 20:07:15.116  5306  5399 I TrafficStatisticsBoosterPlugin: handleMessage, msg = 2
12-27 20:07:18.116  5306  5399 I TrafficStatisticsBoosterPlugin: handleMessage, msg = 2
12-27 20:07:18.525  2106 16600 I HwDFRServicesFactory: getZrHungServicesFactory
12-27 20:07:18.525  2106 16600 I ZrHungServicesFactoryImpl: getZRHungService
12-27 20:07:18.534  2106 30604 I DropBoxManagerService: add tag=system_app_wtf isTagEnabled=true flags=0x2
12-27 20:07:18.538  2106 30604 I ActivityManager: before write dropbox time 1703678838534 eventType is wtf dataFile is false
12-27 20:07:21.119  5306  5399 I TrafficStatisticsBoosterPlugin: handleMessage, msg = 2
12-27 20:07:22.709  5306  5306 E BoosterTelephonyCollector: onReceive, event is not valid:2
12-27 20:07:24.120  5306  5399 I TrafficStatisticsBoosterPlugin: handleMessage, msg = 2
12-27 20:07:27.124  5306  5399 I TrafficStatisticsBoosterPlugin: handleMessage, msg = 2
12-27 20:07:29.988  2106 15980 I PowerManagerService: setPowerHidlValue scene: batt_status, value: 0
12-27 20:07:29.993  2106 15980 I PowerManagerService: setPowerHidlValue ret: 1
12-27 20:07:29.999  2106 15980 I PowerManagerService: getPowerHidlValue scene: vbat
12-27 20:07:30.003  2106 15980 I PowerManagerService: nativeRtGetPowerHidlValue: 3838000
12-27 20:07:30.126  5306  5399 I TrafficStatisticsBoosterPlugin: handleMessage, msg = 2
12-27 20:07:30.613  2106 11283 I UsageStatsService: User[0] Results: 1
12-27 20:07:33.129  5306  5399 I TrafficStatisticsBoosterPlugin: handleMessage, msg = 2
12-27 20:07:36.130  5306  5399 I TrafficStatisticsBoosterPlugin: handleMessage, msg = 2
12-27 20:07:38.723  5306  5306 E BoosterTelephonyCollector: onReceive, event is not valid:2
12-27 20:07:38.951  2106  6656 I BatteryService: Processing new values: info={.chargerAcOnline = false, .chargerUsbOnline = true, .chargerWirelessOnline = false, .maxChargingCurrent = 900000, .maxChargingVoltage = 5000000, .batteryStatus = CHARGING, .batteryHealth = GOOD, .batteryPresent = true, .batteryLevel = 47, .batteryVoltage = 3838, .batteryTemperature = 240, .batteryCurrent = 286, .batteryCycleCount = 9, .batteryFullCharge = 3990000, .batteryChargeCounter = 1835400, .batteryTechnology = Unknown}, mBatteryLevelCritical=false, mPlugType=2, batteryStatus=2
12-27 20:07:38.951  2106  6656 E BatteryService: no autopoweroff in settings
12-27 20:07:39.131  5306  5399 I TrafficStatisticsBoosterPlugin: handleMessage, msg = 2
12-27 20:07:41.654  2106 15980 I HwDFRServicesFactory: getZrHungServicesFactory
12-27 20:07:41.654  2106 15980 I ZrHungServicesFactoryImpl: getZRHungService
12-27 20:07:41.668  2106 30608 I DropBoxManagerService: add tag=system_app_wtf isTagEnabled=true flags=0x2
12-27 20:07:41.671  2106 30608 I ActivityManager: before write dropbox time 1703678861667 eventType is wtf dataFile is false
12-27 20:07:42.133  5306  5399 I TrafficStatisticsBoosterPlugin: handleMessage, msg = 2
12-27 20:07:42.985  2106 15980 I ActivityManager: Killing 28693:com.android.incallui/1001 (adj 995): empty for 1813s
12-27 20:07:43.044  2106 20475 I ActivityManager: appDiedLocked: pid=28693, app=ProcessRecord{b3388f8 28693:com.android.incallui/1001}, fromBinderDied=true, reason=null
12-27 20:07:43.045  2106  4669 W HwAudioServiceEx: SoundEffectState bundle get reserved is invalid
12-27 20:07:43.045  2106 20475 D ActivityManager: cleanUpApplicationRecord app: 28693:com.android.incallui/1001, bad: false, restarting: false, allowRestart: true
12-27 20:07:43.045  2106  2907 I HwPowerManagerService: appdie release wakelock, pid = 28693, uid = 1001
12-27 20:07:43.045  2106  4669 I HwAudioServiceEx: sendAppKilledIntentForKit, isKitPackageOnPause = false, isKitPackageKill = false, isKitPackageOnResume = false
12-27 20:07:43.050  2106 20475 I ActivityManager: Killing 24045:com.huawei.ohos.suggestion/u0a27 (adj 935): emptyEx #9
12-27 20:07:43.051  2106 20475 I ActivityManager: Killing 27991:com.huawei.calendar/u0a33 (adj 935): emptyEx #10
12-27 20:07:43.054  2106  2894 W ActivityManager: setHasOverlayUi called on unknown pid: 28693
12-27 20:07:43.093  2106  3120 I ActivityManager: appDiedLocked: pid=24045, app=ProcessRecord{88049f6 24045:com.huawei.ohos.suggestion/u0a27}, fromBinderDied=true, reason=null
12-27 20:07:43.094  2106  3120 D ActivityManager: cleanUpApplicationRecord app: 24045:com.huawei.ohos.suggestion/u0a27, bad: false, restarting: false, allowRestart: true
12-27 20:07:43.094  2106  4669 W HwAudioServiceEx: SoundEffectState bundle get reserved is invalid
12-27 20:07:43.094  2106  4669 I HwAudioServiceEx: sendAppKilledIntentForKit, isKitPackageOnPause = false, isKitPackageKill = false, isKitPackageOnResume = false
12-27 20:07:43.095  2106  2907 I HwPowerManagerService: appdie release wakelock, pid = 24045, uid = 10027
12-27 20:07:43.101  2106 20475 I ActivityManager: appDiedLocked: pid=27991, app=ProcessRecord{3017672 27991:com.huawei.calendar/u0a33}, fromBinderDied=true, reason=null
12-27 20:07:43.101  2106 20475 D ActivityManager: cleanUpApplicationRecord app: 27991:com.huawei.calendar/u0a33, bad: false, restarting: false, allowRestart: true
12-27 20:07:43.101  2106  4669 W HwAudioServiceEx: SoundEffectState bundle get reserved is invalid
12-27 20:07:43.101  2106  4669 I HwAudioServiceEx: sendAppKilledIntentForKit, isKitPackageOnPause = false, isKitPackageKill = false, isKitPackageOnResume = false
12-27 20:07:43.101  2106  2907 I HwPowerManagerService: appdie release wakelock, pid = 27991, uid = 10033
12-27 20:07:45.135  5306  5399 I TrafficStatisticsBoosterPlugin: handleMessage, msg = 2
12-27 20:07:48.137  5306  5399 I TrafficStatisticsBoosterPlugin: handleMessage, msg = 2
12-27 20:07:49.771  2008  3057 I storaged: storaged_t::event: storage_info refreshed.
12-27 20:07:51.140  5306  5399 I TrafficStatisticsBoosterPlugin: handleMessage, msg = 2
12-27 20:07:52.883  2106  6204 I HwActivityManagerServiceEx: provider is prevented for not-prevent
12-27 20:07:52.886  2106  6204 I ContentProviderHelper: Successfully start provider ContentProviderRecord{c24adce u0 com.huawei.skytone/com.huawei.android.vsim.hive.provider.ProcessServiceProvider} launchingApp=ProcessRecord{5a52c9 30387:com.huawei.skytone:service/1001} caller pid= 20606
12-27 20:07:53.129  2106 20475 I ActivityManager: Killing 29531:com.huawei.appmarket:fadispatcher/u0a35 (adj 925): emptyEx #9
12-27 20:07:53.162  2106 22843 I ActivityManager: appDiedLocked: pid=29531, app=ProcessRecord{94a944c 29531:com.huawei.appmarket:fadispatcher/u0a35}, fromBinderDied=true, reason=null
12-27 20:07:53.163  2106 22843 D ActivityManager: cleanUpApplicationRecord app: 29531:com.huawei.appmarket:fadispatcher/u0a35, bad: false, restarting: false, allowRestart: true
12-27 20:07:53.164  2106  4669 W HwAudioServiceEx: SoundEffectState bundle get reserved is invalid
12-27 20:07:53.164  2106  4669 I HwAudioServiceEx: sendAppKilledIntentForKit, isKitPackageOnPause = false, isKitPackageKill = false, isKitPackageOnResume = false
12-27 20:07:53.164  2106  2907 I HwPowerManagerService: appdie release wakelock, pid = 29531, uid = 10035
12-27 20:07:53.500  2106  5135 I HwActivityManagerServiceEx: provider is prevented for not-prevent
12-27 20:07:53.503  2106  5135 I ContentProviderHelper: Successfully start provider ContentProviderRecord{a8c7fc5 u0 com.huawei.skytone/com.huawei.android.vsim.hive.provider.ProcessMainProvider} launchingApp=null caller pid= 30387
12-27 20:07:53.509  2106 22843 D CompatibilityChangeReporter: Compat change id reported: 171306433; UID 1001; state: DISABLED
12-27 20:07:53.509  2106 22843 I AlarmManager: set(listener: 6985c78) : type=1 triggerAtTime=1703679773509 win=0 tElapsed=1100098708 maxElapsed=1100098708 interval=0 flags=0x9 at=+900000ms uid=1001 count=2
12-27 20:07:53.515  2106  5135 I AlarmManager: remove Alarm{3ea33b6 type 1 origWhen 1703679773509 whenElapsed 1100098708 listener 6985c78 com.huawei.skytone com.huawei.skytone procName com.huawei.skytone} according to listener: 7dc1f51 by reason: 1
12-27 20:07:54.142  5306  5399 I TrafficStatisticsBoosterPlugin: handleMessage, msg = 2
12-27 20:07:54.733  5306  5306 E BoosterTelephonyCollector: onReceive, event is not valid:2
12-27 20:07:55.284  2106  3146 I ActivityManager: sendIntentSender target:PendingIntentRecord{9fa6ee9 android broadcastIntent}, intent:flg=0x4 hwFlg=0x810
12-27 20:07:55.299  2106 22843 V BroadcastQueue: Finished with ordered broadcast BroadcastRecord{732c824 u0 com.huawei.push.alarm.HEARTBEAT}
12-27 20:07:55.304  2106 22843 I AlarmManager: set(PendingIntent{9725f8d: PendingIntentRecord{3ac099 android broadcastIntent}}) : type=0 triggerAtTime=1703678885302 win=0 tElapsed=1099210500 maxElapsed=1099210500 interval=0 flags=0x9 at=+9998ms uid=1000 count=48 callingClass=<bottom of call stack> 
12-27 20:07:55.305  2106 22843 I HwAlarmManagerService: hwSetRtcAlarm start
12-27 20:07:55.376  2106  5135 I AlarmManager: remove Alarm{ae64290 type 0 origWhen 1703678885302 whenElapsed 1099210500 PendingIntent{9725f8d: PendingIntentRecord{3ac099 android broadcastIntent}} android procName com.huawei.android.pushagent.PushService} according to PendingIntent: 27a1953 by reason: 1
12-27 20:07:55.380  2106  5135 I AlarmManager: set(PendingIntent{7b26789: PendingIntentRecord{9fa6ee9 android broadcastIntent}}) : type=0 triggerAtTime=1703679055378 win=0 tElapsed=1099380577 maxElapsed=1099380577 interval=0 flags=0x9 at=+179999ms uid=1000 count=48 callingClass=<bottom of call stack> 
12-27 20:07:55.382  2106  5135 I HwAlarmManagerService: hwSetRtcAlarm start
12-27 20:07:55.927  2106  3146 I ActivityManager: sendIntentSender target:PendingIntentRecord{8e98232 com.huawei.nearby broadcastIntent}, intent:flg=0x4 hwFlg=0x810
12-27 20:07:55.941  2106 22843 I AlarmManager: set(PendingIntent{a14f7bc: PendingIntentRecord{8e98232 com.huawei.nearby broadcastIntent}}) : type=3 triggerAtTime=1099501138 win=0 tElapsed=1099501138 maxElapsed=1099501138 interval=0 flags=0x9 at=+299998ms uid=5525 count=0
12-27 20:07:55.942  2106  5135 V BroadcastQueue: Finished with ordered broadcast BroadcastRecord{502f7af u0 DeviceMonitorService.MonitorStrategy.NormalAlarm}
12-27 20:07:56.204  2106  5135 I HwActivityManagerServiceEx: provider is prevented for not-prevent
12-27 20:07:56.209  2106  5135 I ContentProviderHelper: Successfully start provider ContentProviderRecord{a8c7fc5 u0 com.huawei.skytone/com.huawei.android.vsim.hive.provider.ProcessMainProvider} launchingApp=null caller pid= 30387
12-27 20:07:56.289  2106 22843 I HwActivityManagerServiceEx: provider is prevented for not-prevent
12-27 20:07:56.294  2106 22843 I ContentProviderHelper: Successfully start provider ContentProviderRecord{c24adce u0 com.huawei.skytone/com.huawei.android.vsim.hive.provider.ProcessServiceProvider} launchingApp=ProcessRecord{5a52c9 30387:com.huawei.skytone:service/1001} caller pid= 20606
12-27 20:07:57.145  5306  5399 I TrafficStatisticsBoosterPlugin: handleMessage, msg = 2
12-27 20:07:59.203  2106 22843 I NetworkStats: openSessionForUsageStats, pid = 14856, pkg = com.tencent.mm
12-27 20:07:59.203  2106 22843 I NetworkStats: openSessionInternal, pid = 14856 pkg = com.tencent.mm
12-27 20:07:59.207  2106 22843 I NetworkStats: performPollLocked, pid = 14856
12-27 20:07:59.219  2106 22843 I NetworkStatsCollection: getSummary, uid = 1000stats size = 8
12-27 20:07:59.220  2106 22843 I NetworkStatsCollection: getSummary, uid = 1000stats size = 8
12-27 20:07:59.220  2106 22843 I NetworkStatsCollection: getSummary, uid = 1000stats size = 252
12-27 20:07:59.222  2106 22843 I NetworkStatsCollection: getSummary, uid = 1000stats size = 8
12-27 20:07:59.223  2106 22843 I NetworkStatsCollection: getSummary, uid = 1000stats size = 8
12-27 20:07:59.223  2106 22843 I NetworkStatsCollection: getSummary, uid = 1000stats size = 252
12-27 20:07:59.233  2106 22843 I NetworkStats: getSummaryForAllUid, uid = 10241
12-27 20:07:59.233  2106 22843 I NetworkStatsCollection: getSummary, uid = 10241stats size = 469
12-27 20:07:59.235  2106 20475 I NetworkStats: openSessionForUsageStats, pid = 14856, pkg = com.tencent.mm
12-27 20:07:59.238  2106 20475 I NetworkStats: getSummaryForAllUid, uid = 10241
12-27 20:07:59.238  2106 20475 I NetworkStatsCollection: getSummary, uid = 10241stats size = 469
12-27 20:08:00.006  2106  3146 I AlarmManager: set(listener: 1a26859) : type=3 triggerAtTime=1099265199 win=0 tElapsed=1099265199 maxElapsed=1099265199 interval=0 flags=0x9 at=+59995ms uid=1000 count=49 callingClass=com.android.server.alarm.AlarmManagerService$AlarmThread.run:4854 
12-27 20:08:00.033  2106 20475 I PowerManagerService: getPowerHidlValue scene: vbat
12-27 20:08:00.037  2106 20475 I PowerManagerService: nativeRtGetPowerHidlValue: 3840000
12-27 20:08:00.147  5306  5399 I TrafficStatisticsBoosterPlugin: handleMessage, msg = 2
12-27 20:08:01.030  2106 20475 I AlarmManager: set(PendingIntent{b927ec1: PendingIntentRecord{a44f666 com.huawei.systemmanager broadcastIntent}}) : type=1 triggerAtTime=1703679061029 win=134999 tElapsed=1099386227 maxElapsed=1099521226 interval=0 flags=0x8 at=+179999ms uid=1000 count=49 callingClass=<bottom of call stack> 
12-27 20:08:01.032  2106 22843 D CompatibilityChangeReporter: Compat change id reported: 124107808; UID 1001; state: DISABLED
12-27 20:08:01.032  2106 22843 D CompatibilityChangeReporter: Compat change id reported: 124107808; UID 1001; state: ENABLED
12-27 20:08:01.640  5254 16823 W ContextImpl: Calling a method in the system process without a qualified user: android.app.ContextImpl.sendBroadcast:1328 android.content.ContextWrapper.sendBroadcast:484 tmsdkobf.tb.a:96 tmsdkobf.tb.a:71 tmsdkobf.tb.a:51 
12-27 20:08:01.645  5254 16823 W ContextImpl: Calling a method in the system process without a qualified user: android.app.ContextImpl.sendBroadcast:1328 android.content.ContextWrapper.sendBroadcast:484 tmsdkobf.cc.a:122 tmsdkobf.cc$e.a:7 tmsdkobf.cc$g.a:59 
12-27 20:08:03.150  5306  5399 I TrafficStatisticsBoosterPlugin: handleMessage, msg = 2
12-27 20:08:03.407  2106  3146 I ActivityManager: sendIntentSender target:PendingIntentRecord{8440a71 com.tencent.mm broadcastIntent}, intent:flg=0x4 hwFlg=0x810
12-27 20:08:03.432  2106 20475 W ProcBatteryStats: timer is running , not start, name: com.tencent.mm, uid: 10241, tag: PlatformComm
12-27 20:08:03.436  2106 22843 W ProcBatteryStats: timer is running , not start, name: com.tencent.mm, uid: 10241, tag: PlatformComm
12-27 20:08:03.439  2106 22843 I AlarmManager: set(PendingIntent{f63c7ec: PendingIntentRecord{ee37b5 com.tencent.mm broadcastIntent}}) : type=2 triggerAtTime=1099216632 win=0 tElapsed=1099216632 maxElapsed=1099216632 interval=0 flags=0x9 at=+7995ms uid=10241 count=2
12-27 20:08:03.441  2106 22843 V BroadcastQueue: Finished with ordered broadcast BroadcastRecord{d8bfd43 u0 ALARM_ACTION(10000)}
12-27 20:08:03.449  2106 22843 I AlarmManager: set(PendingIntent{5650e4a: PendingIntentRecord{d9dd1bb com.tencent.mm broadcastIntent}}) : type=2 triggerAtTime=1099418645 win=0 tElapsed=1099418645 maxElapsed=1099418645 interval=0 flags=0x9 at=+209998ms uid=10241 count=3
12-27 20:08:03.452  2106 20475 I AlarmManager: remove Alarm{8179a31 type 2 origWhen 1099418645 whenElapsed 1099418645 PendingIntent{5650e4a: PendingIntentRecord{d9dd1bb com.tencent.mm broadcastIntent}} com.tencent.mm procName com.tencent.mm:push} according to PendingIntent: 3bb76d8 by reason: 1
12-27 20:08:03.455  2106 20475 I AlarmManager: set(PendingIntent{5edc516: PendingIntentRecord{d4dce97 com.tencent.mm broadcastIntent}}) : type=2 triggerAtTime=1099418652 win=0 tElapsed=1099418652 maxElapsed=1099418652 interval=0 flags=0x9 at=+209998ms uid=10241 count=3
12-27 20:08:03.484  2106 20475 I AlarmManager: remove Alarm{9aa86d type 2 origWhen 1099216632 whenElapsed 1099216632 PendingIntent{f63c7ec: PendingIntentRecord{ee37b5 com.tencent.mm broadcastIntent}} com.tencent.mm procName com.tencent.mm:push} according to PendingIntent: edd2884 by reason: 1
12-27 20:08:03.959  2106 20475 I NetworkStats: openSessionForUsageStats, pid = 15232, pkg = com.tencent.mm
12-27 20:08:03.964  2106 22843 I NetworkStats: getSummaryForAllUid, uid = 10241
12-27 20:08:03.964  2106 22843 I NetworkStatsCollection: getSummary, uid = 10241stats size = 469
12-27 20:08:03.967  2106 22843 I NetworkStats: openSessionForUsageStats, pid = 15232, pkg = com.tencent.mm
12-27 20:08:03.969  2106 22843 I NetworkStats: getSummaryForAllUid, uid = 10241
12-27 20:08:03.969  2106 22843 I NetworkStatsCollection: getSummary, uid = 10241stats size = 469
12-27 20:08:04.241  2106  5220 E ActivityManager: Try to startService, serviceRecord:processName: com.huawei.systemmanager:service; pkgName: com.huawei.systemmanager
12-27 20:08:04.464  2106 22843 W ProcBatteryStats: timer is not running , not stop, name: com.tencent.mm, uid: 10241, tag: PlatformComm
12-27 20:08:04.466  2106 22843 W ProcBatteryStats: timer is not running , not stop, name: com.tencent.mm, uid: 10241, tag: PlatformComm
12-27 20:08:04.737  2106 22843 I HwDFRServicesFactory: getZrHungServicesFactory
12-27 20:08:04.737  2106 22843 I ZrHungServicesFactoryImpl: getZRHungService
12-27 20:08:04.743  2106 30645 I DropBoxManagerService: add tag=system_app_wtf isTagEnabled=true flags=0x2
12-27 20:08:04.745  2106 30645 I ActivityManager: before write dropbox time 1703678884743 eventType is wtf dataFile is false
12-27 20:08:06.150  5306  5399 I TrafficStatisticsBoosterPlugin: handleMessage, msg = 2
12-27 20:08:06.244  2106 20475 I AlarmManager: remove Alarm{19dbab4 type 1 origWhen 1703679061029 whenElapsed 1099386227 PendingIntent{b927ec1: PendingIntentRecord{a44f666 com.huawei.systemmanager broadcastIntent}} com.huawei.systemmanager procName com.huawei.systemmanager:service} according to PendingIntent: e298b87 by reason: 1
12-27 20:08:06.250  2106 20475 I AlarmManager: set(PendingIntent{3f6b3d9: PendingIntentRecord{a44f666 com.huawei.systemmanager broadcastIntent}}) : type=1 triggerAtTime=1703679066249 win=135000 tElapsed=1099391448 maxElapsed=1099526448 interval=0 flags=0x8 at=+180000ms uid=1000 count=49 callingClass=<bottom of call stack> 
12-27 20:08:09.154  5306  5399 I TrafficStatisticsBoosterPlugin: handleMessage, msg = 2
12-27 20:08:10.731  5306  5306 E BoosterTelephonyCollector: onReceive, event is not valid:2
12-27 20:08:12.157  5306  5399 I TrafficStatisticsBoosterPlugin: handleMessage, msg = 2
12-27 20:08:13.476  2106 20475 V BroadcastQueue: Finished with ordered broadcast BroadcastRecord{dace19e u0 com.tencent.mm.plugin.report.service.KVCommCrossProcessReceiver}
12-27 20:08:15.160  5306  5399 I TrafficStatisticsBoosterPlugin: handleMessage, msg = 2
12-27 20:08:18.162  5306  5399 I TrafficStatisticsBoosterPlugin: handleMessage, msg = 2
12-27 20:08:21.165  5306  5399 I TrafficStatisticsBoosterPlugin: handleMessage, msg = 2
12-27 20:08:24.167  5306  5399 I TrafficStatisticsBoosterPlugin: handleMessage, msg = 2
12-27 20:08:25.746  5306  5306 E BoosterTelephonyCollector: onReceive, event is not valid:2
12-27 20:08:27.169  5306  5399 I TrafficStatisticsBoosterPlugin: handleMessage, msg = 2
12-27 20:08:27.799  2106  5135 I HwDFRServicesFactory: getZrHungServicesFactory
12-27 20:08:27.800  2106  5135 I ZrHungServicesFactoryImpl: getZRHungService
12-27 20:08:27.812  2106 30646 I DropBoxManagerService: add tag=system_app_wtf isTagEnabled=true flags=0x2
12-27 20:08:27.816  2106 30646 I ActivityManager: before write dropbox time 1703678907812 eventType is wtf dataFile is false
12-27 20:08:30.076  2106  5135 I PowerManagerService: setPowerHidlValue scene: batt_status, value: 0
12-27 20:08:30.083  2106  5135 I PowerManagerService: setPowerHidlValue ret: 1
12-27 20:08:30.088  2106  5135 I PowerManagerService: getPowerHidlValue scene: vbat
12-27 20:08:30.091  2106  5135 I PowerManagerService: nativeRtGetPowerHidlValue: 3839000
12-27 20:08:30.171  5306  5399 I TrafficStatisticsBoosterPlugin: handleMessage, msg = 2
12-27 20:08:33.172  5306  5399 I TrafficStatisticsBoosterPlugin: handleMessage, msg = 2
12-27 20:08:36.174  5306  5399 I TrafficStatisticsBoosterPlugin: handleMessage, msg = 2
12-27 20:08:38.954  2106  6656 I BatteryService: Processing new values: info={.chargerAcOnline = false, .chargerUsbOnline = true, .chargerWirelessOnline = false, .maxChargingCurrent = 900000, .maxChargingVoltage = 5000000, .batteryStatus = CHARGING, .batteryHealth = GOOD, .batteryPresent = true, .batteryLevel = 47, .batteryVoltage = 3839, .batteryTemperature = 240, .batteryCurrent = 268, .batteryCycleCount = 9, .batteryFullCharge = 3990000, .batteryChargeCounter = 1835400, .batteryTechnology = Unknown}, mBatteryLevelCritical=false, mPlugType=2, batteryStatus=2
12-27 20:08:38.955  2106  6656 E BatteryService: no autopoweroff in settings
12-27 20:08:39.177  5306  5399 I TrafficStatisticsBoosterPlugin: handleMessage, msg = 2
12-27 20:08:39.854  2106 22843 I ActivityManager: appDiedLocked: pid=29893, app=ProcessRecord{bc4b1d 29893:com.huawei.regservice/1001}, fromBinderDied=true, reason=null
12-27 20:08:39.855  2106 22843 I ActivityManager: Process com.huawei.regservice (pid 29893) has died: fg  SVC 
12-27 20:08:39.855  2106  4669 W HwAudioServiceEx: SoundEffectState bundle get reserved is invalid
12-27 20:08:39.855  2106 22843 D ActivityManager: cleanUpApplicationRecord app: 29893:com.huawei.regservice/1001, bad: false, restarting: false, allowRestart: true
12-27 20:08:39.855  2106  4669 I HwAudioServiceEx: sendAppKilledIntentForKit, isKitPackageOnPause = false, isKitPackageKill = false, isKitPackageOnResume = false
12-27 20:08:39.855  2106  2907 I HwPowerManagerService: appdie release wakelock, pid = 29893, uid = 1001
12-27 20:08:42.180  5306  5399 I TrafficStatisticsBoosterPlugin: handleMessage, msg = 2
12-27 20:08:42.751  5306  5306 E BoosterTelephonyCollector: onReceive, event is not valid:2
12-27 20:08:45.182  5306  5399 I TrafficStatisticsBoosterPlugin: handleMessage, msg = 2
12-27 20:08:48.185  5306  5399 I TrafficStatisticsBoosterPlugin: handleMessage, msg = 2
12-27 20:08:49.779  2008  3057 I storaged: storaged_t::event: storage_info refreshed.
12-27 20:08:50.936  2106  5135 I HwDFRServicesFactory: getZrHungServicesFactory
12-27 20:08:50.936  2106  5135 I ZrHungServicesFactoryImpl: getZRHungService
12-27 20:08:50.946  2106 30650 I DropBoxManagerService: add tag=system_app_wtf isTagEnabled=true flags=0x2
12-27 20:08:50.951  2106 30650 I ActivityManager: before write dropbox time 1703678930945 eventType is wtf dataFile is false
12-27 20:08:51.190  5306  5399 I TrafficStatisticsBoosterPlugin: handleMessage, msg = 2
12-27 20:08:54.191  5306  5399 I TrafficStatisticsBoosterPlugin: handleMessage, msg = 2
12-27 20:08:57.196  5306  5399 I TrafficStatisticsBoosterPlugin: handleMessage, msg = 2
12-27 20:08:58.758  5306  5306 E BoosterTelephonyCollector: onReceive, event is not valid:2
12-27 20:08:59.166  2106  5135 I NetworkStats: openSessionForUsageStats, pid = 14856, pkg = com.tencent.mm
12-27 20:08:59.166  2106  5135 I NetworkStats: openSessionInternal, pid = 14856 pkg = com.tencent.mm
12-27 20:08:59.169  2106  5135 I NetworkStats: performPollLocked, pid = 14856
12-27 20:08:59.179  2106  5135 I NetworkStatsCollection: getSummary, uid = 1000stats size = 8
12-27 20:08:59.179  2106  5135 I NetworkStatsCollection: getSummary, uid = 1000stats size = 8
12-27 20:08:59.180  2106  5135 I NetworkStatsCollection: getSummary, uid = 1000stats size = 252
12-27 20:08:59.182  2106  5135 I NetworkStatsCollection: getSummary, uid = 1000stats size = 8
12-27 20:08:59.182  2106  5135 I NetworkStatsCollection: getSummary, uid = 1000stats size = 8
12-27 20:08:59.182  2106  5135 I NetworkStatsCollection: getSummary, uid = 1000stats size = 252
12-27 20:08:59.192  2106  5135 I NetworkStats: getSummaryForAllUid, uid = 10241
12-27 20:08:59.192  2106  5135 I NetworkStatsCollection: getSummary, uid = 10241stats size = 469
12-27 20:08:59.194  2106  4657 I NetworkStats: openSessionForUsageStats, pid = 14856, pkg = com.tencent.mm
12-27 20:08:59.196  2106  4657 I NetworkStats: getSummaryForAllUid, uid = 10241
12-27 20:08:59.196  2106  4657 I NetworkStatsCollection: getSummary, uid = 10241stats size = 469
12-27 20:09:00.004  2106  3146 I AlarmManager: set(listener: 1a26859) : type=3 triggerAtTime=1099325199 win=0 tElapsed=1099325199 maxElapsed=1099325199 interval=0 flags=0x9 at=+59997ms uid=1000 count=50 callingClass=com.android.server.alarm.AlarmManagerService$AlarmThread.run:4854 
12-27 20:09:00.127  2106  5135 I PowerManagerService: getPowerHidlValue scene: vbat
12-27 20:09:00.134  2106  5135 I PowerManagerService: nativeRtGetPowerHidlValue: 3839000
12-27 20:09:00.198  5306  5399 I TrafficStatisticsBoosterPlugin: handleMessage, msg = 2
12-27 20:09:03.198  5306  5399 I TrafficStatisticsBoosterPlugin: handleMessage, msg = 2
12-27 20:09:03.984  2106  5135 I NetworkStats: openSessionForUsageStats, pid = 15232, pkg = com.tencent.mm
12-27 20:09:03.988  2106  5135 I NetworkStats: getSummaryForAllUid, uid = 10241
12-27 20:09:03.988  2106  5135 I NetworkStatsCollection: getSummary, uid = 10241stats size = 469
12-27 20:09:03.991  2106  5135 I NetworkStats: openSessionForUsageStats, pid = 15232, pkg = com.tencent.mm
12-27 20:09:03.993  2106  5135 I NetworkStats: getSummaryForAllUid, uid = 10241
12-27 20:09:03.993  2106  5135 I NetworkStatsCollection: getSummary, uid = 10241stats size = 469
12-27 20:09:06.199  5306  5399 I TrafficStatisticsBoosterPlugin: handleMessage, msg = 2
12-27 20:09:09.200  5306  5399 I TrafficStatisticsBoosterPlugin: handleMessage, msg = 2
12-27 20:09:12.201  5306  5399 I TrafficStatisticsBoosterPlugin: handleMessage, msg = 2
12-27 20:09:14.069  2106  5135 I HwDFRServicesFactory: getZrHungServicesFactory
12-27 20:09:14.069  2106  5135 I ZrHungServicesFactoryImpl: getZRHungService
12-27 20:09:14.078  2106 30652 I DropBoxManagerService: add tag=system_app_wtf isTagEnabled=true flags=0x2
12-27 20:09:14.082  2106 30652 I ActivityManager: before write dropbox time 1703678954078 eventType is wtf dataFile is false
12-27 20:09:14.767  5306  5306 E BoosterTelephonyCollector: onReceive, event is not valid:2
12-27 20:09:15.203  5306  5399 I TrafficStatisticsBoosterPlugin: handleMessage, msg = 2
12-27 20:09:18.205  5306  5399 I TrafficStatisticsBoosterPlugin: handleMessage, msg = 2
12-27 20:09:21.207  5306  5399 I TrafficStatisticsBoosterPlugin: handleMessage, msg = 2
12-27 20:09:24.207  5306  5399 I TrafficStatisticsBoosterPlugin: handleMessage, msg = 2
12-27 20:09:27.210  5306  5399 I TrafficStatisticsBoosterPlugin: handleMessage, msg = 2
12-27 20:09:30.171  2106  5135 I PowerManagerService: setPowerHidlValue scene: batt_status, value: 0
12-27 20:09:30.176  2106  5135 I PowerManagerService: setPowerHidlValue ret: 1
12-27 20:09:30.181  2106  5135 I PowerManagerService: getPowerHidlValue scene: vbat
12-27 20:09:30.185  2106  5135 I PowerManagerService: nativeRtGetPowerHidlValue: 3841000
12-27 20:09:30.211  5306  5399 I TrafficStatisticsBoosterPlugin: handleMessage, msg = 2
12-27 20:09:30.614  2106 11283 I UsageStatsService: User[0] Results: 1
12-27 20:09:30.770  5306  5306 E BoosterTelephonyCollector: onReceive, event is not valid:2
12-27 20:09:33.214  5306  5399 I TrafficStatisticsBoosterPlugin: handleMessage, msg = 2
12-27 20:09:35.680  2106  2930 I HwPowerManagerService: UL_Power Screen timeout occured. mStayOn = false, mProximityPositive = false, mWakeLockSummary = 0x0, mScreenBrightnessBoostInProgress = false
12-27 20:09:35.681  2106  2930 I DisplayPowerController[0]: mPowerState.mScreenChangedReason: 0 mPendingRequestLocked.mScreenChangeReason 0
12-27 20:09:35.681  2106  2930 I HwNormalizedAutomaticBrightnessController: isPowerOnEnable=true,mPowerPolicy=3,policy=2, mPowerState=2,state=2
12-27 20:09:35.682  2106  2930 I DisplayPowerController[0]: set brightness to DIM brightnessState=0.05
12-27 20:09:35.683  2106  2930 I DisplayPowerController[0]: Animating brightness: target=0.05,rate=0.7058824,brightnessTargetReal=13,targetReal=0.05,sdrTarget=0.05,AutoBrightness=true
12-27 20:09:35.689  2106  2930 V DisplayPowerController[0]: Brightness [0.05] reason changing to: 'automatic [ dim ]', previous reason: 'automatic'.
12-27 20:09:35.691  2106  2930 I HwNormalizedRampAnimator: hbm_dimming target=500 rate=180 duration=0.5
12-27 20:09:35.692  2106  2930 I HwNormalizedRampAnimator: hbm_dimming target=500 rate=180 duration=0.5
12-27 20:09:36.182  2106  2930 I DisplayPowerController[0]: mPowerState.mScreenChangedReason: 0 mPendingRequestLocked.mScreenChangeReason 0
12-27 20:09:36.182  2106  2930 I DisplayPowerController[0]: set brightness to DIM brightnessState=0.05
12-27 20:09:36.215  5306  5399 I TrafficStatisticsBoosterPlugin: handleMessage, msg = 2
12-27 20:09:37.185  2106  5135 I HwDFRServicesFactory: getZrHungServicesFactory
12-27 20:09:37.185  2106  5135 I ZrHungServicesFactoryImpl: getZRHungService
12-27 20:09:37.195  2106 30654 I DropBoxManagerService: add tag=system_app_wtf isTagEnabled=true flags=0x2
12-27 20:09:37.198  2106 30654 I ActivityManager: before write dropbox time 1703678977195 eventType is wtf dataFile is false
12-27 20:09:38.954  2106  6656 I BatteryService: Processing new values: info={.chargerAcOnline = false, .chargerUsbOnline = true, .chargerWirelessOnline = false, .maxChargingCurrent = 900000, .maxChargingVoltage = 5000000, .batteryStatus = CHARGING, .batteryHealth = GOOD, .batteryPresent = true, .batteryLevel = 47, .batteryVoltage = 3842, .batteryTemperature = 250, .batteryCurrent = 325, .batteryCycleCount = 9, .batteryFullCharge = 3990000, .batteryChargeCounter = 1835400, .batteryTechnology = Unknown}, mBatteryLevelCritical=false, mPlugType=2, batteryStatus=2
12-27 20:09:38.954  2106  6656 E BatteryService: no autopoweroff in settings
12-27 20:09:39.218  5306  5399 I TrafficStatisticsBoosterPlugin: handleMessage, msg = 2
12-27 20:09:42.219  5306  5399 I TrafficStatisticsBoosterPlugin: handleMessage, msg = 2
12-27 20:09:42.539  2106  4685 I HwAmbientLuxFilterAlgo: updateAmbientLux ambientLux=39.0,ambientLuxLongTime=39.0,lastestLux=39.0
12-27 20:09:42.540  2106  4685 I HwNormalizedAutomaticBrightnessController: need to update brightness: mAmbientLux=39.0,mProximity=-1,mWakeupForFirstAutoBrightness=false
12-27 20:09:42.546  2106  2930 I DisplayPowerController[0]: mPowerState.mScreenChangedReason: 0 mPendingRequestLocked.mScreenChangeReason 0
12-27 20:09:42.547  2106  2930 I DisplayPowerController[0]: set brightness to DIM brightnessState=0.05
12-27 20:09:42.674  2106  2930 I PowerManagerService: shouldNapAtBedTimeLocked: mDreamsActivateOnSleepSetting = false,mDreamsActivateOnDockSetting = true,mDockState = 0
12-27 20:09:42.675  2106  2930 I PowerManagerService: Powering off display group due to timeout (groupId= 0, uid= 1000)...
12-27 20:09:42.675  2106  2930 I PowerManagerService: UL_Power Going to sleep due to timeout (uid 1000)...
12-27 20:09:42.675  2106  2930 I PowerManagerService: Going to sleep due to timeout (uid 1000)...
12-27 20:09:42.682  2106  4723 I HwAodManagerService: sFingerprintType = 1
12-27 20:09:42.682  2106  2930 I DreamManagerService: Entering dreamland.
12-27 20:09:42.683  2106  3149 D HwActivityManagerServiceEx: notifyAppToTop pid:4841, enable:1
12-27 20:09:42.684  2106  2930 I PowerManagerService: Dozing...
12-27 20:09:42.687  2106  2106 I ActivityManager: Killing 29667:com.android.calllogbackup/u0a3 (adj 985): empty for 1817s
12-27 20:09:42.690  2106  2106 I PhoneWindowManager: UL_Power Started going to sleep... (why=OFF_BECAUSE_OF_TIMEOUT)
12-27 20:09:42.696  2106  4690 I DreamController: Starting dream: name=ComponentInfo{com.huawei.aod/com.huawei.aod.doze.DozeService}, isTest=false, canDoze=true, userId=0
12-27 20:09:42.704  2106  2905 I UsageStatsService: Time changed in by -33 seconds
12-27 20:09:42.706  2106  4690 I ActivityManager: power push bindservice callingPkg:android, pkg:com.huawei.aod, callerApp pid:2106, pid:5301
12-27 20:09:42.711  5301  5301 V DreamService[DozeService]: onCreate()
12-27 20:09:42.713  2106  4985 I HwInputMethodManagerService: startInputOrWindowGainedFocus windowToken:android.os.BinderProxy@1ae76c0 mInputShown:false
12-27 20:09:42.713  2106  4985 I HwOcrImeController: updateMultiWindow focus window = com.android.settings/com.android.settings.Settings$DevelopmentSettingsActivity mIsInMultiScreen = false
12-27 20:09:42.713  2106  4985 I HwOcrImeController: updateUser userId = 0 mIsOwnerUser = true
12-27 20:09:42.713  2106  4985 I HwOcrImeController: setOcrImeSupportProp mIsOcrImeValid = true mIsHardKeyboardAvailable = false mIsInMultiScreen = false mIsOwnerUser = true
12-27 20:09:42.713  2106  4985 I HwOcrImeController: setOcrImeSupportProp mIsOcrImeValid = true mIsHardKeyboardAvailable = false mIsInMultiScreen = false mIsOwnerUser = true
12-27 20:09:42.713  2106  4985 I InputMethodShowDelayTask: clearTask
12-27 20:09:42.713  2106  4985 I SecInputMethodManagerService: system force hide sec ime
12-27 20:09:42.713  2106  4985 I SecInputMethodManagerService: Client requesting input be hidden, uid=1000
12-27 20:09:42.713  2106  4985 I SecInputMethodManagerService: hideCurrentInputLocked inputShown:false, imeWindowVis:0
12-27 20:09:42.714  2106  4985 I HwInputMethodManagerService: windowfocus: hide secureIME isNeedWaitShow:false
12-27 20:09:42.714  2106  4985 I InputMethodManagerService: isSecMethodUsing set false
12-27 20:09:42.714  2106  4985 I InputMethodManagerService: startInputOrWindowGainedFocus didStart: isTextEditor=false sameWindowFocused=true doAutoShow=true softInputMode=STATE_UNSPECIFIED|ADJUST_RESIZE
12-27 20:09:42.714  2106 20475 I KeyguardStateMonitor: onPendingLock pendingLock: true
